Archive member included to satisfy reference by file (symbol)

C:/PROGRA~2/Arm GNU Toolchain arm-none-eabi/14.2 rel1/bin/../lib/gcc/arm-none-eabi/14.2.1/thumb/v7-m/nofp\libg.a(libc_a-exit.o)
                              C:/PROGRA~2/Arm GNU Toolchain arm-none-eabi/14.2 rel1/bin/../lib/gcc/arm-none-eabi/14.2.1/thumb/v7-m/nofp/crt0.o (exit)
C:/PROGRA~2/Arm GNU Toolchain arm-none-eabi/14.2 rel1/bin/../lib/gcc/arm-none-eabi/14.2.1/thumb/v7-m/nofp\libg.a(libc_a-findfp.o)
                              C:/PROGRA~2/Arm GNU Toolchain arm-none-eabi/14.2 rel1/bin/../lib/gcc/arm-none-eabi/14.2.1/thumb/v7-m/nofp\libg.a(libc_a-exit.o) (__stdio_exit_handler)
C:/PROGRA~2/Arm GNU Toolchain arm-none-eabi/14.2 rel1/bin/../lib/gcc/arm-none-eabi/14.2.1/thumb/v7-m/nofp\libg.a(libc_a-fwalk.o)
                              C:/PROGRA~2/Arm GNU Toolchain arm-none-eabi/14.2 rel1/bin/../lib/gcc/arm-none-eabi/14.2.1/thumb/v7-m/nofp\libg.a(libc_a-findfp.o) (_fwalk_sglue)
C:/PROGRA~2/Arm GNU Toolchain arm-none-eabi/14.2 rel1/bin/../lib/gcc/arm-none-eabi/14.2.1/thumb/v7-m/nofp\libg.a(libc_a-stdio.o)
                              C:/PROGRA~2/Arm GNU Toolchain arm-none-eabi/14.2 rel1/bin/../lib/gcc/arm-none-eabi/14.2.1/thumb/v7-m/nofp\libg.a(libc_a-findfp.o) (__sread)
C:/PROGRA~2/Arm GNU Toolchain arm-none-eabi/14.2 rel1/bin/../lib/gcc/arm-none-eabi/14.2.1/thumb/v7-m/nofp\libg.a(libc_a-memset.o)
                              C:/PROGRA~2/Arm GNU Toolchain arm-none-eabi/14.2 rel1/bin/../lib/gcc/arm-none-eabi/14.2.1/thumb/v7-m/nofp/crt0.o (memset)
C:/PROGRA~2/Arm GNU Toolchain arm-none-eabi/14.2 rel1/bin/../lib/gcc/arm-none-eabi/14.2.1/thumb/v7-m/nofp\libg.a(libc_a-closer.o)
                              C:/PROGRA~2/Arm GNU Toolchain arm-none-eabi/14.2 rel1/bin/../lib/gcc/arm-none-eabi/14.2.1/thumb/v7-m/nofp\libg.a(libc_a-stdio.o) (_close_r)
C:/PROGRA~2/Arm GNU Toolchain arm-none-eabi/14.2 rel1/bin/../lib/gcc/arm-none-eabi/14.2.1/thumb/v7-m/nofp\libg.a(libc_a-reent.o)
                              C:/PROGRA~2/Arm GNU Toolchain arm-none-eabi/14.2 rel1/bin/../lib/gcc/arm-none-eabi/14.2.1/thumb/v7-m/nofp\libg.a(libc_a-closer.o) (errno)
C:/PROGRA~2/Arm GNU Toolchain arm-none-eabi/14.2 rel1/bin/../lib/gcc/arm-none-eabi/14.2.1/thumb/v7-m/nofp\libg.a(libc_a-impure.o)
                              C:/PROGRA~2/Arm GNU Toolchain arm-none-eabi/14.2 rel1/bin/../lib/gcc/arm-none-eabi/14.2.1/thumb/v7-m/nofp\libg.a(libc_a-reent.o) (_impure_ptr)
C:/PROGRA~2/Arm GNU Toolchain arm-none-eabi/14.2 rel1/bin/../lib/gcc/arm-none-eabi/14.2.1/thumb/v7-m/nofp\libg.a(libc_a-lseekr.o)
                              C:/PROGRA~2/Arm GNU Toolchain arm-none-eabi/14.2 rel1/bin/../lib/gcc/arm-none-eabi/14.2.1/thumb/v7-m/nofp\libg.a(libc_a-stdio.o) (_lseek_r)
C:/PROGRA~2/Arm GNU Toolchain arm-none-eabi/14.2 rel1/bin/../lib/gcc/arm-none-eabi/14.2.1/thumb/v7-m/nofp\libg.a(libc_a-readr.o)
                              C:/PROGRA~2/Arm GNU Toolchain arm-none-eabi/14.2 rel1/bin/../lib/gcc/arm-none-eabi/14.2.1/thumb/v7-m/nofp\libg.a(libc_a-stdio.o) (_read_r)
C:/PROGRA~2/Arm GNU Toolchain arm-none-eabi/14.2 rel1/bin/../lib/gcc/arm-none-eabi/14.2.1/thumb/v7-m/nofp\libg.a(libc_a-writer.o)
                              C:/PROGRA~2/Arm GNU Toolchain arm-none-eabi/14.2 rel1/bin/../lib/gcc/arm-none-eabi/14.2.1/thumb/v7-m/nofp\libg.a(libc_a-stdio.o) (_write_r)
C:/PROGRA~2/Arm GNU Toolchain arm-none-eabi/14.2 rel1/bin/../lib/gcc/arm-none-eabi/14.2.1/thumb/v7-m/nofp\libg.a(libc_a-errno.o)
                              CMakeFiles/ds.elf.dir/Core/Src/syscalls.c.obj (__errno)
C:/PROGRA~2/Arm GNU Toolchain arm-none-eabi/14.2 rel1/bin/../lib/gcc/arm-none-eabi/14.2.1/thumb/v7-m/nofp\libg.a(libc_a-init.o)
                              C:/PROGRA~2/Arm GNU Toolchain arm-none-eabi/14.2 rel1/bin/../lib/gcc/arm-none-eabi/14.2.1/thumb/v7-m/nofp/crt0.o (__libc_init_array)
C:/PROGRA~2/Arm GNU Toolchain arm-none-eabi/14.2 rel1/bin/../lib/gcc/arm-none-eabi/14.2.1/thumb/v7-m/nofp\libg.a(libc_a-lock.o)
                              C:/PROGRA~2/Arm GNU Toolchain arm-none-eabi/14.2 rel1/bin/../lib/gcc/arm-none-eabi/14.2.1/thumb/v7-m/nofp\libg.a(libc_a-findfp.o) (__retarget_lock_init_recursive)
C:/PROGRA~2/Arm GNU Toolchain arm-none-eabi/14.2 rel1/bin/../lib/gcc/arm-none-eabi/14.2.1/thumb/v7-m/nofp\libg.a(libc_a-strlen-stub.o)
                              CMakeFiles/ds.elf.dir/Core/Src/main.c.obj (strlen)
C:/PROGRA~2/Arm GNU Toolchain arm-none-eabi/14.2 rel1/bin/../lib/gcc/arm-none-eabi/14.2.1/thumb/v7-m/nofp\libg.a(libc_a-__call_atexit.o)
                              C:/PROGRA~2/Arm GNU Toolchain arm-none-eabi/14.2 rel1/bin/../lib/gcc/arm-none-eabi/14.2.1/thumb/v7-m/nofp\libg.a(libc_a-exit.o) (__call_exitprocs)
C:/PROGRA~2/Arm GNU Toolchain arm-none-eabi/14.2 rel1/bin/../lib/gcc/arm-none-eabi/14.2.1/thumb/v7-m/nofp\libg.a(libc_a-atexit.o)
                              C:/PROGRA~2/Arm GNU Toolchain arm-none-eabi/14.2 rel1/bin/../lib/gcc/arm-none-eabi/14.2.1/thumb/v7-m/nofp\libg.a(libc_a-__call_atexit.o) (atexit)
[...]
Memory Configuration

Name             Origin             Length             Attributes
RAM              0x20000000         0x00005000         xrw
FLASH            0x08000000         0x00010000         xr
*default*        0x00000000         0xffffffff

Linker script and memory map

LOAD C:/PROGRA~2/Arm GNU Toolchain arm-none-eabi/14.2 rel1/bin/../lib/gcc/arm-none-eabi/14.2.1/thumb/v7-m/nofp/crti.o
LOAD C:/PROGRA~2/Arm GNU Toolchain arm-none-eabi/14.2 rel1/bin/../lib/gcc/arm-none-eabi/14.2.1/thumb/v7-m/nofp/crtbegin.o
LOAD C:/PROGRA~2/Arm GNU Toolchain arm-none-eabi/14.2 rel1/bin/../lib/gcc/arm-none-eabi/14.2.1/thumb/v7-m/nofp/crt0.o
LOAD CMakeFiles/ds.elf.dir/Core/Src/gpio.c.obj
LOAD CMakeFiles/ds.elf.dir/Core/Src/main.c.obj
LOAD CMakeFiles/ds.elf.dir/Core/Src/stm32f1xx_hal_msp.c.obj
LOAD CMakeFiles/ds.elf.dir/Core/Src/stm32f1xx_it.c.obj
LOAD CMakeFiles/ds.elf.dir/Core/Src/syscalls.c.obj
LOAD CMakeFiles/ds.elf.dir/Core/Src/sysmem.c.obj
LOAD CMakeFiles/ds.elf.dir/Core/Src/system_stm32f1xx.c.obj
LOAD CMakeFiles/ds.elf.dir/Core/Src/tim.c.obj
LOAD CMakeFiles/ds.elf.dir/Core/Src/usart.c.obj
LOAD CMakeFiles/ds.elf.dir/Core/Startup/startup_stm32f103c8tx.s.obj
LOAD CMakeFiles/ds.elf.dir/Drivers/STM32F1xx_HAL_Driver/Src/stm32f1xx_hal.c.obj
LOAD CMakeFiles/ds.elf.dir/Drivers/STM32F1xx_HAL_Driver/Src/stm32f1xx_hal_cortex.c.obj
LOAD CMakeFiles/ds.elf.dir/Drivers/STM32F1xx_HAL_Driver/Src/stm32f1xx_hal_dma.c.obj
LOAD CMakeFiles/ds.elf.dir/Drivers/STM32F1xx_HAL_Driver/Src/stm32f1xx_hal_exti.c.obj
LOAD CMakeFiles/ds.elf.dir/Drivers/STM32F1xx_HAL_Driver/Src/stm32f1xx_hal_flash.c.obj
LOAD CMakeFiles/ds.elf.dir/Drivers/STM32F1xx_HAL_Driver/Src/stm32f1xx_hal_flash_ex.c.obj
LOAD CMakeFiles/ds.elf.dir/Drivers/STM32F1xx_HAL_Driver/Src/stm32f1xx_hal_gpio.c.obj
LOAD CMakeFiles/ds.elf.dir/Drivers/STM32F1xx_HAL_Driver/Src/stm32f1xx_hal_gpio_ex.c.obj
LOAD CMakeFiles/ds.elf.dir/Drivers/STM32F1xx_HAL_Driver/Src/stm32f1xx_hal_pwr.c.obj
LOAD CMakeFiles/ds.elf.dir/Drivers/STM32F1xx_HAL_Driver/Src/stm32f1xx_hal_rcc.c.obj
LOAD CMakeFiles/ds.elf.dir/Drivers/STM32F1xx_HAL_Driver/Src/stm32f1xx_hal_rcc_ex.c.obj
LOAD CMakeFiles/ds.elf.dir/Drivers/STM32F1xx_HAL_Driver/Src/stm32f1xx_hal_tim.c.obj
LOAD CMakeFiles/ds.elf.dir/Drivers/STM32F1xx_HAL_Driver/Src/stm32f1xx_hal_tim_ex.c.obj
LOAD CMakeFiles/ds.elf.dir/Drivers/STM32F1xx_HAL_Driver/Src/stm32f1xx_hal_uart.c.obj
START GROUP
LOAD C:/PROGRA~2/Arm GNU Toolchain arm-none-eabi/14.2 rel1/bin/../lib/gcc/arm-none-eabi/14.2.1/thumb/v7-m/nofp\libgcc.a
LOAD C:/PROGRA~2/Arm GNU Toolchain arm-none-eabi/14.2 rel1/bin/../lib/gcc/arm-none-eabi/14.2.1/thumb/v7-m/nofp\libg.a
LOAD C:/PROGRA~2/Arm GNU Toolchain arm-none-eabi/14.2 rel1/bin/../lib/gcc/arm-none-eabi/14.2.1/thumb/v7-m/nofp\libc.a
END GROUP
LOAD C:/PROGRA~2/Arm GNU Toolchain arm-none-eabi/14.2 rel1/bin/../lib/gcc/arm-none-eabi/14.2.1/thumb/v7-m/nofp/crtend.o
LOAD C:/PROGRA~2/Arm GNU Toolchain arm-none-eabi/14.2 rel1/bin/../lib/gcc/arm-none-eabi/14.2.1/thumb/v7-m/nofp/crtn.o
                0x20005000                        _estack = (ORIGIN (RAM) + LENGTH (RAM))
                0x00000200                        _Min_Heap_Size = 0x200
                0x00000400                        _Min_Stack_Size = 0x400

.isr_vector     0x08000000      0x10c
                0x08000000                        . = ALIGN (0x4)
 *(.isr_vector)
 .isr_vector    0x08000000      0x10c CMakeFiles/ds.elf.dir/Core/Startup/startup_stm32f103c8tx.s.obj
                0x08000000                g_pfnVectors
                0x0800010c                        . = ALIGN (0x4)

.text           0x0800010c     0x1de4
                0x0800010c                        . = ALIGN (0x4)
 *(.text)
 *(.text*)
 .text.deregister_tm_clones
                0x0800010c       0x1c C:/PROGRA~2/Arm GNU Toolchain arm-none-eabi/14.2 rel1/bin/../lib/gcc/arm-none-eabi/14.2.1/thumb/v7-m/nofp/crtbegin.o
 .text.register_tm_clones
                0x08000128       0x24 C:/PROGRA~2/Arm GNU Toolchain arm-none-eabi/14.2 rel1/bin/../lib/gcc/arm-none-eabi/14.2.1/thumb/v7-m/nofp/crtbegin.o
 .text.__do_global_dtors_aux
                0x0800014c       0x28 C:/PROGRA~2/Arm GNU Toolchain arm-none-eabi/14.2 rel1/bin/../lib/gcc/arm-none-eabi/14.2.1/thumb/v7-m/nofp/crtbegin.o
 .text.frame_dummy
                0x08000174       0x24 C:/PROGRA~2/Arm GNU Toolchain arm-none-eabi/14.2 rel1/bin/../lib/gcc/arm-none-eabi/14.2.1/thumb/v7-m/nofp/crtbegin.o
 .text.MX_GPIO_Init
                0x08000198       0x7c CMakeFiles/ds.elf.dir/Core/Src/gpio.c.obj
                0x08000198                MX_GPIO_Init
 .text.HAL_UARTEx_RxEventCallback
                0x08000214       0x38 CMakeFiles/ds.elf.dir/Core/Src/main.c.obj
                0x08000214                HAL_UARTEx_RxEventCallback
 .text.Error_Handler
                0x0800024c        0x4 CMakeFiles/ds.elf.dir/Core/Src/main.c.obj
                0x0800024c                Error_Handler
 .text.SystemClock_Config
                0x08000250       0x64 CMakeFiles/ds.elf.dir/Core/Src/main.c.obj
                0x08000250                SystemClock_Config
 .text.main     0x080002b4       0x2c CMakeFiles/ds.elf.dir/Core/Src/main.c.obj
                0x080002b4                main
 .text.HAL_MspInit
                0x080002e0       0x44 CMakeFiles/ds.elf.dir/Core/Src/stm32f1xx_hal_msp.c.obj
                0x080002e0                HAL_MspInit
 .text.NMI_Handler
                0x08000324        0x2 CMakeFiles/ds.elf.dir/Core/Src/stm32f1xx_it.c.obj
                0x08000324                NMI_Handler
 .text.HardFault_Handler
                0x08000326        0x2 CMakeFiles/ds.elf.dir/Core/Src/stm32f1xx_it.c.obj
                0x08000326                HardFault_Handler
 .text.MemManage_Handler
                0x08000328        0x2 CMakeFiles/ds.elf.dir/Core/Src/stm32f1xx_it.c.obj
                0x08000328                MemManage_Handler
 .text.BusFault_Handler
                0x0800032a        0x2 CMakeFiles/ds.elf.dir/Core/Src/stm32f1xx_it.c.obj
                0x0800032a                BusFault_Handler
 .text.UsageFault_Handler
                0x0800032c        0x2 CMakeFiles/ds.elf.dir/Core/Src/stm32f1xx_it.c.obj
                0x0800032c                UsageFault_Handler
 .text.SVC_Handler
                0x0800032e        0x2 CMakeFiles/ds.elf.dir/Core/Src/stm32f1xx_it.c.obj
                0x0800032e                SVC_Handler
 .text.DebugMon_Handler
                0x08000330        0x2 CMakeFiles/ds.elf.dir/Core/Src/stm32f1xx_it.c.obj
                0x08000330                DebugMon_Handler
 .text.PendSV_Handler
                0x08000332        0x2 CMakeFiles/ds.elf.dir/Core/Src/stm32f1xx_it.c.obj
                0x08000332                PendSV_Handler
 .text.SysTick_Handler
                0x08000334        0x8 CMakeFiles/ds.elf.dir/Core/Src/stm32f1xx_it.c.obj
                0x08000334                SysTick_Handler
 .text.TIM1_CC_IRQHandler
                0x0800033c       0x10 CMakeFiles/ds.elf.dir/Core/Src/stm32f1xx_it.c.obj
                0x0800033c                TIM1_CC_IRQHandler
 .text.USART3_IRQHandler
                0x0800034c       0x10 CMakeFiles/ds.elf.dir/Core/Src/stm32f1xx_it.c.obj
                0x0800034c                USART3_IRQHandler
 .text.SystemInit
                0x0800035c        0x2 CMakeFiles/ds.elf.dir/Core/Src/system_stm32f1xx.c.obj
                0x0800035c                SystemInit
 *fill*         0x0800035e        0x2 
 .text.MX_TIM1_Init
                0x08000360       0xbc CMakeFiles/ds.elf.dir/Core/Src/tim.c.obj
                0x08000360                MX_TIM1_Init
 .text.HAL_TIM_Base_MspInit
                0x0800041c       0x6c CMakeFiles/ds.elf.dir/Core/Src/tim.c.obj
                0x0800041c                HAL_TIM_Base_MspInit
 .text.MX_USART3_UART_Init
                0x08000488       0x34 CMakeFiles/ds.elf.dir/Core/Src/usart.c.obj
                0x08000488                MX_USART3_UART_Init
 .text.HAL_UART_MspInit
                0x080004bc       0x8c CMakeFiles/ds.elf.dir/Core/Src/usart.c.obj
                0x080004bc                HAL_UART_MspInit
 .text.Reset_Handler
                0x08000548       0x48 CMakeFiles/ds.elf.dir/Core/Startup/startup_stm32f103c8tx.s.obj
                0x08000548                Reset_Handler
 .text.Default_Handler
                0x08000590        0x2 CMakeFiles/ds.elf.dir/Core/Startup/startup_stm32f103c8tx.s.obj
                0x08000590                RTC_Alarm_IRQHandler
                0x08000590                EXTI2_IRQHandler
                0x08000590                PVD_IRQHandler
                0x08000590                EXTI3_IRQHandler
                0x08000590                EXTI0_IRQHandler
                0x08000590                I2C2_EV_IRQHandler
                0x08000590                ADC1_2_IRQHandler
                0x08000590                SPI1_IRQHandler
                0x08000590                TAMPER_IRQHandler
                0x08000590                DMA1_Channel4_IRQHandler
                0x08000590                RTC_IRQHandler
                0x08000590                DMA1_Channel7_IRQHandler
                0x08000590                CAN1_RX1_IRQHandler
                0x08000590                TIM4_IRQHandler
                0x08000590                I2C1_EV_IRQHandler
                0x08000590                DMA1_Channel6_IRQHandler
                0x08000590                TIM3_IRQHandler
                0x08000590                RCC_IRQHandler
                0x08000590                TIM1_TRG_COM_IRQHandler
                0x08000590                DMA1_Channel1_IRQHandler
                0x08000590                Default_Handler
                0x08000590                EXTI15_10_IRQHandler
                0x08000590                EXTI9_5_IRQHandler
                0x08000590                SPI2_IRQHandler
                0x08000590                DMA1_Channel5_IRQHandler
                0x08000590                EXTI4_IRQHandler
                0x08000590                USB_LP_CAN1_RX0_IRQHandler
                0x08000590                USB_HP_CAN1_TX_IRQHandler
                0x08000590                DMA1_Channel3_IRQHandler
                0x08000590                TIM1_UP_IRQHandler
                0x08000590                WWDG_IRQHandler
                0x08000590                TIM2_IRQHandler
                0x08000590                TIM1_BRK_IRQHandler
                0x08000590                EXTI1_IRQHandler
                0x08000590                USART2_IRQHandler
                0x08000590                I2C2_ER_IRQHandler
                0x08000590                DMA1_Channel2_IRQHandler
                0x08000590                CAN1_SCE_IRQHandler
                0x08000590                FLASH_IRQHandler
                0x08000590                USART1_IRQHandler
                0x08000590                I2C1_ER_IRQHandler
                0x08000590                USBWakeUp_IRQHandler
 *fill*         0x08000592        0x2 
 .text.HAL_InitTick
                0x08000594       0x4c CMakeFiles/ds.elf.dir/Drivers/STM32F1xx_HAL_Driver/Src/stm32f1xx_hal.c.obj
                0x08000594                HAL_InitTick
 .text.HAL_Init
                0x080005e0       0x24 CMakeFiles/ds.elf.dir/Drivers/STM32F1xx_HAL_Driver/Src/stm32f1xx_hal.c.obj
                0x080005e0                HAL_Init
 .text.HAL_IncTick
                0x08000604       0x18 CMakeFiles/ds.elf.dir/Drivers/STM32F1xx_HAL_Driver/Src/stm32f1xx_hal.c.obj
                0x08000604                HAL_IncTick
 .text.HAL_GetTick
                0x0800061c        0xc CMakeFiles/ds.elf.dir/Drivers/STM32F1xx_HAL_Driver/Src/stm32f1xx_hal.c.obj
                0x0800061c                HAL_GetTick
 .text.__NVIC_SetPriority
                0x08000628       0x28 CMakeFiles/ds.elf.dir/Drivers/STM32F1xx_HAL_Driver/Src/stm32f1xx_hal_cortex.c.obj
 .text.NVIC_EncodePriority
                0x08000650       0x3e CMakeFiles/ds.elf.dir/Drivers/STM32F1xx_HAL_Driver/Src/stm32f1xx_hal_cortex.c.obj
 *fill*         0x0800068e        0x2 
 .text.HAL_NVIC_SetPriorityGrouping
                0x08000690       0x24 CMakeFiles/ds.elf.dir/Drivers/STM32F1xx_HAL_Driver/Src/stm32f1xx_hal_cortex.c.obj
                0x08000690                HAL_NVIC_SetPriorityGrouping
 .text.HAL_NVIC_SetPriority
                0x080006b4       0x20 CMakeFiles/ds.elf.dir/Drivers/STM32F1xx_HAL_Driver/Src/stm32f1xx_hal_cortex.c.obj
                0x080006b4                HAL_NVIC_SetPriority
 .text.HAL_NVIC_EnableIRQ
                0x080006d4       0x1c CMakeFiles/ds.elf.dir/Drivers/STM32F1xx_HAL_Driver/Src/stm32f1xx_hal_cortex.c.obj
                0x080006d4                HAL_NVIC_EnableIRQ
 .text.HAL_SYSTICK_Config
                0x080006f0       0x28 CMakeFiles/ds.elf.dir/Drivers/STM32F1xx_HAL_Driver/Src/stm32f1xx_hal_cortex.c.obj
                0x080006f0                HAL_SYSTICK_Config
 .text.HAL_DMA_Abort
                0x08000718       0x44 CMakeFiles/ds.elf.dir/Drivers/STM32F1xx_HAL_Driver/Src/stm32f1xx_hal_dma.c.obj
                0x08000718                HAL_DMA_Abort
 .text.HAL_DMA_Abort_IT
                0x0800075c       0x98 CMakeFiles/ds.elf.dir/Drivers/STM32F1xx_HAL_Driver/Src/stm32f1xx_hal_dma.c.obj
                0x0800075c                HAL_DMA_Abort_IT
 .text.HAL_GPIO_Init
                0x080007f4      0x214 CMakeFiles/ds.elf.dir/Drivers/STM32F1xx_HAL_Driver/Src/stm32f1xx_hal_gpio.c.obj
                0x080007f4                HAL_GPIO_Init
 .text.HAL_GPIO_WritePin
                0x08000a08        0xc CMakeFiles/ds.elf.dir/Drivers/STM32F1xx_HAL_Driver/Src/stm32f1xx_hal_gpio.c.obj
                0x08000a08                HAL_GPIO_WritePin
 .text.RCC_Delay
                0x08000a14       0x2c CMakeFiles/ds.elf.dir/Drivers/STM32F1xx_HAL_Driver/Src/stm32f1xx_hal_rcc.c.obj
 .text.HAL_RCC_OscConfig
                0x08000a40      0x410 CMakeFiles/ds.elf.dir/Drivers/STM32F1xx_HAL_Driver/Src/stm32f1xx_hal_rcc.c.obj
                0x08000a40                HAL_RCC_OscConfig
 .text.HAL_RCC_GetSysClockFreq
                0x08000e50       0x54 CMakeFiles/ds.elf.dir/Drivers/STM32F1xx_HAL_Driver/Src/stm32f1xx_hal_rcc.c.obj
                0x08000e50                HAL_RCC_GetSysClockFreq
 .text.HAL_RCC_ClockConfig
                0x08000ea4      0x16c CMakeFiles/ds.elf.dir/Drivers/STM32F1xx_HAL_Driver/Src/stm32f1xx_hal_rcc.c.obj
                0x08000ea4                HAL_RCC_ClockConfig
 .text.HAL_RCC_GetHCLKFreq
                0x08001010        0xc CMakeFiles/ds.elf.dir/Drivers/STM32F1xx_HAL_Driver/Src/stm32f1xx_hal_rcc.c.obj
                0x08001010                HAL_RCC_GetHCLKFreq
 .text.HAL_RCC_GetPCLK1Freq
                0x0800101c       0x20 CMakeFiles/ds.elf.dir/Drivers/STM32F1xx_HAL_Driver/Src/stm32f1xx_hal_rcc.c.obj
                0x0800101c                HAL_RCC_GetPCLK1Freq
 .text.HAL_RCC_GetPCLK2Freq
                0x0800103c       0x20 CMakeFiles/ds.elf.dir/Drivers/STM32F1xx_HAL_Driver/Src/stm32f1xx_hal_rcc.c.obj
                0x0800103c                HAL_RCC_GetPCLK2Freq
 .text.TIM_TI1_ConfigInputStage
                0x0800105c       0x24 CMakeFiles/ds.elf.dir/Drivers/STM32F1xx_HAL_Driver/Src/stm32f1xx_hal_tim.c.obj
 .text.TIM_TI2_SetConfig
                0x08001080       0x36 CMakeFiles/ds.elf.dir/Drivers/STM32F1xx_HAL_Driver/Src/stm32f1xx_hal_tim.c.obj
 .text.TIM_TI2_ConfigInputStage
                0x080010b6       0x26 CMakeFiles/ds.elf.dir/Drivers/STM32F1xx_HAL_Driver/Src/stm32f1xx_hal_tim.c.obj
 .text.TIM_TI3_SetConfig
                0x080010dc       0x36 CMakeFiles/ds.elf.dir/Drivers/STM32F1xx_HAL_Driver/Src/stm32f1xx_hal_tim.c.obj
 .text.TIM_TI4_SetConfig
                0x08001112       0x36 CMakeFiles/ds.elf.dir/Drivers/STM32F1xx_HAL_Driver/Src/stm32f1xx_hal_tim.c.obj
 .text.TIM_ITRx_SetConfig
                0x08001148       0x10 CMakeFiles/ds.elf.dir/Drivers/STM32F1xx_HAL_Driver/Src/stm32f1xx_hal_tim.c.obj
 .text.HAL_TIM_IC_MspInit
                0x08001158        0x2 CMakeFiles/ds.elf.dir/Drivers/STM32F1xx_HAL_Driver/Src/stm32f1xx_hal_tim.c.obj
                0x08001158                HAL_TIM_IC_MspInit
 .text.HAL_TIM_PeriodElapsedCallback
                0x0800115a        0x2 CMakeFiles/ds.elf.dir/Drivers/STM32F1xx_HAL_Driver/Src/stm32f1xx_hal_tim.c.obj
                0x0800115a                HAL_TIM_PeriodElapsedCallback
 .text.HAL_TIM_OC_DelayElapsedCallback
                0x0800115c        0x2 CMakeFiles/ds.elf.dir/Drivers/STM32F1xx_HAL_Driver/Src/stm32f1xx_hal_tim.c.obj
                0x0800115c                HAL_TIM_OC_DelayElapsedCallback
 .text.HAL_TIM_IC_CaptureCallback
                0x0800115e        0x2 CMakeFiles/ds.elf.dir/Drivers/STM32F1xx_HAL_Driver/Src/stm32f1xx_hal_tim.c.obj
                0x0800115e                HAL_TIM_IC_CaptureCallback
 .text.HAL_TIM_PWM_PulseFinishedCallback
                0x08001160        0x2 CMakeFiles/ds.elf.dir/Drivers/STM32F1xx_HAL_Driver/Src/stm32f1xx_hal_tim.c.obj
                0x08001160                HAL_TIM_PWM_PulseFinishedCallback
 .text.HAL_TIM_TriggerCallback
                0x08001162        0x2 CMakeFiles/ds.elf.dir/Drivers/STM32F1xx_HAL_Driver/Src/stm32f1xx_hal_tim.c.obj
                0x08001162                HAL_TIM_TriggerCallback
 .text.HAL_TIM_IRQHandler
                0x08001164      0x15e CMakeFiles/ds.elf.dir/Drivers/STM32F1xx_HAL_Driver/Src/stm32f1xx_hal_tim.c.obj
                0x08001164                HAL_TIM_IRQHandler
 *fill*         0x080012c2        0x2 
 .text.TIM_Base_SetConfig
                0x080012c4       0x84 CMakeFiles/ds.elf.dir/Drivers/STM32F1xx_HAL_Driver/Src/stm32f1xx_hal_tim.c.obj
                0x080012c4                TIM_Base_SetConfig
 .text.HAL_TIM_Base_Init
                0x08001348       0x58 CMakeFiles/ds.elf.dir/Drivers/STM32F1xx_HAL_Driver/Src/stm32f1xx_hal_tim.c.obj
                0x08001348                HAL_TIM_Base_Init
 .text.HAL_TIM_IC_Init
                0x080013a0       0x58 CMakeFiles/ds.elf.dir/Drivers/STM32F1xx_HAL_Driver/Src/stm32f1xx_hal_tim.c.obj
                0x080013a0                HAL_TIM_IC_Init
 .text.TIM_TI1_SetConfig
                0x080013f8       0x58 CMakeFiles/ds.elf.dir/Drivers/STM32F1xx_HAL_Driver/Src/stm32f1xx_hal_tim.c.obj
                0x080013f8                TIM_TI1_SetConfig
 .text.HAL_TIM_IC_ConfigChannel
                0x08001450       0xcc CMakeFiles/ds.elf.dir/Drivers/STM32F1xx_HAL_Driver/Src/stm32f1xx_hal_tim.c.obj
                0x08001450                HAL_TIM_IC_ConfigChannel
 .text.TIM_ETR_SetConfig
                0x0800151c       0x18 CMakeFiles/ds.elf.dir/Drivers/STM32F1xx_HAL_Driver/Src/stm32f1xx_hal_tim.c.obj
                0x0800151c                TIM_ETR_SetConfig
 .text.HAL_TIM_ConfigClockSource
                0x08001534       0xfe CMakeFiles/ds.elf.dir/Drivers/STM32F1xx_HAL_Driver/Src/stm32f1xx_hal_tim.c.obj
                0x08001534                HAL_TIM_ConfigClockSource
 *fill*         0x08001632        0x2 
 .text.HAL_TIMEx_MasterConfigSynchronization
                0x08001634       0x6c CMakeFiles/ds.elf.dir/Drivers/STM32F1xx_HAL_Driver/Src/stm32f1xx_hal_tim_ex.c.obj
                0x08001634                HAL_TIMEx_MasterConfigSynchronization
 .text.HAL_TIMEx_CommutCallback
                0x080016a0        0x2 CMakeFiles/ds.elf.dir/Drivers/STM32F1xx_HAL_Driver/Src/stm32f1xx_hal_tim_ex.c.obj
                0x080016a0                HAL_TIMEx_CommutCallback
 .text.HAL_TIMEx_BreakCallback
                0x080016a2        0x2 CMakeFiles/ds.elf.dir/Drivers/STM32F1xx_HAL_Driver/Src/stm32f1xx_hal_tim_ex.c.obj
                0x080016a2                HAL_TIMEx_BreakCallback
 .text.UART_EndRxTransfer
                0x080016a4       0x5c CMakeFiles/ds.elf.dir/Drivers/STM32F1xx_HAL_Driver/Src/stm32f1xx_hal_uart.c.obj
 .text.UART_Transmit_IT
                0x08001700       0x5e CMakeFiles/ds.elf.dir/Drivers/STM32F1xx_HAL_Driver/Src/stm32f1xx_hal_uart.c.obj
 *fill*         0x0800175e        0x2 
 .text.UART_SetConfig
                0x08001760       0x94 CMakeFiles/ds.elf.dir/Drivers/STM32F1xx_HAL_Driver/Src/stm32f1xx_hal_uart.c.obj
 .text.HAL_UART_Init
                0x080017f4       0x60 CMakeFiles/ds.elf.dir/Drivers/STM32F1xx_HAL_Driver/Src/stm32f1xx_hal_uart.c.obj
                0x080017f4                HAL_UART_Init
 .text.HAL_UART_Transmit_IT
                0x08001854       0x36 CMakeFiles/ds.elf.dir/Drivers/STM32F1xx_HAL_Driver/Src/stm32f1xx_hal_uart.c.obj
                0x08001854                HAL_UART_Transmit_IT
 .text.HAL_UART_TxCpltCallback
                0x0800188a        0x2 CMakeFiles/ds.elf.dir/Drivers/STM32F1xx_HAL_Driver/Src/stm32f1xx_hal_uart.c.obj
                0x0800188a                HAL_UART_TxCpltCallback
 .text.UART_EndTransmit_IT
                0x0800188c       0x1a CMakeFiles/ds.elf.dir/Drivers/STM32F1xx_HAL_Driver/Src/stm32f1xx_hal_uart.c.obj
 .text.HAL_UART_RxCpltCallback
                0x080018a6        0x2 CMakeFiles/ds.elf.dir/Drivers/STM32F1xx_HAL_Driver/Src/stm32f1xx_hal_uart.c.obj
                0x080018a6                HAL_UART_RxCpltCallback
 .text.HAL_UART_ErrorCallback
                0x080018a8        0x2 CMakeFiles/ds.elf.dir/Drivers/STM32F1xx_HAL_Driver/Src/stm32f1xx_hal_uart.c.obj
                0x080018a8                HAL_UART_ErrorCallback
 .text.UART_DMAAbortOnError
                0x080018aa       0x10 CMakeFiles/ds.elf.dir/Drivers/STM32F1xx_HAL_Driver/Src/stm32f1xx_hal_uart.c.obj
 .text.UART_Receive_IT
                0x080018ba       0xe4 CMakeFiles/ds.elf.dir/Drivers/STM32F1xx_HAL_Driver/Src/stm32f1xx_hal_uart.c.obj
 *fill*         0x0800199e        0x2 
 .text.HAL_UART_IRQHandler
                0x080019a0      0x284 CMakeFiles/ds.elf.dir/Drivers/STM32F1xx_HAL_Driver/Src/stm32f1xx_hal_uart.c.obj
                0x080019a0                HAL_UART_IRQHandler
 .text.UART_Start_Receive_IT
                0x08001c24       0x36 CMakeFiles/ds.elf.dir/Drivers/STM32F1xx_HAL_Driver/Src/stm32f1xx_hal_uart.c.obj
                0x08001c24                UART_Start_Receive_IT
 .text.HAL_UARTEx_ReceiveToIdle_IT
                0x08001c5a       0x64 CMakeFiles/ds.elf.dir/Drivers/STM32F1xx_HAL_Driver/Src/stm32f1xx_hal_uart.c.obj
                0x08001c5a                HAL_UARTEx_ReceiveToIdle_IT
 *fill*         0x08001cbe        0x2 
 .text.memset   0x08001cc0       0x9c C:/PROGRA~2/Arm GNU Toolchain arm-none-eabi/14.2 rel1/bin/../lib/gcc/arm-none-eabi/14.2.1/thumb/v7-m/nofp\libg.a(libc_a-memset.o)
                0x08001cc0                memset
 .text.__libc_init_array
                0x08001d5c       0x50 C:/PROGRA~2/Arm GNU Toolchain arm-none-eabi/14.2 rel1/bin/../lib/gcc/arm-none-eabi/14.2.1/thumb/v7-m/nofp\libg.a(libc_a-init.o)
                0x08001d5c                __libc_init_array
 .text.__retarget_lock_acquire_recursive
                0x08001dac        0x4 C:/PROGRA~2/Arm GNU Toolchain arm-none-eabi/14.2 rel1/bin/../lib/gcc/arm-none-eabi/14.2.1/thumb/v7-m/nofp\libg.a(libc_a-lock.o)
                0x08001dac                __retarget_lock_acquire_recursive
 .text.__retarget_lock_release_recursive
                0x08001db0        0x4 C:/PROGRA~2/Arm GNU Toolchain arm-none-eabi/14.2 rel1/bin/../lib/gcc/arm-none-eabi/14.2.1/thumb/v7-m/nofp\libg.a(libc_a-lock.o)
                0x08001db0                __retarget_lock_release_recursive
 .text.strlen   0x08001db4       0x5c C:/PROGRA~2/Arm GNU Toolchain arm-none-eabi/14.2 rel1/bin/../lib/gcc/arm-none-eabi/14.2.1/thumb/v7-m/nofp\libg.a(libc_a-strlen-stub.o)
                0x08001db4                strlen
 .text.startup.register_fini
                0x08001e10       0x14 C:/PROGRA~2/Arm GNU Toolchain arm-none-eabi/14.2 rel1/bin/../lib/gcc/arm-none-eabi/14.2.1/thumb/v7-m/nofp\libg.a(libc_a-__call_atexit.o)
 .text.atexit   0x08001e24        0xc C:/PROGRA~2/Arm GNU Toolchain arm-none-eabi/14.2 rel1/bin/../lib/gcc/arm-none-eabi/14.2.1/thumb/v7-m/nofp\libg.a(libc_a-atexit.o)
                0x08001e24                atexit
 .text.__libc_fini_array
                0x08001e30       0x28 C:/PROGRA~2/Arm GNU Toolchain arm-none-eabi/14.2 rel1/bin/../lib/gcc/arm-none-eabi/14.2.1/thumb/v7-m/nofp\libg.a(libc_a-fini.o)
                0x08001e30                __libc_fini_array
 .text.__register_exitproc
                0x08001e58       0x80 C:/PROGRA~2/Arm GNU Toolchain arm-none-eabi/14.2 rel1/bin/../lib/gcc/arm-none-eabi/14.2.1/thumb/v7-m/nofp\libg.a(libc_a-__atexit.o)
                0x08001e58                __register_exitproc
 *(.glue_7)
 .glue_7        0x08001ed8        0x0 linker stubs
 *(.glue_7t)
 .glue_7t       0x08001ed8        0x0 linker stubs
 *(.eh_frame)
 .eh_frame      0x08001ed8        0x0 C:/PROGRA~2/Arm GNU Toolchain arm-none-eabi/14.2 rel1/bin/../lib/gcc/arm-none-eabi/14.2.1/thumb/v7-m/nofp/crtbegin.o
 *(.init)
 .init          0x08001ed8        0x4 C:/PROGRA~2/Arm GNU Toolchain arm-none-eabi/14.2 rel1/bin/../lib/gcc/arm-none-eabi/14.2.1/thumb/v7-m/nofp/crti.o
                0x08001ed8                _init
 .init          0x08001edc        0x8 C:/PROGRA~2/Arm GNU Toolchain arm-none-eabi/14.2 rel1/bin/../lib/gcc/arm-none-eabi/14.2.1/thumb/v7-m/nofp/crtn.o
 *(.fini)
 .fini          0x08001ee4        0x4 C:/PROGRA~2/Arm GNU Toolchain arm-none-eabi/14.2 rel1/bin/../lib/gcc/arm-none-eabi/14.2.1/thumb/v7-m/nofp/crti.o
                0x08001ee4                _fini
 .fini          0x08001ee8        0x8 C:/PROGRA~2/Arm GNU Toolchain arm-none-eabi/14.2 rel1/bin/../lib/gcc/arm-none-eabi/14.2.1/thumb/v7-m/nofp/crtn.o
                0x08001ef0                        . = ALIGN (0x4)
                0x08001ef0                        _etext = .

.vfp11_veneer   0x08001ef0        0x0
 .vfp11_veneer  0x08001ef0        0x0 linker stubs

.v4_bx          0x08001ef0        0x0
 .v4_bx         0x08001ef0        0x0 linker stubs

.iplt           0x08001ef0        0x0
 .iplt          0x08001ef0        0x0 C:/PROGRA~2/Arm GNU Toolchain arm-none-eabi/14.2 rel1/bin/../lib/gcc/arm-none-eabi/14.2.1/thumb/v7-m/nofp/crtbegin.o

.rodata         0x08001ef0       0x2c
                0x08001ef0                        . = ALIGN (0x4)
 *(.rodata)
 *(.rodata*)
 .rodata.APBPrescTable
                0x08001ef0        0x8 CMakeFiles/ds.elf.dir/Core/Src/system_stm32f1xx.c.obj
                0x08001ef0                APBPrescTable
 .rodata.AHBPrescTable
                0x08001ef8       0x10 CMakeFiles/ds.elf.dir/Core/Src/system_stm32f1xx.c.obj
                0x08001ef8                AHBPrescTable
 .rodata.aPredivFactorTable.0
                0x08001f08        0x2 CMakeFiles/ds.elf.dir/Drivers/STM32F1xx_HAL_Driver/Src/stm32f1xx_hal_rcc.c.obj
 *fill*         0x08001f0a        0x2 
 .rodata.aPLLMULFactorTable.1
                0x08001f0c       0x10 CMakeFiles/ds.elf.dir/Drivers/STM32F1xx_HAL_Driver/Src/stm32f1xx_hal_rcc.c.obj
                0x08001f1c                        . = ALIGN (0x4)

.ARM.extab      0x08001f1c        0x0
                0x08001f1c                        . = ALIGN (0x4)
 *(.ARM.extab* .gnu.linkonce.armextab.*)
                0x08001f1c                        . = ALIGN (0x4)

.ARM            0x08001f1c        0x0
                0x08001f1c                        . = ALIGN (0x4)
                0x08001f1c                        __exidx_start = .
 *(.ARM.exidx*)
                0x08001f1c                        __exidx_end = .
                0x08001f1c                        . = ALIGN (0x4)

.preinit_array  0x08001f1c        0x0
                0x08001f1c                        . = ALIGN (0x4)
                0x08001f1c                        PROVIDE (__preinit_array_start = .)
 *(.preinit_array*)
                0x08001f1c                        PROVIDE (__preinit_array_end = .)
                0x08001f1c                        . = ALIGN (0x4)

.init_array     0x08001f1c        0x8
                0x08001f1c                        . = ALIGN (0x4)
                0x08001f1c                        PROVIDE (__init_array_start = .)
 *(SORT_BY_NAME(.init_array.*))
 .init_array.00000
                0x08001f1c        0x4 C:/PROGRA~2/Arm GNU Toolchain arm-none-eabi/14.2 rel1/bin/../lib/gcc/arm-none-eabi/14.2.1/thumb/v7-m/nofp\libg.a(libc_a-__call_atexit.o)
 *(.init_array*)
 .init_array    0x08001f20        0x4 C:/PROGRA~2/Arm GNU Toolchain arm-none-eabi/14.2 rel1/bin/../lib/gcc/arm-none-eabi/14.2.1/thumb/v7-m/nofp/crtbegin.o
                0x08001f24                        PROVIDE (__init_array_end = .)
                0x08001f24                        . = ALIGN (0x4)

.fini_array     0x08001f24        0x4
                0x08001f24                        . = ALIGN (0x4)
                0x08001f24                        PROVIDE (__fini_array_start = .)
 *(SORT_BY_NAME(.fini_array.*))
 *(.fini_array*)
 .fini_array    0x08001f24        0x4 C:/PROGRA~2/Arm GNU Toolchain arm-none-eabi/14.2 rel1/bin/../lib/gcc/arm-none-eabi/14.2.1/thumb/v7-m/nofp/crtbegin.o
                0x08001f28                        PROVIDE (__fini_array_end = .)
                0x08001f28                        . = ALIGN (0x4)
                0x08001f28                        _sidata = LOADADDR (.data)

.rel.dyn        0x08001f28        0x0
 .rel.iplt      0x08001f28        0x0 C:/PROGRA~2/Arm GNU Toolchain arm-none-eabi/14.2 rel1/bin/../lib/gcc/arm-none-eabi/14.2.1/thumb/v7-m/nofp/crtbegin.o

.data           0x20000000       0x44 load address 0x08001f28
                0x20000000                        . = ALIGN (0x4)
                0x20000000                        _sdata = .
 *(.data)
 *(.data*)
 .data.transmitdata
                0x20000000       0x32 CMakeFiles/ds.elf.dir/Core/Src/main.c.obj
                0x20000000                transmitdata
 *fill*         0x20000032        0x2 
 .data.SystemCoreClock
                0x20000034        0x4 CMakeFiles/ds.elf.dir/Core/Src/system_stm32f1xx.c.obj
                0x20000034                SystemCoreClock
 .data.uwTickFreq
                0x20000038        0x1 CMakeFiles/ds.elf.dir/Drivers/STM32F1xx_HAL_Driver/Src/stm32f1xx_hal.c.obj
                0x20000038                uwTickFreq
 *fill*         0x20000039        0x3 
 .data.uwTickPrio
                0x2000003c        0x4 CMakeFiles/ds.elf.dir/Drivers/STM32F1xx_HAL_Driver/Src/stm32f1xx_hal.c.obj
                0x2000003c                uwTickPrio
 .data.__atexit_recursive_mutex
                0x20000040        0x4 C:/PROGRA~2/Arm GNU Toolchain arm-none-eabi/14.2 rel1/bin/../lib/gcc/arm-none-eabi/14.2.1/thumb/v7-m/nofp\libg.a(libc_a-__call_atexit.o)
                0x20000040                __atexit_recursive_mutex
 *(.RamFunc)
 *(.RamFunc*)
                0x20000044                        . = ALIGN (0x4)
                0x20000044                        _edata = .

.tm_clone_table
                0x20000044        0x0 load address 0x08001f6c
 .tm_clone_table
                0x20000044        0x0 C:/PROGRA~2/Arm GNU Toolchain arm-none-eabi/14.2 rel1/bin/../lib/gcc/arm-none-eabi/14.2.1/thumb/v7-m/nofp/crtbegin.o
 .tm_clone_table
                0x20000044        0x0 C:/PROGRA~2/Arm GNU Toolchain arm-none-eabi/14.2 rel1/bin/../lib/gcc/arm-none-eabi/14.2.1/thumb/v7-m/nofp/crtend.o

.igot.plt       0x20000044        0x0 load address 0x08001f6c
 .igot.plt      0x20000044        0x0 C:/PROGRA~2/Arm GNU Toolchain arm-none-eabi/14.2 rel1/bin/../lib/gcc/arm-none-eabi/14.2.1/thumb/v7-m/nofp/crtbegin.o
                0x20000044                        . = ALIGN (0x4)

.bss            0x20000044      0x27c load address 0x08001f6c
                0x20000044                        _sbss = .
                0x20000044                        __bss_start__ = _sbss
 *(.bss)
 *(.bss*)
 .bss.completed.1
                0x20000044        0x1 C:/PROGRA~2/Arm GNU Toolchain arm-none-eabi/14.2 rel1/bin/../lib/gcc/arm-none-eabi/14.2.1/thumb/v7-m/nofp/crtbegin.o
 *fill*         0x20000045        0x3 
 .bss.object.0  0x20000048       0x18 C:/PROGRA~2/Arm GNU Toolchain arm-none-eabi/14.2 rel1/bin/../lib/gcc/arm-none-eabi/14.2.1/thumb/v7-m/nofp/crtbegin.o
 .bss.receivedata
                0x20000060       0x32 CMakeFiles/ds.elf.dir/Core/Src/main.c.obj
                0x20000060                receivedata
 *fill*         0x20000092        0x2 
 .bss.htim1     0x20000094       0x48 CMakeFiles/ds.elf.dir/Core/Src/tim.c.obj
                0x20000094                htim1
 .bss.huart3    0x200000dc       0x48 CMakeFiles/ds.elf.dir/Core/Src/usart.c.obj
                0x200000dc                huart3
 .bss.uwTick    0x20000124        0x4 CMakeFiles/ds.elf.dir/Drivers/STM32F1xx_HAL_Driver/Src/stm32f1xx_hal.c.obj
                0x20000124                uwTick
 .bss.__lock___atexit_recursive_mutex
                0x20000128        0x1 C:/PROGRA~2/Arm GNU Toolchain arm-none-eabi/14.2 rel1/bin/../lib/gcc/arm-none-eabi/14.2.1/thumb/v7-m/nofp\libg.a(libc_a-lock.o)
                0x20000128                __lock___atexit_recursive_mutex
 *fill*         0x20000129        0x3 
 .bss.__atexit  0x2000012c        0x4 C:/PROGRA~2/Arm GNU Toolchain arm-none-eabi/14.2 rel1/bin/../lib/gcc/arm-none-eabi/14.2.1/thumb/v7-m/nofp\libg.a(libc_a-__call_atexit.o)
                0x2000012c                __atexit
 .bss.__atexit0
                0x20000130      0x190 C:/PROGRA~2/Arm GNU Toolchain arm-none-eabi/14.2 rel1/bin/../lib/gcc/arm-none-eabi/14.2.1/thumb/v7-m/nofp\libg.a(libc_a-__atexit.o)
                0x20000130                __atexit0
 *(COMMON)
                0x200002c0                        . = ALIGN (0x4)
                0x200002c0                        _ebss = .
                0x200002c0                        __bss_end__ = _ebss

._user_heap_stack
                0x200002c0      0x600 load address 0x08001f6c
                0x200002c0                        . = ALIGN (0x8)
                [!provide]                        PROVIDE (end = .)
                0x200002c0                        PROVIDE (_end = .)
                0x200004c0                        . = (. + _Min_Heap_Size)
 *fill*         0x200002c0      0x200 
                0x200008c0                        . = (. + _Min_Stack_Size)
 *fill*         0x200004c0      0x400 
                0x200008c0                        . = ALIGN (0x8)

/DISCARD/
 libc.a(*)
 libm.a(*)
 libgcc.a(*)

.ARM.attributes
                0x00000000       0x29
 *(.ARM.attributes)
 .ARM.attributes
                0x00000000       0x1d C:/PROGRA~2/Arm GNU Toolchain arm-none-eabi/14.2 rel1/bin/../lib/gcc/arm-none-eabi/14.2.1/thumb/v7-m/nofp/crti.o
 .ARM.attributes
                0x0000001d       0x2d C:/PROGRA~2/Arm GNU Toolchain arm-none-eabi/14.2 rel1/bin/../lib/gcc/arm-none-eabi/14.2.1/thumb/v7-m/nofp/crtbegin.o
 .ARM.attributes
                0x0000004a       0x2d CMakeFiles/ds.elf.dir/Core/Src/gpio.c.obj
 .ARM.attributes
                0x00000077       0x2d CMakeFiles/ds.elf.dir/Core/Src/main.c.obj
 .ARM.attributes
                0x000000a4       0x2d CMakeFiles/ds.elf.dir/Core/Src/stm32f1xx_hal_msp.c.obj
 .ARM.attributes
                0x000000d1       0x2d CMakeFiles/ds.elf.dir/Core/Src/stm32f1xx_it.c.obj
 .ARM.attributes
                0x000000fe       0x2d CMakeFiles/ds.elf.dir/Core/Src/system_stm32f1xx.c.obj
 .ARM.attributes
                0x0000012b       0x2d CMakeFiles/ds.elf.dir/Core/Src/tim.c.obj
 .ARM.attributes
                0x00000158       0x2d CMakeFiles/ds.elf.dir/Core/Src/usart.c.obj
 .ARM.attributes
                0x00000185       0x21 CMakeFiles/ds.elf.dir/Core/Startup/startup_stm32f103c8tx.s.obj
 .ARM.attributes
                0x000001a6       0x2d CMakeFiles/ds.elf.dir/Drivers/STM32F1xx_HAL_Driver/Src/stm32f1xx_hal.c.obj
 .ARM.attributes
                0x000001d3       0x2d CMakeFiles/ds.elf.dir/Drivers/STM32F1xx_HAL_Driver/Src/stm32f1xx_hal_cortex.c.obj
 .ARM.attributes
                0x00000200       0x2d CMakeFiles/ds.elf.dir/Drivers/STM32F1xx_HAL_Driver/Src/stm32f1xx_hal_dma.c.obj
 .ARM.attributes
                0x0000022d       0x2d CMakeFiles/ds.elf.dir/Drivers/STM32F1xx_HAL_Driver/Src/stm32f1xx_hal_gpio.c.obj
 .ARM.attributes
                0x0000025a       0x2d CMakeFiles/ds.elf.dir/Drivers/STM32F1xx_HAL_Driver/Src/stm32f1xx_hal_rcc.c.obj
 .ARM.attributes
                0x00000287       0x2d CMakeFiles/ds.elf.dir/Drivers/STM32F1xx_HAL_Driver/Src/stm32f1xx_hal_tim.c.obj
 .ARM.attributes
                0x000002b4       0x2d CMakeFiles/ds.elf.dir/Drivers/STM32F1xx_HAL_Driver/Src/stm32f1xx_hal_tim_ex.c.obj
 .ARM.attributes
                0x000002e1       0x2d CMakeFiles/ds.elf.dir/Drivers/STM32F1xx_HAL_Driver/Src/stm32f1xx_hal_uart.c.obj
 .ARM.attributes
                0x0000030e       0x2d C:/PROGRA~2/Arm GNU Toolchain arm-none-eabi/14.2 rel1/bin/../lib/gcc/arm-none-eabi/14.2.1/thumb/v7-m/nofp\libg.a(libc_a-memset.o)
 .ARM.attributes
                0x0000033b       0x2d C:/PROGRA~2/Arm GNU Toolchain arm-none-eabi/14.2 rel1/bin/../lib/gcc/arm-none-eabi/14.2.1/thumb/v7-m/nofp\libg.a(libc_a-init.o)
 .ARM.attributes
                0x00000368       0x2d C:/PROGRA~2/Arm GNU Toolchain arm-none-eabi/14.2 rel1/bin/../lib/gcc/arm-none-eabi/14.2.1/thumb/v7-m/nofp\libg.a(libc_a-lock.o)
 .ARM.attributes
                0x00000395       0x2d C:/PROGRA~2/Arm GNU Toolchain arm-none-eabi/14.2 rel1/bin/../lib/gcc/arm-none-eabi/14.2.1/thumb/v7-m/nofp\libg.a(libc_a-strlen-stub.o)
 .ARM.attributes
                0x000003c2       0x2d C:/PROGRA~2/Arm GNU Toolchain arm-none-eabi/14.2 rel1/bin/../lib/gcc/arm-none-eabi/14.2.1/thumb/v7-m/nofp\libg.a(libc_a-__call_atexit.o)
 .ARM.attributes
                0x000003ef       0x2d C:/PROGRA~2/Arm GNU Toolchain arm-none-eabi/14.2 rel1/bin/../lib/gcc/arm-none-eabi/14.2.1/thumb/v7-m/nofp\libg.a(libc_a-atexit.o)
 .ARM.attributes
                0x0000041c       0x2d C:/PROGRA~2/Arm GNU Toolchain arm-none-eabi/14.2 rel1/bin/../lib/gcc/arm-none-eabi/14.2.1/thumb/v7-m/nofp\libg.a(libc_a-fini.o)
 .ARM.attributes
                0x00000449       0x2d C:/PROGRA~2/Arm GNU Toolchain arm-none-eabi/14.2 rel1/bin/../lib/gcc/arm-none-eabi/14.2.1/thumb/v7-m/nofp\libg.a(libc_a-__atexit.o)
 .ARM.attributes
                0x00000476       0x2d C:/PROGRA~2/Arm GNU Toolchain arm-none-eabi/14.2 rel1/bin/../lib/gcc/arm-none-eabi/14.2.1/thumb/v7-m/nofp/crtend.o
 .ARM.attributes
                0x000004a3       0x1d C:/PROGRA~2/Arm GNU Toolchain arm-none-eabi/14.2 rel1/bin/../lib/gcc/arm-none-eabi/14.2.1/thumb/v7-m/nofp/crtn.o
OUTPUT(ds.elf elf32-littlearm)
LOAD linker stubs
LOAD C:/PROGRA~2/Arm GNU Toolchain arm-none-eabi/14.2 rel1/bin/../lib/gcc/arm-none-eabi/14.2.1/thumb/v7-m/nofp\libc.a
LOAD C:/PROGRA~2/Arm GNU Toolchain arm-none-eabi/14.2 rel1/bin/../lib/gcc/arm-none-eabi/14.2.1/thumb/v7-m/nofp\libm.a
LOAD C:/PROGRA~2/Arm GNU Toolchain arm-none-eabi/14.2 rel1/bin/../lib/gcc/arm-none-eabi/14.2.1/thumb/v7-m/nofp\libgcc.a

.debug_info     0x00000000     0xf305
 .debug_info    0x00000000      0x2ee CMakeFiles/ds.elf.dir/Core/Src/gpio.c.obj
 .debug_info    0x000002ee      0x923 CMakeFiles/ds.elf.dir/Core/Src/main.c.obj
 .debug_info    0x00000c11      0x1f4 CMakeFiles/ds.elf.dir/Core/Src/stm32f1xx_hal_msp.c.obj
 .debug_info    0x00000e05      0x972 CMakeFiles/ds.elf.dir/Core/Src/stm32f1xx_it.c.obj
 .debug_info    0x00001777      0x22d CMakeFiles/ds.elf.dir/Core/Src/system_stm32f1xx.c.obj
 .debug_info    0x000019a4      0xce0 CMakeFiles/ds.elf.dir/Core/Src/tim.c.obj
 .debug_info    0x00002684      0x9e7 CMakeFiles/ds.elf.dir/Core/Src/usart.c.obj
 .debug_info    0x0000306b       0x30 CMakeFiles/ds.elf.dir/Core/Startup/startup_stm32f103c8tx.s.obj
 .debug_info    0x0000309b      0x7a2 CMakeFiles/ds.elf.dir/Drivers/STM32F1xx_HAL_Driver/Src/stm32f1xx_hal.c.obj
 .debug_info    0x0000383d      0xcd9 CMakeFiles/ds.elf.dir/Drivers/STM32F1xx_HAL_Driver/Src/stm32f1xx_hal_cortex.c.obj
 .debug_info    0x00004516      0x7f2 CMakeFiles/ds.elf.dir/Drivers/STM32F1xx_HAL_Driver/Src/stm32f1xx_hal_dma.c.obj
 .debug_info    0x00004d08      0x604 CMakeFiles/ds.elf.dir/Drivers/STM32F1xx_HAL_Driver/Src/stm32f1xx_hal_gpio.c.obj
 .debug_info    0x0000530c      0x9c7 CMakeFiles/ds.elf.dir/Drivers/STM32F1xx_HAL_Driver/Src/stm32f1xx_hal_rcc.c.obj
 .debug_info    0x00005cd3     0x3c0f CMakeFiles/ds.elf.dir/Drivers/STM32F1xx_HAL_Driver/Src/stm32f1xx_hal_tim.c.obj
 .debug_info    0x000098e2     0x1a9e CMakeFiles/ds.elf.dir/Drivers/STM32F1xx_HAL_Driver/Src/stm32f1xx_hal_tim_ex.c.obj
 .debug_info    0x0000b380     0x3f85 CMakeFiles/ds.elf.dir/Drivers/STM32F1xx_HAL_Driver/Src/stm32f1xx_hal_uart.c.obj

.debug_abbrev   0x00000000     0x209f
 .debug_abbrev  0x00000000      0x151 CMakeFiles/ds.elf.dir/Core/Src/gpio.c.obj
 .debug_abbrev  0x00000151      0x265 CMakeFiles/ds.elf.dir/Core/Src/main.c.obj
 .debug_abbrev  0x000003b6       0xed CMakeFiles/ds.elf.dir/Core/Src/stm32f1xx_hal_msp.c.obj
 .debug_abbrev  0x000004a3      0x1a4 CMakeFiles/ds.elf.dir/Core/Src/stm32f1xx_it.c.obj
 .debug_abbrev  0x00000647      0x143 CMakeFiles/ds.elf.dir/Core/Src/system_stm32f1xx.c.obj
 .debug_abbrev  0x0000078a      0x25f CMakeFiles/ds.elf.dir/Core/Src/tim.c.obj
 .debug_abbrev  0x000009e9      0x223 CMakeFiles/ds.elf.dir/Core/Src/usart.c.obj
 .debug_abbrev  0x00000c0c       0x24 CMakeFiles/ds.elf.dir/Core/Startup/startup_stm32f103c8tx.s.obj
 .debug_abbrev  0x00000c30      0x22d CMakeFiles/ds.elf.dir/Drivers/STM32F1xx_HAL_Driver/Src/stm32f1xx_hal.c.obj
 .debug_abbrev  0x00000e5d      0x36d CMakeFiles/ds.elf.dir/Drivers/STM32F1xx_HAL_Driver/Src/stm32f1xx_hal_cortex.c.obj
 .debug_abbrev  0x000011ca      0x244 CMakeFiles/ds.elf.dir/Drivers/STM32F1xx_HAL_Driver/Src/stm32f1xx_hal_dma.c.obj
 .debug_abbrev  0x0000140e      0x1f7 CMakeFiles/ds.elf.dir/Drivers/STM32F1xx_HAL_Driver/Src/stm32f1xx_hal_gpio.c.obj
 .debug_abbrev  0x00001605      0x2a0 CMakeFiles/ds.elf.dir/Drivers/STM32F1xx_HAL_Driver/Src/stm32f1xx_hal_rcc.c.obj
 .debug_abbrev  0x000018a5      0x270 CMakeFiles/ds.elf.dir/Drivers/STM32F1xx_HAL_Driver/Src/stm32f1xx_hal_tim.c.obj
 .debug_abbrev  0x00001b15      0x26e CMakeFiles/ds.elf.dir/Drivers/STM32F1xx_HAL_Driver/Src/stm32f1xx_hal_tim_ex.c.obj
 .debug_abbrev  0x00001d83      0x31c CMakeFiles/ds.elf.dir/Drivers/STM32F1xx_HAL_Driver/Src/stm32f1xx_hal_uart.c.obj

.debug_aranges  0x00000000      0xbe0
 .debug_aranges
                0x00000000       0x20 CMakeFiles/ds.elf.dir/Core/Src/gpio.c.obj
 .debug_aranges
                0x00000020       0x38 CMakeFiles/ds.elf.dir/Core/Src/main.c.obj
 .debug_aranges
                0x00000058       0x20 CMakeFiles/ds.elf.dir/Core/Src/stm32f1xx_hal_msp.c.obj
 .debug_aranges
                0x00000078       0x70 CMakeFiles/ds.elf.dir/Core/Src/stm32f1xx_it.c.obj
 .debug_aranges
                0x000000e8       0x28 CMakeFiles/ds.elf.dir/Core/Src/system_stm32f1xx.c.obj
 .debug_aranges
                0x00000110       0x30 CMakeFiles/ds.elf.dir/Core/Src/tim.c.obj
 .debug_aranges
                0x00000140       0x30 CMakeFiles/ds.elf.dir/Core/Src/usart.c.obj
 .debug_aranges
                0x00000170       0x28 CMakeFiles/ds.elf.dir/Core/Startup/startup_stm32f103c8tx.s.obj
 .debug_aranges
                0x00000198       0xe0 CMakeFiles/ds.elf.dir/Drivers/STM32F1xx_HAL_Driver/Src/stm32f1xx_hal.c.obj
 .debug_aranges
                0x00000278       0xc0 CMakeFiles/ds.elf.dir/Drivers/STM32F1xx_HAL_Driver/Src/stm32f1xx_hal_cortex.c.obj
 .debug_aranges
                0x00000338       0x80 CMakeFiles/ds.elf.dir/Drivers/STM32F1xx_HAL_Driver/Src/stm32f1xx_hal_dma.c.obj
 .debug_aranges
                0x000003b8       0x58 CMakeFiles/ds.elf.dir/Drivers/STM32F1xx_HAL_Driver/Src/stm32f1xx_hal_gpio.c.obj
 .debug_aranges
                0x00000410       0x90 CMakeFiles/ds.elf.dir/Drivers/STM32F1xx_HAL_Driver/Src/stm32f1xx_hal_rcc.c.obj
 .debug_aranges
                0x000004a0      0x3d0 CMakeFiles/ds.elf.dir/Drivers/STM32F1xx_HAL_Driver/Src/stm32f1xx_hal_tim.c.obj
 .debug_aranges
                0x00000870      0x168 CMakeFiles/ds.elf.dir/Drivers/STM32F1xx_HAL_Driver/Src/stm32f1xx_hal_tim_ex.c.obj
 .debug_aranges
                0x000009d8      0x208 CMakeFiles/ds.elf.dir/Drivers/STM32F1xx_HAL_Driver/Src/stm32f1xx_hal_uart.c.obj

.debug_rnglists
                0x00000000      0x90f
 .debug_rnglists
                0x00000000       0x13 CMakeFiles/ds.elf.dir/Core/Src/gpio.c.obj
 .debug_rnglists
                0x00000013       0x25 CMakeFiles/ds.elf.dir/Core/Src/main.c.obj
 .debug_rnglists
                0x00000038       0x13 CMakeFiles/ds.elf.dir/Core/Src/stm32f1xx_hal_msp.c.obj
 .debug_rnglists
                0x0000004b       0x4f CMakeFiles/ds.elf.dir/Core/Src/stm32f1xx_it.c.obj
 .debug_rnglists
                0x0000009a       0x1a CMakeFiles/ds.elf.dir/Core/Src/system_stm32f1xx.c.obj
 .debug_rnglists
                0x000000b4       0x20 CMakeFiles/ds.elf.dir/Core/Src/tim.c.obj
 .debug_rnglists
                0x000000d4       0x20 CMakeFiles/ds.elf.dir/Core/Src/usart.c.obj
 .debug_rnglists
                0x000000f4       0x19 CMakeFiles/ds.elf.dir/Core/Startup/startup_stm32f103c8tx.s.obj
 .debug_rnglists
                0x0000010d       0xa3 CMakeFiles/ds.elf.dir/Drivers/STM32F1xx_HAL_Driver/Src/stm32f1xx_hal.c.obj
 .debug_rnglists
                0x000001b0       0x8b CMakeFiles/ds.elf.dir/Drivers/STM32F1xx_HAL_Driver/Src/stm32f1xx_hal_cortex.c.obj
 .debug_rnglists
                0x0000023b       0x5e CMakeFiles/ds.elf.dir/Drivers/STM32F1xx_HAL_Driver/Src/stm32f1xx_hal_dma.c.obj
 .debug_rnglists
                0x00000299       0x3f CMakeFiles/ds.elf.dir/Drivers/STM32F1xx_HAL_Driver/Src/stm32f1xx_hal_gpio.c.obj
 .debug_rnglists
                0x000002d8       0x7d CMakeFiles/ds.elf.dir/Drivers/STM32F1xx_HAL_Driver/Src/stm32f1xx_hal_rcc.c.obj
 .debug_rnglists
                0x00000355      0x2ff CMakeFiles/ds.elf.dir/Drivers/STM32F1xx_HAL_Driver/Src/stm32f1xx_hal_tim.c.obj
 .debug_rnglists
                0x00000654      0x11a CMakeFiles/ds.elf.dir/Drivers/STM32F1xx_HAL_Driver/Src/stm32f1xx_hal_tim_ex.c.obj
 .debug_rnglists
                0x0000076e      0x1a1 CMakeFiles/ds.elf.dir/Drivers/STM32F1xx_HAL_Driver/Src/stm32f1xx_hal_uart.c.obj

.debug_line     0x00000000     0xd346
 .debug_line    0x00000000      0x1f8 CMakeFiles/ds.elf.dir/Core/Src/gpio.c.obj
 .debug_line    0x000001f8      0x479 CMakeFiles/ds.elf.dir/Core/Src/main.c.obj
 .debug_line    0x00000671      0x18f CMakeFiles/ds.elf.dir/Core/Src/stm32f1xx_hal_msp.c.obj
 .debug_line    0x00000800      0x308 CMakeFiles/ds.elf.dir/Core/Src/stm32f1xx_it.c.obj
 .debug_line    0x00000b08      0x257 CMakeFiles/ds.elf.dir/Core/Src/system_stm32f1xx.c.obj
 .debug_line    0x00000d5f      0x3e5 CMakeFiles/ds.elf.dir/Core/Src/tim.c.obj
 .debug_line    0x00001144      0x350 CMakeFiles/ds.elf.dir/Core/Src/usart.c.obj
 .debug_line    0x00001494       0x78 CMakeFiles/ds.elf.dir/Core/Startup/startup_stm32f103c8tx.s.obj
 .debug_line    0x0000150c      0x568 CMakeFiles/ds.elf.dir/Drivers/STM32F1xx_HAL_Driver/Src/stm32f1xx_hal.c.obj
 .debug_line    0x00001a74      0x6cd CMakeFiles/ds.elf.dir/Drivers/STM32F1xx_HAL_Driver/Src/stm32f1xx_hal_cortex.c.obj
 .debug_line    0x00002141      0xb04 CMakeFiles/ds.elf.dir/Drivers/STM32F1xx_HAL_Driver/Src/stm32f1xx_hal_dma.c.obj
 .debug_line    0x00002c45      0x5ef CMakeFiles/ds.elf.dir/Drivers/STM32F1xx_HAL_Driver/Src/stm32f1xx_hal_gpio.c.obj
 .debug_line    0x00003234      0xcde CMakeFiles/ds.elf.dir/Drivers/STM32F1xx_HAL_Driver/Src/stm32f1xx_hal_rcc.c.obj
 .debug_line    0x00003f12     0x45ca CMakeFiles/ds.elf.dir/Drivers/STM32F1xx_HAL_Driver/Src/stm32f1xx_hal_tim.c.obj
 .debug_line    0x000084dc     0x19a6 CMakeFiles/ds.elf.dir/Drivers/STM32F1xx_HAL_Driver/Src/stm32f1xx_hal_tim_ex.c.obj
 .debug_line    0x00009e82     0x34c4 CMakeFiles/ds.elf.dir/Drivers/STM32F1xx_HAL_Driver/Src/stm32f1xx_hal_uart.c.obj

.debug_str      0x00000000     0x37de
 .debug_str     0x00000000     0x37de CMakeFiles/ds.elf.dir/Core/Src/gpio.c.obj
                                0x2a1 (size before relaxing)
 .debug_str     0x000037de      0x81d CMakeFiles/ds.elf.dir/Core/Src/main.c.obj
 .debug_str     0x000037de      0x235 CMakeFiles/ds.elf.dir/Core/Src/stm32f1xx_hal_msp.c.obj
 .debug_str     0x000037de      0x97c CMakeFiles/ds.elf.dir/Core/Src/stm32f1xx_it.c.obj
 .debug_str     0x000037de      0x26a CMakeFiles/ds.elf.dir/Core/Src/system_stm32f1xx.c.obj
 .debug_str     0x000037de      0xc32 CMakeFiles/ds.elf.dir/Core/Src/tim.c.obj
 .debug_str     0x000037de      0xa03 CMakeFiles/ds.elf.dir/Core/Src/usart.c.obj
 .debug_str     0x000037de       0x7b CMakeFiles/ds.elf.dir/Core/Startup/startup_stm32f103c8tx.s.obj
 .debug_str     0x000037de      0x844 CMakeFiles/ds.elf.dir/Drivers/STM32F1xx_HAL_Driver/Src/stm32f1xx_hal.c.obj
 .debug_str     0x000037de      0x8e9 CMakeFiles/ds.elf.dir/Drivers/STM32F1xx_HAL_Driver/Src/stm32f1xx_hal_cortex.c.obj
 .debug_str     0x000037de      0x613 CMakeFiles/ds.elf.dir/Drivers/STM32F1xx_HAL_Driver/Src/stm32f1xx_hal_dma.c.obj
 .debug_str     0x000037de      0x416 CMakeFiles/ds.elf.dir/Drivers/STM32F1xx_HAL_Driver/Src/stm32f1xx_hal_gpio.c.obj
 .debug_str     0x000037de      0x641 CMakeFiles/ds.elf.dir/Drivers/STM32F1xx_HAL_Driver/Src/stm32f1xx_hal_rcc.c.obj
 .debug_str     0x000037de     0x169b CMakeFiles/ds.elf.dir/Drivers/STM32F1xx_HAL_Driver/Src/stm32f1xx_hal_tim.c.obj
 .debug_str     0x000037de      0xea7 CMakeFiles/ds.elf.dir/Drivers/STM32F1xx_HAL_Driver/Src/stm32f1xx_hal_tim_ex.c.obj
 .debug_str     0x000037de      0xd0a CMakeFiles/ds.elf.dir/Drivers/STM32F1xx_HAL_Driver/Src/stm32f1xx_hal_uart.c.obj

.comment        0x00000000       0x45
 .comment       0x00000000       0x45 CMakeFiles/ds.elf.dir/Core/Src/gpio.c.obj
                                 0x46 (size before relaxing)
 .comment       0x00000045       0x46 CMakeFiles/ds.elf.dir/Core/Src/main.c.obj
 .comment       0x00000045       0x46 CMakeFiles/ds.elf.dir/Core/Src/stm32f1xx_hal_msp.c.obj
 .comment       0x00000045       0x46 CMakeFiles/ds.elf.dir/Core/Src/stm32f1xx_it.c.obj
 .comment       0x00000045       0x46 CMakeFiles/ds.elf.dir/Core/Src/system_stm32f1xx.c.obj
 .comment       0x00000045       0x46 CMakeFiles/ds.elf.dir/Core/Src/tim.c.obj
 .comment       0x00000045       0x46 CMakeFiles/ds.elf.dir/Core/Src/usart.c.obj
 .comment       0x00000045       0x46 CMakeFiles/ds.elf.dir/Drivers/STM32F1xx_HAL_Driver/Src/stm32f1xx_hal.c.obj
 .comment       0x00000045       0x46 CMakeFiles/ds.elf.dir/Drivers/STM32F1xx_HAL_Driver/Src/stm32f1xx_hal_cortex.c.obj
 .comment       0x00000045       0x46 CMakeFiles/ds.elf.dir/Drivers/STM32F1xx_HAL_Driver/Src/stm32f1xx_hal_dma.c.obj
 .comment       0x00000045       0x46 CMakeFiles/ds.elf.dir/Drivers/STM32F1xx_HAL_Driver/Src/stm32f1xx_hal_gpio.c.obj
 .comment       0x00000045       0x46 CMakeFiles/ds.elf.dir/Drivers/STM32F1xx_HAL_Driver/Src/stm32f1xx_hal_rcc.c.obj
 .comment       0x00000045       0x46 CMakeFiles/ds.elf.dir/Drivers/STM32F1xx_HAL_Driver/Src/stm32f1xx_hal_tim.c.obj
 .comment       0x00000045       0x46 CMakeFiles/ds.elf.dir/Drivers/STM32F1xx_HAL_Driver/Src/stm32f1xx_hal_tim_ex.c.obj
 .comment       0x00000045       0x46 CMakeFiles/ds.elf.dir/Drivers/STM32F1xx_HAL_Driver/Src/stm32f1xx_hal_uart.c.obj

.debug_frame    0x00000000     0x20d0
 .debug_frame   0x00000000       0x34 CMakeFiles/ds.elf.dir/Core/Src/gpio.c.obj
 .debug_frame   0x00000034       0x74 CMakeFiles/ds.elf.dir/Core/Src/main.c.obj
 .debug_frame   0x000000a8       0x28 CMakeFiles/ds.elf.dir/Core/Src/stm32f1xx_hal_msp.c.obj
 .debug_frame   0x000000d0       0xd8 CMakeFiles/ds.elf.dir/Core/Src/stm32f1xx_it.c.obj
 .debug_frame   0x000001a8       0x30 CMakeFiles/ds.elf.dir/Core/Src/system_stm32f1xx.c.obj
 .debug_frame   0x000001d8       0x68 CMakeFiles/ds.elf.dir/Core/Src/tim.c.obj
 .debug_frame   0x00000240       0x64 CMakeFiles/ds.elf.dir/Core/Src/usart.c.obj
 .debug_frame   0x000002a4      0x1cc CMakeFiles/ds.elf.dir/Drivers/STM32F1xx_HAL_Driver/Src/stm32f1xx_hal.c.obj
 .debug_frame   0x00000470      0x19c CMakeFiles/ds.elf.dir/Drivers/STM32F1xx_HAL_Driver/Src/stm32f1xx_hal_cortex.c.obj
 .debug_frame   0x0000060c      0x144 CMakeFiles/ds.elf.dir/Drivers/STM32F1xx_HAL_Driver/Src/stm32f1xx_hal_dma.c.obj
 .debug_frame   0x00000750       0xe4 CMakeFiles/ds.elf.dir/Drivers/STM32F1xx_HAL_Driver/Src/stm32f1xx_hal_gpio.c.obj
 .debug_frame   0x00000834      0x184 CMakeFiles/ds.elf.dir/Drivers/STM32F1xx_HAL_Driver/Src/stm32f1xx_hal_rcc.c.obj
 .debug_frame   0x000009b8      0xb18 CMakeFiles/ds.elf.dir/Drivers/STM32F1xx_HAL_Driver/Src/stm32f1xx_hal_tim.c.obj
 .debug_frame   0x000014d0      0x418 CMakeFiles/ds.elf.dir/Drivers/STM32F1xx_HAL_Driver/Src/stm32f1xx_hal_tim_ex.c.obj
 .debug_frame   0x000018e8      0x5dc CMakeFiles/ds.elf.dir/Drivers/STM32F1xx_HAL_Driver/Src/stm32f1xx_hal_uart.c.obj
 .debug_frame   0x00001ec4       0x2c C:/PROGRA~2/Arm GNU Toolchain arm-none-eabi/14.2 rel1/bin/../lib/gcc/arm-none-eabi/14.2.1/thumb/v7-m/nofp\libg.a(libc_a-memset.o)
 .debug_frame   0x00001ef0       0x2c C:/PROGRA~2/Arm GNU Toolchain arm-none-eabi/14.2 rel1/bin/../lib/gcc/arm-none-eabi/14.2.1/thumb/v7-m/nofp\libg.a(libc_a-init.o)
 .debug_frame   0x00001f1c       0xb0 C:/PROGRA~2/Arm GNU Toolchain arm-none-eabi/14.2 rel1/bin/../lib/gcc/arm-none-eabi/14.2.1/thumb/v7-m/nofp\libg.a(libc_a-lock.o)
 .debug_frame   0x00001fcc       0x20 C:/PROGRA~2/Arm GNU Toolchain arm-none-eabi/14.2 rel1/bin/../lib/gcc/arm-none-eabi/14.2.1/thumb/v7-m/nofp\libg.a(libc_a-strlen-stub.o)
 .debug_frame   0x00001fec       0x5c C:/PROGRA~2/Arm GNU Toolchain arm-none-eabi/14.2 rel1/bin/../lib/gcc/arm-none-eabi/14.2.1/thumb/v7-m/nofp\libg.a(libc_a-__call_atexit.o)
 .debug_frame   0x00002048       0x20 C:/PROGRA~2/Arm GNU Toolchain arm-none-eabi/14.2 rel1/bin/../lib/gcc/arm-none-eabi/14.2.1/thumb/v7-m/nofp\libg.a(libc_a-atexit.o)
 .debug_frame   0x00002068       0x34 C:/PROGRA~2/Arm GNU Toolchain arm-none-eabi/14.2 rel1/bin/../lib/gcc/arm-none-eabi/14.2.1/thumb/v7-m/nofp\libg.a(libc_a-fini.o)
 .debug_frame   0x0000209c       0x34 C:/PROGRA~2/Arm GNU Toolchain arm-none-eabi/14.2 rel1/bin/../lib/gcc/arm-none-eabi/14.2.1/thumb/v7-m/nofp\libg.a(libc_a-__atexit.o)

.debug_loclists
                0x00000000     0x8d4e
 .debug_loclists
                0x00000000       0x74 CMakeFiles/ds.elf.dir/Core/Src/main.c.obj
 .debug_loclists
                0x00000074       0x17 CMakeFiles/ds.elf.dir/Core/Src/stm32f1xx_hal_msp.c.obj
 .debug_loclists
                0x0000008b       0xb7 CMakeFiles/ds.elf.dir/Core/Src/system_stm32f1xx.c.obj
 .debug_loclists
                0x00000142       0x74 CMakeFiles/ds.elf.dir/Core/Src/tim.c.obj
 .debug_loclists
                0x000001b6       0x75 CMakeFiles/ds.elf.dir/Core/Src/usart.c.obj
 .debug_loclists
                0x0000022b       0xe1 CMakeFiles/ds.elf.dir/Drivers/STM32F1xx_HAL_Driver/Src/stm32f1xx_hal.c.obj
 .debug_loclists
                0x0000030c      0x530 CMakeFiles/ds.elf.dir/Drivers/STM32F1xx_HAL_Driver/Src/stm32f1xx_hal_cortex.c.obj
 .debug_loclists
                0x0000083c      0x562 CMakeFiles/ds.elf.dir/Drivers/STM32F1xx_HAL_Driver/Src/stm32f1xx_hal_dma.c.obj
 .debug_loclists
                0x00000d9e      0x300 CMakeFiles/ds.elf.dir/Drivers/STM32F1xx_HAL_Driver/Src/stm32f1xx_hal_gpio.c.obj
 .debug_loclists
                0x0000109e      0x42e CMakeFiles/ds.elf.dir/Drivers/STM32F1xx_HAL_Driver/Src/stm32f1xx_hal_rcc.c.obj
 .debug_loclists
                0x000014cc     0x37f3 CMakeFiles/ds.elf.dir/Drivers/STM32F1xx_HAL_Driver/Src/stm32f1xx_hal_tim.c.obj
 .debug_loclists
                0x00004cbf     0x13b3 CMakeFiles/ds.elf.dir/Drivers/STM32F1xx_HAL_Driver/Src/stm32f1xx_hal_tim_ex.c.obj
 .debug_loclists
                0x00006072     0x2cdc CMakeFiles/ds.elf.dir/Drivers/STM32F1xx_HAL_Driver/Src/stm32f1xx_hal_uart.c.obj

.debug_line_str
                0x00000000       0x5f
 .debug_line_str
                0x00000000       0x5f CMakeFiles/ds.elf.dir/Core/Startup/startup_stm32f103c8tx.s.obj
