Archive member included to satisfy reference by file (symbol)

C:/PROGRA~2/Arm GNU Toolchain arm-none-eabi/14.2 rel1/bin/../lib/gcc/arm-none-eabi/14.2.1/thumb/v7-m/nofp\libgcc.a(_arm_muldf3.o)
                              CMakeFiles/ds.elf.dir/Core/Src/main.c.obj (__aeabi_dmul)
C:/PROGRA~2/Arm GNU Toolchain arm-none-eabi/14.2 rel1/bin/../lib/gcc/arm-none-eabi/14.2.1/thumb/v7-m/nofp\libgcc.a(_arm_addsubdf3.o)
                              CMakeFiles/ds.elf.dir/Core/Src/oled.c.obj (__aeabi_dsub)
C:/PROGRA~2/Arm GNU Toolchain arm-none-eabi/14.2 rel1/bin/../lib/gcc/arm-none-eabi/14.2.1/thumb/v7-m/nofp\libgcc.a(_arm_fixdfsi.o)
                              CMakeFiles/ds.elf.dir/Core/Src/oled.c.obj (__aeabi_d2iz)
C:/PROGRA~2/Arm GNU Toolchain arm-none-eabi/14.2 rel1/bin/../lib/gcc/arm-none-eabi/14.2.1/thumb/v7-m/nofp\libgcc.a(_arm_truncdfsf2.o)
                              CMakeFiles/ds.elf.dir/Core/Src/main.c.obj (__aeabi_d2f)
C:/PROGRA~2/Arm GNU Toolchain arm-none-eabi/14.2 rel1/bin/../lib/gcc/arm-none-eabi/14.2.1/thumb/v7-m/nofp\libg.a(libc_a-exit.o)
                              C:/PROGRA~2/Arm GNU Toolchain arm-none-eabi/14.2 rel1/bin/../lib/gcc/arm-none-eabi/14.2.1/thumb/v7-m/nofp/crt0.o (exit)
C:/PROGRA~2/Arm GNU Toolchain arm-none-eabi/14.2 rel1/bin/../lib/gcc/arm-none-eabi/14.2.1/thumb/v7-m/nofp\libg.a(libc_a-findfp.o)
                              C:/PROGRA~2/Arm GNU Toolchain arm-none-eabi/14.2 rel1/bin/../lib/gcc/arm-none-eabi/14.2.1/thumb/v7-m/nofp\libg.a(libc_a-exit.o) (__stdio_exit_handler)
C:/PROGRA~2/Arm GNU Toolchain arm-none-eabi/14.2 rel1/bin/../lib/gcc/arm-none-eabi/14.2.1/thumb/v7-m/nofp\libg.a(libc_a-fwalk.o)
                              C:/PROGRA~2/Arm GNU Toolchain arm-none-eabi/14.2 rel1/bin/../lib/gcc/arm-none-eabi/14.2.1/thumb/v7-m/nofp\libg.a(libc_a-findfp.o) (_fwalk_sglue)
C:/PROGRA~2/Arm GNU Toolchain arm-none-eabi/14.2 rel1/bin/../lib/gcc/arm-none-eabi/14.2.1/thumb/v7-m/nofp\libg.a(libc_a-sprintf.o)
                              CMakeFiles/ds.elf.dir/Core/Src/main.c.obj (sprintf)
C:/PROGRA~2/Arm GNU Toolchain arm-none-eabi/14.2 rel1/bin/../lib/gcc/arm-none-eabi/14.2.1/thumb/v7-m/nofp\libg.a(libc_a-stdio.o)
                              C:/PROGRA~2/Arm GNU Toolchain arm-none-eabi/14.2 rel1/bin/../lib/gcc/arm-none-eabi/14.2.1/thumb/v7-m/nofp\libg.a(libc_a-findfp.o) (__sread)
C:/PROGRA~2/Arm GNU Toolchain arm-none-eabi/14.2 rel1/bin/../lib/gcc/arm-none-eabi/14.2.1/thumb/v7-m/nofp\libg.a(libc_a-memcmp.o)
                              CMakeFiles/ds.elf.dir/Core/Src/oled.c.obj (memcmp)
C:/PROGRA~2/Arm GNU Toolchain arm-none-eabi/14.2 rel1/bin/../lib/gcc/arm-none-eabi/14.2.1/thumb/v7-m/nofp\libg.a(libc_a-memset.o)
                              C:/PROGRA~2/Arm GNU Toolchain arm-none-eabi/14.2 rel1/bin/../lib/gcc/arm-none-eabi/14.2.1/thumb/v7-m/nofp/crt0.o (memset)
C:/PROGRA~2/Arm GNU Toolchain arm-none-eabi/14.2 rel1/bin/../lib/gcc/arm-none-eabi/14.2.1/thumb/v7-m/nofp\libg.a(libc_a-closer.o)
                              C:/PROGRA~2/Arm GNU Toolchain arm-none-eabi/14.2 rel1/bin/../lib/gcc/arm-none-eabi/14.2.1/thumb/v7-m/nofp\libg.a(libc_a-stdio.o) (_close_r)
C:/PROGRA~2/Arm GNU Toolchain arm-none-eabi/14.2 rel1/bin/../lib/gcc/arm-none-eabi/14.2.1/thumb/v7-m/nofp\libg.a(libc_a-reent.o)
                              C:/PROGRA~2/Arm GNU Toolchain arm-none-eabi/14.2 rel1/bin/../lib/gcc/arm-none-eabi/14.2.1/thumb/v7-m/nofp\libg.a(libc_a-closer.o) (errno)
C:/PROGRA~2/Arm GNU Toolchain arm-none-eabi/14.2 rel1/bin/../lib/gcc/arm-none-eabi/14.2.1/thumb/v7-m/nofp\libg.a(libc_a-impure.o)
                              C:/PROGRA~2/Arm GNU Toolchain arm-none-eabi/14.2 rel1/bin/../lib/gcc/arm-none-eabi/14.2.1/thumb/v7-m/nofp\libg.a(libc_a-sprintf.o) (_impure_ptr)
C:/PROGRA~2/Arm GNU Toolchain arm-none-eabi/14.2 rel1/bin/../lib/gcc/arm-none-eabi/14.2.1/thumb/v7-m/nofp\libg.a(libc_a-lseekr.o)
                              C:/PROGRA~2/Arm GNU Toolchain arm-none-eabi/14.2 rel1/bin/../lib/gcc/arm-none-eabi/14.2.1/thumb/v7-m/nofp\libg.a(libc_a-stdio.o) (_lseek_r)
C:/PROGRA~2/Arm GNU Toolchain arm-none-eabi/14.2 rel1/bin/../lib/gcc/arm-none-eabi/14.2.1/thumb/v7-m/nofp\libg.a(libc_a-readr.o)
                              C:/PROGRA~2/Arm GNU Toolchain arm-none-eabi/14.2 rel1/bin/../lib/gcc/arm-none-eabi/14.2.1/thumb/v7-m/nofp\libg.a(libc_a-stdio.o) (_read_r)
C:/PROGRA~2/Arm GNU Toolchain arm-none-eabi/14.2 rel1/bin/../lib/gcc/arm-none-eabi/14.2.1/thumb/v7-m/nofp\libg.a(libc_a-writer.o)
                              C:/PROGRA~2/Arm GNU Toolchain arm-none-eabi/14.2 rel1/bin/../lib/gcc/arm-none-eabi/14.2.1/thumb/v7-m/nofp\libg.a(libc_a-stdio.o) (_write_r)
C:/PROGRA~2/Arm GNU Toolchain arm-none-eabi/14.2 rel1/bin/../lib/gcc/arm-none-eabi/14.2.1/thumb/v7-m/nofp\libg.a(libc_a-errno.o)
                              CMakeFiles/ds.elf.dir/Core/Src/syscalls.c.obj (__errno)
C:/PROGRA~2/Arm GNU Toolchain arm-none-eabi/14.2 rel1/bin/../lib/gcc/arm-none-eabi/14.2.1/thumb/v7-m/nofp\libg.a(libc_a-init.o)
[...]
Memory Configuration

Name             Origin             Length             Attributes
RAM              0x20000000         0x00005000         xrw
FLASH            0x08000000         0x00010000         xr
*default*        0x00000000         0xffffffff

Linker script and memory map

LOAD C:/PROGRA~2/Arm GNU Toolchain arm-none-eabi/14.2 rel1/bin/../lib/gcc/arm-none-eabi/14.2.1/thumb/v7-m/nofp/crti.o
LOAD C:/PROGRA~2/Arm GNU Toolchain arm-none-eabi/14.2 rel1/bin/../lib/gcc/arm-none-eabi/14.2.1/thumb/v7-m/nofp/crtbegin.o
LOAD C:/PROGRA~2/Arm GNU Toolchain arm-none-eabi/14.2 rel1/bin/../lib/gcc/arm-none-eabi/14.2.1/thumb/v7-m/nofp/crt0.o
LOAD CMakeFiles/ds.elf.dir/Core/Src/font.c.obj
LOAD CMakeFiles/ds.elf.dir/Core/Src/gpio.c.obj
LOAD CMakeFiles/ds.elf.dir/Core/Src/i2c.c.obj
LOAD CMakeFiles/ds.elf.dir/Core/Src/main.c.obj
LOAD CMakeFiles/ds.elf.dir/Core/Src/oled.c.obj
LOAD CMakeFiles/ds.elf.dir/Core/Src/stm32f1xx_hal_msp.c.obj
LOAD CMakeFiles/ds.elf.dir/Core/Src/stm32f1xx_it.c.obj
LOAD CMakeFiles/ds.elf.dir/Core/Src/syscalls.c.obj
LOAD CMakeFiles/ds.elf.dir/Core/Src/sysmem.c.obj
LOAD CMakeFiles/ds.elf.dir/Core/Src/system_stm32f1xx.c.obj
LOAD CMakeFiles/ds.elf.dir/Core/Src/tim.c.obj
LOAD CMakeFiles/ds.elf.dir/Core/Src/usart.c.obj
LOAD CMakeFiles/ds.elf.dir/Core/Startup/startup_stm32f103c8tx.s.obj
LOAD CMakeFiles/ds.elf.dir/Drivers/STM32F1xx_HAL_Driver/Src/stm32f1xx_hal.c.obj
LOAD CMakeFiles/ds.elf.dir/Drivers/STM32F1xx_HAL_Driver/Src/stm32f1xx_hal_cortex.c.obj
LOAD CMakeFiles/ds.elf.dir/Drivers/STM32F1xx_HAL_Driver/Src/stm32f1xx_hal_dma.c.obj
LOAD CMakeFiles/ds.elf.dir/Drivers/STM32F1xx_HAL_Driver/Src/stm32f1xx_hal_exti.c.obj
LOAD CMakeFiles/ds.elf.dir/Drivers/STM32F1xx_HAL_Driver/Src/stm32f1xx_hal_flash.c.obj
LOAD CMakeFiles/ds.elf.dir/Drivers/STM32F1xx_HAL_Driver/Src/stm32f1xx_hal_flash_ex.c.obj
LOAD CMakeFiles/ds.elf.dir/Drivers/STM32F1xx_HAL_Driver/Src/stm32f1xx_hal_gpio.c.obj
LOAD CMakeFiles/ds.elf.dir/Drivers/STM32F1xx_HAL_Driver/Src/stm32f1xx_hal_gpio_ex.c.obj
LOAD CMakeFiles/ds.elf.dir/Drivers/STM32F1xx_HAL_Driver/Src/stm32f1xx_hal_i2c.c.obj
LOAD CMakeFiles/ds.elf.dir/Drivers/STM32F1xx_HAL_Driver/Src/stm32f1xx_hal_pwr.c.obj
LOAD CMakeFiles/ds.elf.dir/Drivers/STM32F1xx_HAL_Driver/Src/stm32f1xx_hal_rcc.c.obj
LOAD CMakeFiles/ds.elf.dir/Drivers/STM32F1xx_HAL_Driver/Src/stm32f1xx_hal_rcc_ex.c.obj
LOAD CMakeFiles/ds.elf.dir/Drivers/STM32F1xx_HAL_Driver/Src/stm32f1xx_hal_tim.c.obj
LOAD CMakeFiles/ds.elf.dir/Drivers/STM32F1xx_HAL_Driver/Src/stm32f1xx_hal_tim_ex.c.obj
LOAD CMakeFiles/ds.elf.dir/Drivers/STM32F1xx_HAL_Driver/Src/stm32f1xx_hal_uart.c.obj
START GROUP
LOAD C:/PROGRA~2/Arm GNU Toolchain arm-none-eabi/14.2 rel1/bin/../lib/gcc/arm-none-eabi/14.2.1/thumb/v7-m/nofp\libgcc.a
LOAD C:/PROGRA~2/Arm GNU Toolchain arm-none-eabi/14.2 rel1/bin/../lib/gcc/arm-none-eabi/14.2.1/thumb/v7-m/nofp\libg.a
LOAD C:/PROGRA~2/Arm GNU Toolchain arm-none-eabi/14.2 rel1/bin/../lib/gcc/arm-none-eabi/14.2.1/thumb/v7-m/nofp\libc.a
END GROUP
LOAD C:/PROGRA~2/Arm GNU Toolchain arm-none-eabi/14.2 rel1/bin/../lib/gcc/arm-none-eabi/14.2.1/thumb/v7-m/nofp/crtend.o
LOAD C:/PROGRA~2/Arm GNU Toolchain arm-none-eabi/14.2 rel1/bin/../lib/gcc/arm-none-eabi/14.2.1/thumb/v7-m/nofp/crtn.o
                0x20005000                        _estack = (ORIGIN (RAM) + LENGTH (RAM))
                0x00000200                        _Min_Heap_Size = 0x200
                0x00000400                        _Min_Stack_Size = 0x400

.isr_vector     0x08000000      0x10c
                0x08000000                        . = ALIGN (0x4)
 *(.isr_vector)
 .isr_vector    0x08000000      0x10c CMakeFiles/ds.elf.dir/Core/Startup/startup_stm32f103c8tx.s.obj
                0x08000000                g_pfnVectors
                0x0800010c                        . = ALIGN (0x4)

.text           0x08000110     0xa4d4
                0x08000110                        . = ALIGN (0x4)
 *(.text)
 .text          0x08000110      0x378 C:/PROGRA~2/Arm GNU Toolchain arm-none-eabi/14.2 rel1/bin/../lib/gcc/arm-none-eabi/14.2.1/thumb/v7-m/nofp\libgcc.a(_arm_addsubdf3.o)
                0x08000110                __aeabi_drsub
                0x08000118                __aeabi_dsub
                0x08000118                __subdf3
                0x0800011c                __aeabi_dadd
                0x0800011c                __adddf3
                0x08000394                __floatunsidf
                0x08000394                __aeabi_ui2d
                0x080003b4                __floatsidf
                0x080003b4                __aeabi_i2d
                0x080003d8                __aeabi_f2d
                0x080003d8                __extendsfdf2
                0x0800041c                __floatundidf
                0x0800041c                __aeabi_ul2d
                0x0800042c                __floatdidf
                0x0800042c                __aeabi_l2d
 .text          0x08000488       0x50 C:/PROGRA~2/Arm GNU Toolchain arm-none-eabi/14.2 rel1/bin/../lib/gcc/arm-none-eabi/14.2.1/thumb/v7-m/nofp\libgcc.a(_arm_fixdfsi.o)
                0x08000488                __aeabi_d2iz
                0x08000488                __fixdfsi
 .text          0x080004d8       0xa0 C:/PROGRA~2/Arm GNU Toolchain arm-none-eabi/14.2 rel1/bin/../lib/gcc/arm-none-eabi/14.2.1/thumb/v7-m/nofp\libgcc.a(_arm_truncdfsf2.o)
                0x080004d8                __truncdfsf2
                0x080004d8                __aeabi_d2f
 .text          0x08000578       0xec C:/PROGRA~2/Arm GNU Toolchain arm-none-eabi/14.2 rel1/bin/../lib/gcc/arm-none-eabi/14.2.1/thumb/v7-m/nofp\libg.a(libc_a-memcpy.o)
                0x08000578                memcpy
 .text          0x08000664      0x424 C:/PROGRA~2/Arm GNU Toolchain arm-none-eabi/14.2 rel1/bin/../lib/gcc/arm-none-eabi/14.2.1/thumb/v7-m/nofp\libgcc.a(_arm_muldivdf3.o)
                0x08000664                __aeabi_dmul
                0x08000664                __muldf3
                0x080008b8                __divdf3
                0x080008b8                __aeabi_ddiv
 .text          0x08000a88      0x110 C:/PROGRA~2/Arm GNU Toolchain arm-none-eabi/14.2 rel1/bin/../lib/gcc/arm-none-eabi/14.2.1/thumb/v7-m/nofp\libgcc.a(_arm_cmpdf2.o)
                0x08000a88                __gtdf2
                0x08000a88                __gedf2
                0x08000a90                __ltdf2
                0x08000a90                __ledf2
                0x08000a98                __nedf2
                0x08000a98                __eqdf2
                0x08000a98                __cmpdf2
                0x08000b14                __aeabi_cdrcmple
                0x08000b24                __aeabi_cdcmpeq
                0x08000b24                __aeabi_cdcmple
                0x08000b34                __aeabi_dcmpeq
                0x08000b48                __aeabi_dcmplt
                0x08000b5c                __aeabi_dcmple
                0x08000b70                __aeabi_dcmpge
                0x08000b84                __aeabi_dcmpgt
 .text          0x08000b98       0x2c C:/PROGRA~2/Arm GNU Toolchain arm-none-eabi/14.2 rel1/bin/../lib/gcc/arm-none-eabi/14.2.1/thumb/v7-m/nofp\libgcc.a(_arm_unorddf2.o)
                0x08000b98                __unorddf2
                0x08000b98                __aeabi_dcmpun
 *(.text*)
 .text.deregister_tm_clones
                0x08000bc4       0x1c C:/PROGRA~2/Arm GNU Toolchain arm-none-eabi/14.2 rel1/bin/../lib/gcc/arm-none-eabi/14.2.1/thumb/v7-m/nofp/crtbegin.o
 .text.register_tm_clones
                0x08000be0       0x24 C:/PROGRA~2/Arm GNU Toolchain arm-none-eabi/14.2 rel1/bin/../lib/gcc/arm-none-eabi/14.2.1/thumb/v7-m/nofp/crtbegin.o
 .text.__do_global_dtors_aux
                0x08000c04       0x28 C:/PROGRA~2/Arm GNU Toolchain arm-none-eabi/14.2 rel1/bin/../lib/gcc/arm-none-eabi/14.2.1/thumb/v7-m/nofp/crtbegin.o
 .text.frame_dummy
                0x08000c2c       0x24 C:/PROGRA~2/Arm GNU Toolchain arm-none-eabi/14.2 rel1/bin/../lib/gcc/arm-none-eabi/14.2.1/thumb/v7-m/nofp/crtbegin.o
 .text.MX_GPIO_Init
                0x08000c50       0xa8 CMakeFiles/ds.elf.dir/Core/Src/gpio.c.obj
                0x08000c50                MX_GPIO_Init
 .text.MX_I2C1_Init
                0x08000cf8       0x3c CMakeFiles/ds.elf.dir/Core/Src/i2c.c.obj
                0x08000cf8                MX_I2C1_Init
 .text.HAL_I2C_MspInit
                0x08000d34       0x78 CMakeFiles/ds.elf.dir/Core/Src/i2c.c.obj
                0x08000d34                HAL_I2C_MspInit
 .text.HAL_UARTEx_RxEventCallback
                0x08000dac       0x38 CMakeFiles/ds.elf.dir/Core/Src/main.c.obj
                0x08000dac                HAL_UARTEx_RxEventCallback
 *fill*         0x08000de4        0x4 
 .text.HAL_TIM_IC_CaptureCallback
                0x08000de8       0x6c CMakeFiles/ds.elf.dir/Core/Src/main.c.obj
                0x08000de8                HAL_TIM_IC_CaptureCallback
 .text.Error_Handler
                0x08000e54        0x4 CMakeFiles/ds.elf.dir/Core/Src/main.c.obj
                0x08000e54                Error_Handler
 .text.SystemClock_Config
                0x08000e58       0x64 CMakeFiles/ds.elf.dir/Core/Src/main.c.obj
                0x08000e58                SystemClock_Config
 .text.main     0x08000ebc       0xd4 CMakeFiles/ds.elf.dir/Core/Src/main.c.obj
                0x08000ebc                main
 .text.OLED_Send
                0x08000f90       0x20 CMakeFiles/ds.elf.dir/Core/Src/oled.c.obj
                0x08000f90                OLED_Send
 .text.OLED_SendCmd
                0x08000fb0       0x14 CMakeFiles/ds.elf.dir/Core/Src/oled.c.obj
                0x08000fb0                OLED_SendCmd
 .text.OLED_NewFrame
                0x08000fc4       0x14 CMakeFiles/ds.elf.dir/Core/Src/oled.c.obj
                0x08000fc4                OLED_NewFrame
 .text.OLED_ShowFrame
                0x08000fd8       0x50 CMakeFiles/ds.elf.dir/Core/Src/oled.c.obj
                0x08000fd8                OLED_ShowFrame
 .text.OLED_Init
                0x08001028       0xb4 CMakeFiles/ds.elf.dir/Core/Src/oled.c.obj
                0x08001028                OLED_Init
 .text.OLED_SetByte_Fine
                0x080010dc       0x74 CMakeFiles/ds.elf.dir/Core/Src/oled.c.obj
                0x080010dc                OLED_SetByte_Fine
 .text.OLED_SetBits_Fine
                0x08001150       0x78 CMakeFiles/ds.elf.dir/Core/Src/oled.c.obj
                0x08001150                OLED_SetBits_Fine
 .text.OLED_SetBits
                0x080011c8       0x4e CMakeFiles/ds.elf.dir/Core/Src/oled.c.obj
                0x080011c8                OLED_SetBits
 .text.OLED_SetBlock
                0x08001216       0x8e CMakeFiles/ds.elf.dir/Core/Src/oled.c.obj
                0x08001216                OLED_SetBlock
 .text.OLED_PrintASCIIChar
                0x080012a4       0x2c CMakeFiles/ds.elf.dir/Core/Src/oled.c.obj
                0x080012a4                OLED_PrintASCIIChar
 .text._OLED_GetUTF8Len
                0x080012d0       0x36 CMakeFiles/ds.elf.dir/Core/Src/oled.c.obj
                0x080012d0                _OLED_GetUTF8Len
 .text.OLED_PrintString
                0x08001306       0xf0 CMakeFiles/ds.elf.dir/Core/Src/oled.c.obj
                0x08001306                OLED_PrintString
 *fill*         0x080013f6        0x2 
 .text.HAL_MspInit
                0x080013f8       0x44 CMakeFiles/ds.elf.dir/Core/Src/stm32f1xx_hal_msp.c.obj
                0x080013f8                HAL_MspInit
 .text.NMI_Handler
                0x0800143c        0x2 CMakeFiles/ds.elf.dir/Core/Src/stm32f1xx_it.c.obj
                0x0800143c                NMI_Handler
 .text.HardFault_Handler
                0x0800143e        0x2 CMakeFiles/ds.elf.dir/Core/Src/stm32f1xx_it.c.obj
                0x0800143e                HardFault_Handler
 .text.MemManage_Handler
                0x08001440        0x2 CMakeFiles/ds.elf.dir/Core/Src/stm32f1xx_it.c.obj
                0x08001440                MemManage_Handler
 .text.BusFault_Handler
                0x08001442        0x2 CMakeFiles/ds.elf.dir/Core/Src/stm32f1xx_it.c.obj
                0x08001442                BusFault_Handler
 .text.UsageFault_Handler
                0x08001444        0x2 CMakeFiles/ds.elf.dir/Core/Src/stm32f1xx_it.c.obj
                0x08001444                UsageFault_Handler
 .text.SVC_Handler
                0x08001446        0x2 CMakeFiles/ds.elf.dir/Core/Src/stm32f1xx_it.c.obj
                0x08001446                SVC_Handler
 .text.DebugMon_Handler
                0x08001448        0x2 CMakeFiles/ds.elf.dir/Core/Src/stm32f1xx_it.c.obj
                0x08001448                DebugMon_Handler
 .text.PendSV_Handler
                0x0800144a        0x2 CMakeFiles/ds.elf.dir/Core/Src/stm32f1xx_it.c.obj
                0x0800144a                PendSV_Handler
 .text.SysTick_Handler
                0x0800144c        0x8 CMakeFiles/ds.elf.dir/Core/Src/stm32f1xx_it.c.obj
                0x0800144c                SysTick_Handler
 .text.TIM1_CC_IRQHandler
                0x08001454       0x10 CMakeFiles/ds.elf.dir/Core/Src/stm32f1xx_it.c.obj
                0x08001454                TIM1_CC_IRQHandler
 .text.USART2_IRQHandler
                0x08001464       0x10 CMakeFiles/ds.elf.dir/Core/Src/stm32f1xx_it.c.obj
                0x08001464                USART2_IRQHandler
 .text._getpid  0x08001474        0x4 CMakeFiles/ds.elf.dir/Core/Src/syscalls.c.obj
                0x08001474                _getpid
 .text._kill    0x08001478       0x10 CMakeFiles/ds.elf.dir/Core/Src/syscalls.c.obj
                0x08001478                _kill
 .text._exit    0x08001488        0xc CMakeFiles/ds.elf.dir/Core/Src/syscalls.c.obj
                0x08001488                _exit
 .text._read    0x08001494       0x20 CMakeFiles/ds.elf.dir/Core/Src/syscalls.c.obj
                0x08001494                _read
 .text._write   0x080014b4       0x1c CMakeFiles/ds.elf.dir/Core/Src/syscalls.c.obj
                0x080014b4                _write
 .text._close   0x080014d0        0x6 CMakeFiles/ds.elf.dir/Core/Src/syscalls.c.obj
                0x080014d0                _close
 .text._fstat   0x080014d6        0xa CMakeFiles/ds.elf.dir/Core/Src/syscalls.c.obj
                0x080014d6                _fstat
 .text._isatty  0x080014e0        0x4 CMakeFiles/ds.elf.dir/Core/Src/syscalls.c.obj
                0x080014e0                _isatty
 .text._lseek   0x080014e4        0x4 CMakeFiles/ds.elf.dir/Core/Src/syscalls.c.obj
                0x080014e4                _lseek
 .text._sbrk    0x080014e8       0x48 CMakeFiles/ds.elf.dir/Core/Src/sysmem.c.obj
                0x080014e8                _sbrk
 .text.SystemInit
                0x08001530        0x2 CMakeFiles/ds.elf.dir/Core/Src/system_stm32f1xx.c.obj
                0x08001530                SystemInit
 *fill*         0x08001532        0x2 
 .text.MX_TIM1_Init
                0x08001534       0xbc CMakeFiles/ds.elf.dir/Core/Src/tim.c.obj
                0x08001534                MX_TIM1_Init
 .text.HAL_TIM_Base_MspInit
                0x080015f0       0x6c CMakeFiles/ds.elf.dir/Core/Src/tim.c.obj
                0x080015f0                HAL_TIM_Base_MspInit
 .text.MX_USART2_UART_Init
                0x0800165c       0x34 CMakeFiles/ds.elf.dir/Core/Src/usart.c.obj
                0x0800165c                MX_USART2_UART_Init
 .text.HAL_UART_MspInit
                0x08001690       0x88 CMakeFiles/ds.elf.dir/Core/Src/usart.c.obj
                0x08001690                HAL_UART_MspInit
 .text.Reset_Handler
                0x08001718       0x48 CMakeFiles/ds.elf.dir/Core/Startup/startup_stm32f103c8tx.s.obj
                0x08001718                Reset_Handler
 .text.Default_Handler
                0x08001760        0x2 CMakeFiles/ds.elf.dir/Core/Startup/startup_stm32f103c8tx.s.obj
                0x08001760                RTC_Alarm_IRQHandler
                0x08001760                EXTI2_IRQHandler
                0x08001760                PVD_IRQHandler
                0x08001760                EXTI3_IRQHandler
                0x08001760                EXTI0_IRQHandler
                0x08001760                I2C2_EV_IRQHandler
                0x08001760                ADC1_2_IRQHandler
                0x08001760                SPI1_IRQHandler
                0x08001760                TAMPER_IRQHandler
                0x08001760                DMA1_Channel4_IRQHandler
                0x08001760                USART3_IRQHandler
                0x08001760                RTC_IRQHandler
                0x08001760                DMA1_Channel7_IRQHandler
                0x08001760                CAN1_RX1_IRQHandler
                0x08001760                TIM4_IRQHandler
                0x08001760                I2C1_EV_IRQHandler
                0x08001760                DMA1_Channel6_IRQHandler
                0x08001760                TIM3_IRQHandler
                0x08001760                RCC_IRQHandler
                0x08001760                TIM1_TRG_COM_IRQHandler
                0x08001760                DMA1_Channel1_IRQHandler
                0x08001760                Default_Handler
                0x08001760                EXTI15_10_IRQHandler
                0x08001760                EXTI9_5_IRQHandler
                0x08001760                SPI2_IRQHandler
                0x08001760                DMA1_Channel5_IRQHandler
                0x08001760                EXTI4_IRQHandler
                0x08001760                USB_LP_CAN1_RX0_IRQHandler
                0x08001760                USB_HP_CAN1_TX_IRQHandler
                0x08001760                DMA1_Channel3_IRQHandler
                0x08001760                TIM1_UP_IRQHandler
                0x08001760                WWDG_IRQHandler
                0x08001760                TIM2_IRQHandler
                0x08001760                TIM1_BRK_IRQHandler
                0x08001760                EXTI1_IRQHandler
                0x08001760                I2C2_ER_IRQHandler
                0x08001760                DMA1_Channel2_IRQHandler
                0x08001760                CAN1_SCE_IRQHandler
                0x08001760                FLASH_IRQHandler
                0x08001760                USART1_IRQHandler
                0x08001760                I2C1_ER_IRQHandler
                0x08001760                USBWakeUp_IRQHandler
 *fill*         0x08001762        0x2 
 .text.HAL_InitTick
                0x08001764       0x4c CMakeFiles/ds.elf.dir/Drivers/STM32F1xx_HAL_Driver/Src/stm32f1xx_hal.c.obj
                0x08001764                HAL_InitTick
 .text.HAL_Init
                0x080017b0       0x24 CMakeFiles/ds.elf.dir/Drivers/STM32F1xx_HAL_Driver/Src/stm32f1xx_hal.c.obj
                0x080017b0                HAL_Init
 .text.HAL_IncTick
                0x080017d4       0x18 CMakeFiles/ds.elf.dir/Drivers/STM32F1xx_HAL_Driver/Src/stm32f1xx_hal.c.obj
                0x080017d4                HAL_IncTick
 .text.HAL_GetTick
                0x080017ec        0xc CMakeFiles/ds.elf.dir/Drivers/STM32F1xx_HAL_Driver/Src/stm32f1xx_hal.c.obj
                0x080017ec                HAL_GetTick
 .text.HAL_Delay
                0x080017f8       0x28 CMakeFiles/ds.elf.dir/Drivers/STM32F1xx_HAL_Driver/Src/stm32f1xx_hal.c.obj
                0x080017f8                HAL_Delay
 .text.__NVIC_SetPriority
                0x08001820       0x28 CMakeFiles/ds.elf.dir/Drivers/STM32F1xx_HAL_Driver/Src/stm32f1xx_hal_cortex.c.obj
 .text.NVIC_EncodePriority
                0x08001848       0x3e CMakeFiles/ds.elf.dir/Drivers/STM32F1xx_HAL_Driver/Src/stm32f1xx_hal_cortex.c.obj
 *fill*         0x08001886        0x2 
 .text.HAL_NVIC_SetPriorityGrouping
                0x08001888       0x24 CMakeFiles/ds.elf.dir/Drivers/STM32F1xx_HAL_Driver/Src/stm32f1xx_hal_cortex.c.obj
                0x08001888                HAL_NVIC_SetPriorityGrouping
 .text.HAL_NVIC_SetPriority
                0x080018ac       0x20 CMakeFiles/ds.elf.dir/Drivers/STM32F1xx_HAL_Driver/Src/stm32f1xx_hal_cortex.c.obj
                0x080018ac                HAL_NVIC_SetPriority
 .text.HAL_NVIC_EnableIRQ
                0x080018cc       0x1c CMakeFiles/ds.elf.dir/Drivers/STM32F1xx_HAL_Driver/Src/stm32f1xx_hal_cortex.c.obj
                0x080018cc                HAL_NVIC_EnableIRQ
 .text.HAL_SYSTICK_Config
                0x080018e8       0x28 CMakeFiles/ds.elf.dir/Drivers/STM32F1xx_HAL_Driver/Src/stm32f1xx_hal_cortex.c.obj
                0x080018e8                HAL_SYSTICK_Config
 .text.HAL_DMA_Abort
                0x08001910       0x44 CMakeFiles/ds.elf.dir/Drivers/STM32F1xx_HAL_Driver/Src/stm32f1xx_hal_dma.c.obj
                0x08001910                HAL_DMA_Abort
 .text.HAL_DMA_Abort_IT
                0x08001954       0x98 CMakeFiles/ds.elf.dir/Drivers/STM32F1xx_HAL_Driver/Src/stm32f1xx_hal_dma.c.obj
                0x08001954                HAL_DMA_Abort_IT
 .text.HAL_GPIO_Init
                0x080019ec      0x214 CMakeFiles/ds.elf.dir/Drivers/STM32F1xx_HAL_Driver/Src/stm32f1xx_hal_gpio.c.obj
                0x080019ec                HAL_GPIO_Init
 .text.HAL_GPIO_WritePin
                0x08001c00        0xc CMakeFiles/ds.elf.dir/Drivers/STM32F1xx_HAL_Driver/Src/stm32f1xx_hal_gpio.c.obj
                0x08001c00                HAL_GPIO_WritePin
 .text.I2C_IsAcknowledgeFailed
                0x08001c0c       0x32 CMakeFiles/ds.elf.dir/Drivers/STM32F1xx_HAL_Driver/Src/stm32f1xx_hal_i2c.c.obj
 .text.I2C_WaitOnFlagUntilTimeout
                0x08001c3e       0xaa CMakeFiles/ds.elf.dir/Drivers/STM32F1xx_HAL_Driver/Src/stm32f1xx_hal_i2c.c.obj
 .text.I2C_WaitOnMasterAddressFlagUntilTimeout
                0x08001ce8       0xd6 CMakeFiles/ds.elf.dir/Drivers/STM32F1xx_HAL_Driver/Src/stm32f1xx_hal_i2c.c.obj
 *fill*         0x08001dbe        0x2 
 .text.I2C_MasterRequestWrite
                0x08001dc0       0xb4 CMakeFiles/ds.elf.dir/Drivers/STM32F1xx_HAL_Driver/Src/stm32f1xx_hal_i2c.c.obj
 .text.I2C_WaitOnTXEFlagUntilTimeout
                0x08001e74       0x5e CMakeFiles/ds.elf.dir/Drivers/STM32F1xx_HAL_Driver/Src/stm32f1xx_hal_i2c.c.obj
 .text.I2C_WaitOnBTFFlagUntilTimeout
                0x08001ed2       0x5e CMakeFiles/ds.elf.dir/Drivers/STM32F1xx_HAL_Driver/Src/stm32f1xx_hal_i2c.c.obj
 .text.HAL_I2C_Init
                0x08001f30      0x1bc CMakeFiles/ds.elf.dir/Drivers/STM32F1xx_HAL_Driver/Src/stm32f1xx_hal_i2c.c.obj
                0x08001f30                HAL_I2C_Init
 .text.HAL_I2C_Master_Transmit
                0x080020ec      0x174 CMakeFiles/ds.elf.dir/Drivers/STM32F1xx_HAL_Driver/Src/stm32f1xx_hal_i2c.c.obj
                0x080020ec                HAL_I2C_Master_Transmit
 .text.RCC_Delay
                0x08002260       0x2c CMakeFiles/ds.elf.dir/Drivers/STM32F1xx_HAL_Driver/Src/stm32f1xx_hal_rcc.c.obj
 .text.HAL_RCC_OscConfig
                0x0800228c      0x410 CMakeFiles/ds.elf.dir/Drivers/STM32F1xx_HAL_Driver/Src/stm32f1xx_hal_rcc.c.obj
                0x0800228c                HAL_RCC_OscConfig
 .text.HAL_RCC_GetSysClockFreq
                0x0800269c       0x54 CMakeFiles/ds.elf.dir/Drivers/STM32F1xx_HAL_Driver/Src/stm32f1xx_hal_rcc.c.obj
                0x0800269c                HAL_RCC_GetSysClockFreq
 .text.HAL_RCC_ClockConfig
                0x080026f0      0x16c CMakeFiles/ds.elf.dir/Drivers/STM32F1xx_HAL_Driver/Src/stm32f1xx_hal_rcc.c.obj
                0x080026f0                HAL_RCC_ClockConfig
 .text.HAL_RCC_GetHCLKFreq
                0x0800285c        0xc CMakeFiles/ds.elf.dir/Drivers/STM32F1xx_HAL_Driver/Src/stm32f1xx_hal_rcc.c.obj
                0x0800285c                HAL_RCC_GetHCLKFreq
 .text.HAL_RCC_GetPCLK1Freq
                0x08002868       0x20 CMakeFiles/ds.elf.dir/Drivers/STM32F1xx_HAL_Driver/Src/stm32f1xx_hal_rcc.c.obj
                0x08002868                HAL_RCC_GetPCLK1Freq
 .text.HAL_RCC_GetPCLK2Freq
                0x08002888       0x20 CMakeFiles/ds.elf.dir/Drivers/STM32F1xx_HAL_Driver/Src/stm32f1xx_hal_rcc.c.obj
                0x08002888                HAL_RCC_GetPCLK2Freq
 .text.TIM_TI1_ConfigInputStage
                0x080028a8       0x24 CMakeFiles/ds.elf.dir/Drivers/STM32F1xx_HAL_Driver/Src/stm32f1xx_hal_tim.c.obj
 .text.TIM_TI2_SetConfig
                0x080028cc       0x36 CMakeFiles/ds.elf.dir/Drivers/STM32F1xx_HAL_Driver/Src/stm32f1xx_hal_tim.c.obj
 .text.TIM_TI2_ConfigInputStage
                0x08002902       0x26 CMakeFiles/ds.elf.dir/Drivers/STM32F1xx_HAL_Driver/Src/stm32f1xx_hal_tim.c.obj
 .text.TIM_TI3_SetConfig
                0x08002928       0x36 CMakeFiles/ds.elf.dir/Drivers/STM32F1xx_HAL_Driver/Src/stm32f1xx_hal_tim.c.obj
 .text.TIM_TI4_SetConfig
                0x0800295e       0x36 CMakeFiles/ds.elf.dir/Drivers/STM32F1xx_HAL_Driver/Src/stm32f1xx_hal_tim.c.obj
 .text.TIM_ITRx_SetConfig
                0x08002994       0x10 CMakeFiles/ds.elf.dir/Drivers/STM32F1xx_HAL_Driver/Src/stm32f1xx_hal_tim.c.obj
 .text.HAL_TIM_Base_Start
                0x080029a4       0x5c CMakeFiles/ds.elf.dir/Drivers/STM32F1xx_HAL_Driver/Src/stm32f1xx_hal_tim.c.obj
                0x080029a4                HAL_TIM_Base_Start
 .text.HAL_TIM_IC_MspInit
                0x08002a00        0x2 CMakeFiles/ds.elf.dir/Drivers/STM32F1xx_HAL_Driver/Src/stm32f1xx_hal_tim.c.obj
                0x08002a00                HAL_TIM_IC_MspInit
 .text.HAL_TIM_ReadCapturedValue
                0x08002a02       0x32 CMakeFiles/ds.elf.dir/Drivers/STM32F1xx_HAL_Driver/Src/stm32f1xx_hal_tim.c.obj
                0x08002a02                HAL_TIM_ReadCapturedValue
 .text.HAL_TIM_PeriodElapsedCallback
                0x08002a34        0x2 CMakeFiles/ds.elf.dir/Drivers/STM32F1xx_HAL_Driver/Src/stm32f1xx_hal_tim.c.obj
                0x08002a34                HAL_TIM_PeriodElapsedCallback
 .text.HAL_TIM_OC_DelayElapsedCallback
                0x08002a36        0x2 CMakeFiles/ds.elf.dir/Drivers/STM32F1xx_HAL_Driver/Src/stm32f1xx_hal_tim.c.obj
                0x08002a36                HAL_TIM_OC_DelayElapsedCallback
 .text.HAL_TIM_PWM_PulseFinishedCallback
                0x08002a38        0x2 CMakeFiles/ds.elf.dir/Drivers/STM32F1xx_HAL_Driver/Src/stm32f1xx_hal_tim.c.obj
                0x08002a38                HAL_TIM_PWM_PulseFinishedCallback
 .text.HAL_TIM_TriggerCallback
                0x08002a3a        0x2 CMakeFiles/ds.elf.dir/Drivers/STM32F1xx_HAL_Driver/Src/stm32f1xx_hal_tim.c.obj
                0x08002a3a                HAL_TIM_TriggerCallback
 .text.HAL_TIM_IRQHandler
                0x08002a3c      0x15e CMakeFiles/ds.elf.dir/Drivers/STM32F1xx_HAL_Driver/Src/stm32f1xx_hal_tim.c.obj
                0x08002a3c                HAL_TIM_IRQHandler
 *fill*         0x08002b9a        0x2 
 .text.TIM_Base_SetConfig
                0x08002b9c       0x84 CMakeFiles/ds.elf.dir/Drivers/STM32F1xx_HAL_Driver/Src/stm32f1xx_hal_tim.c.obj
                0x08002b9c                TIM_Base_SetConfig
 .text.HAL_TIM_Base_Init
                0x08002c20       0x58 CMakeFiles/ds.elf.dir/Drivers/STM32F1xx_HAL_Driver/Src/stm32f1xx_hal_tim.c.obj
                0x08002c20                HAL_TIM_Base_Init
 .text.HAL_TIM_IC_Init
                0x08002c78       0x58 CMakeFiles/ds.elf.dir/Drivers/STM32F1xx_HAL_Driver/Src/stm32f1xx_hal_tim.c.obj
                0x08002c78                HAL_TIM_IC_Init
 .text.TIM_TI1_SetConfig
                0x08002cd0       0x58 CMakeFiles/ds.elf.dir/Drivers/STM32F1xx_HAL_Driver/Src/stm32f1xx_hal_tim.c.obj
                0x08002cd0                TIM_TI1_SetConfig
 .text.HAL_TIM_IC_ConfigChannel
                0x08002d28       0xcc CMakeFiles/ds.elf.dir/Drivers/STM32F1xx_HAL_Driver/Src/stm32f1xx_hal_tim.c.obj
                0x08002d28                HAL_TIM_IC_ConfigChannel
 .text.TIM_ETR_SetConfig
                0x08002df4       0x18 CMakeFiles/ds.elf.dir/Drivers/STM32F1xx_HAL_Driver/Src/stm32f1xx_hal_tim.c.obj
                0x08002df4                TIM_ETR_SetConfig
 .text.HAL_TIM_ConfigClockSource
                0x08002e0c       0xfe CMakeFiles/ds.elf.dir/Drivers/STM32F1xx_HAL_Driver/Src/stm32f1xx_hal_tim.c.obj
                0x08002e0c                HAL_TIM_ConfigClockSource
 .text.TIM_CCxChannelCmd
                0x08002f0a       0x1e CMakeFiles/ds.elf.dir/Drivers/STM32F1xx_HAL_Driver/Src/stm32f1xx_hal_tim.c.obj
                0x08002f0a                TIM_CCxChannelCmd
 .text.HAL_TIM_IC_Start
                0x08002f28       0xfc CMakeFiles/ds.elf.dir/Drivers/STM32F1xx_HAL_Driver/Src/stm32f1xx_hal_tim.c.obj
                0x08002f28                HAL_TIM_IC_Start
 .text.HAL_TIM_IC_Start_IT
                0x08003024      0x170 CMakeFiles/ds.elf.dir/Drivers/STM32F1xx_HAL_Driver/Src/stm32f1xx_hal_tim.c.obj
                0x08003024                HAL_TIM_IC_Start_IT
 .text.HAL_TIMEx_MasterConfigSynchronization
                0x08003194       0x6c CMakeFiles/ds.elf.dir/Drivers/STM32F1xx_HAL_Driver/Src/stm32f1xx_hal_tim_ex.c.obj
                0x08003194                HAL_TIMEx_MasterConfigSynchronization
 .text.HAL_TIMEx_CommutCallback
                0x08003200        0x2 CMakeFiles/ds.elf.dir/Drivers/STM32F1xx_HAL_Driver/Src/stm32f1xx_hal_tim_ex.c.obj
                0x08003200                HAL_TIMEx_CommutCallback
 .text.HAL_TIMEx_BreakCallback
                0x08003202        0x2 CMakeFiles/ds.elf.dir/Drivers/STM32F1xx_HAL_Driver/Src/stm32f1xx_hal_tim_ex.c.obj
                0x08003202                HAL_TIMEx_BreakCallback
 .text.UART_EndRxTransfer
                0x08003204       0x5c CMakeFiles/ds.elf.dir/Drivers/STM32F1xx_HAL_Driver/Src/stm32f1xx_hal_uart.c.obj
 .text.UART_Transmit_IT
                0x08003260       0x5e CMakeFiles/ds.elf.dir/Drivers/STM32F1xx_HAL_Driver/Src/stm32f1xx_hal_uart.c.obj
 *fill*         0x080032be        0x2 
 .text.UART_SetConfig
                0x080032c0       0x94 CMakeFiles/ds.elf.dir/Drivers/STM32F1xx_HAL_Driver/Src/stm32f1xx_hal_uart.c.obj
 .text.HAL_UART_Init
                0x08003354       0x60 CMakeFiles/ds.elf.dir/Drivers/STM32F1xx_HAL_Driver/Src/stm32f1xx_hal_uart.c.obj
                0x08003354                HAL_UART_Init
 .text.HAL_UART_Transmit_IT
                0x080033b4       0x36 CMakeFiles/ds.elf.dir/Drivers/STM32F1xx_HAL_Driver/Src/stm32f1xx_hal_uart.c.obj
                0x080033b4                HAL_UART_Transmit_IT
 .text.HAL_UART_TxCpltCallback
                0x080033ea        0x2 CMakeFiles/ds.elf.dir/Drivers/STM32F1xx_HAL_Driver/Src/stm32f1xx_hal_uart.c.obj
                0x080033ea                HAL_UART_TxCpltCallback
 .text.UART_EndTransmit_IT
                0x080033ec       0x1a CMakeFiles/ds.elf.dir/Drivers/STM32F1xx_HAL_Driver/Src/stm32f1xx_hal_uart.c.obj
 .text.HAL_UART_RxCpltCallback
                0x08003406        0x2 CMakeFiles/ds.elf.dir/Drivers/STM32F1xx_HAL_Driver/Src/stm32f1xx_hal_uart.c.obj
                0x08003406                HAL_UART_RxCpltCallback
 .text.HAL_UART_ErrorCallback
                0x08003408        0x2 CMakeFiles/ds.elf.dir/Drivers/STM32F1xx_HAL_Driver/Src/stm32f1xx_hal_uart.c.obj
                0x08003408                HAL_UART_ErrorCallback
 .text.UART_DMAAbortOnError
                0x0800340a       0x10 CMakeFiles/ds.elf.dir/Drivers/STM32F1xx_HAL_Driver/Src/stm32f1xx_hal_uart.c.obj
 .text.UART_Receive_IT
                0x0800341a       0xe4 CMakeFiles/ds.elf.dir/Drivers/STM32F1xx_HAL_Driver/Src/stm32f1xx_hal_uart.c.obj
 *fill*         0x080034fe        0x2 
 .text.HAL_UART_IRQHandler
                0x08003500      0x284 CMakeFiles/ds.elf.dir/Drivers/STM32F1xx_HAL_Driver/Src/stm32f1xx_hal_uart.c.obj
                0x08003500                HAL_UART_IRQHandler
 .text.UART_Start_Receive_IT
                0x08003784       0x36 CMakeFiles/ds.elf.dir/Drivers/STM32F1xx_HAL_Driver/Src/stm32f1xx_hal_uart.c.obj
                0x08003784                UART_Start_Receive_IT
 .text.HAL_UARTEx_ReceiveToIdle_IT
                0x080037ba       0x64 CMakeFiles/ds.elf.dir/Drivers/STM32F1xx_HAL_Driver/Src/stm32f1xx_hal_uart.c.obj
                0x080037ba                HAL_UARTEx_ReceiveToIdle_IT
 *fill*         0x0800381e        0x2 
 .text.stdio_exit_handler
                0x08003820       0x18 C:/PROGRA~2/Arm GNU Toolchain arm-none-eabi/14.2 rel1/bin/../lib/gcc/arm-none-eabi/14.2.1/thumb/v7-m/nofp\libg.a(libc_a-findfp.o)
 .text.cleanup_stdio
                0x08003838       0x40 C:/PROGRA~2/Arm GNU Toolchain arm-none-eabi/14.2 rel1/bin/../lib/gcc/arm-none-eabi/14.2.1/thumb/v7-m/nofp\libg.a(libc_a-findfp.o)
 .text.global_stdio_init.part.0
                0x08003878       0xf0 C:/PROGRA~2/Arm GNU Toolchain arm-none-eabi/14.2 rel1/bin/../lib/gcc/arm-none-eabi/14.2.1/thumb/v7-m/nofp\libg.a(libc_a-findfp.o)
 .text.__sinit  0x08003968       0x3c C:/PROGRA~2/Arm GNU Toolchain arm-none-eabi/14.2 rel1/bin/../lib/gcc/arm-none-eabi/14.2.1/thumb/v7-m/nofp\libg.a(libc_a-findfp.o)
                0x08003968                __sinit
 .text.__sfp_lock_acquire
                0x080039a4        0xc C:/PROGRA~2/Arm GNU Toolchain arm-none-eabi/14.2 rel1/bin/../lib/gcc/arm-none-eabi/14.2.1/thumb/v7-m/nofp\libg.a(libc_a-findfp.o)
                0x080039a4                __sfp_lock_acquire
 .text.__sfp_lock_release
                0x080039b0        0xc C:/PROGRA~2/Arm GNU Toolchain arm-none-eabi/14.2 rel1/bin/../lib/gcc/arm-none-eabi/14.2.1/thumb/v7-m/nofp\libg.a(libc_a-findfp.o)
                0x080039b0                __sfp_lock_release
 .text._fwalk_sglue
                0x080039bc       0x44 C:/PROGRA~2/Arm GNU Toolchain arm-none-eabi/14.2 rel1/bin/../lib/gcc/arm-none-eabi/14.2.1/thumb/v7-m/nofp\libg.a(libc_a-fwalk.o)
                0x080039bc                _fwalk_sglue
 .text.sprintf  0x08003a00       0x44 C:/PROGRA~2/Arm GNU Toolchain arm-none-eabi/14.2 rel1/bin/../lib/gcc/arm-none-eabi/14.2.1/thumb/v7-m/nofp\libg.a(libc_a-sprintf.o)
                0x08003a00                sprintf
 .text.__sread  0x08003a44       0x24 C:/PROGRA~2/Arm GNU Toolchain arm-none-eabi/14.2 rel1/bin/../lib/gcc/arm-none-eabi/14.2.1/thumb/v7-m/nofp\libg.a(libc_a-stdio.o)
                0x08003a44                __sread
 .text.__swrite
                0x08003a68       0x40 C:/PROGRA~2/Arm GNU Toolchain arm-none-eabi/14.2 rel1/bin/../lib/gcc/arm-none-eabi/14.2.1/thumb/v7-m/nofp\libg.a(libc_a-stdio.o)
                0x08003a68                __swrite
 .text.__sseek  0x08003aa8       0x24 C:/PROGRA~2/Arm GNU Toolchain arm-none-eabi/14.2 rel1/bin/../lib/gcc/arm-none-eabi/14.2.1/thumb/v7-m/nofp\libg.a(libc_a-stdio.o)
                0x08003aa8                __sseek
 .text.__sclose
                0x08003acc        0x8 C:/PROGRA~2/Arm GNU Toolchain arm-none-eabi/14.2 rel1/bin/../lib/gcc/arm-none-eabi/14.2.1/thumb/v7-m/nofp\libg.a(libc_a-stdio.o)
                0x08003acc                __sclose
 .text.memcmp   0x08003ad4       0x5c C:/PROGRA~2/Arm GNU Toolchain arm-none-eabi/14.2 rel1/bin/../lib/gcc/arm-none-eabi/14.2.1/thumb/v7-m/nofp\libg.a(libc_a-memcmp.o)
                0x08003ad4                memcmp
 .text.memset   0x08003b30       0x9c C:/PROGRA~2/Arm GNU Toolchain arm-none-eabi/14.2 rel1/bin/../lib/gcc/arm-none-eabi/14.2.1/thumb/v7-m/nofp\libg.a(libc_a-memset.o)
                0x08003b30                memset
 .text._close_r
                0x08003bcc       0x24 C:/PROGRA~2/Arm GNU Toolchain arm-none-eabi/14.2 rel1/bin/../lib/gcc/arm-none-eabi/14.2.1/thumb/v7-m/nofp\libg.a(libc_a-closer.o)
                0x08003bcc                _close_r
 .text._lseek_r
                0x08003bf0       0x2c C:/PROGRA~2/Arm GNU Toolchain arm-none-eabi/14.2 rel1/bin/../lib/gcc/arm-none-eabi/14.2.1/thumb/v7-m/nofp\libg.a(libc_a-lseekr.o)
                0x08003bf0                _lseek_r
 .text._read_r  0x08003c1c       0x2c C:/PROGRA~2/Arm GNU Toolchain arm-none-eabi/14.2 rel1/bin/../lib/gcc/arm-none-eabi/14.2.1/thumb/v7-m/nofp\libg.a(libc_a-readr.o)
                0x08003c1c                _read_r
 .text._write_r
                0x08003c48       0x2c C:/PROGRA~2/Arm GNU Toolchain arm-none-eabi/14.2 rel1/bin/../lib/gcc/arm-none-eabi/14.2.1/thumb/v7-m/nofp\libg.a(libc_a-writer.o)
                0x08003c48                _write_r
 .text.__errno  0x08003c74        0xc C:/PROGRA~2/Arm GNU Toolchain arm-none-eabi/14.2 rel1/bin/../lib/gcc/arm-none-eabi/14.2.1/thumb/v7-m/nofp\libg.a(libc_a-errno.o)
                0x08003c74                __errno
 .text.__libc_init_array
                0x08003c80       0x50 C:/PROGRA~2/Arm GNU Toolchain arm-none-eabi/14.2 rel1/bin/../lib/gcc/arm-none-eabi/14.2.1/thumb/v7-m/nofp\libg.a(libc_a-init.o)
                0x08003c80                __libc_init_array
 .text.__retarget_lock_init_recursive
                0x08003cd0        0x4 C:/PROGRA~2/Arm GNU Toolchain arm-none-eabi/14.2 rel1/bin/../lib/gcc/arm-none-eabi/14.2.1/thumb/v7-m/nofp\libg.a(libc_a-lock.o)
                0x08003cd0                __retarget_lock_init_recursive
 .text.__retarget_lock_close_recursive
                0x08003cd4        0x4 C:/PROGRA~2/Arm GNU Toolchain arm-none-eabi/14.2 rel1/bin/../lib/gcc/arm-none-eabi/14.2.1/thumb/v7-m/nofp\libg.a(libc_a-lock.o)
                0x08003cd4                __retarget_lock_close_recursive
 .text.__retarget_lock_acquire_recursive
                0x08003cd8        0x4 C:/PROGRA~2/Arm GNU Toolchain arm-none-eabi/14.2 rel1/bin/../lib/gcc/arm-none-eabi/14.2.1/thumb/v7-m/nofp\libg.a(libc_a-lock.o)
                0x08003cd8                __retarget_lock_acquire_recursive
 .text.__retarget_lock_release_recursive
                0x08003cdc        0x4 C:/PROGRA~2/Arm GNU Toolchain arm-none-eabi/14.2 rel1/bin/../lib/gcc/arm-none-eabi/14.2.1/thumb/v7-m/nofp\libg.a(libc_a-lock.o)
                0x08003cdc                __retarget_lock_release_recursive
 .text.strlen   0x08003ce0       0x5c C:/PROGRA~2/Arm GNU Toolchain arm-none-eabi/14.2 rel1/bin/../lib/gcc/arm-none-eabi/14.2.1/thumb/v7-m/nofp\libg.a(libc_a-strlen-stub.o)
                0x08003ce0                strlen
 .text.startup.register_fini
                0x08003d3c       0x14 C:/PROGRA~2/Arm GNU Toolchain arm-none-eabi/14.2 rel1/bin/../lib/gcc/arm-none-eabi/14.2.1/thumb/v7-m/nofp\libg.a(libc_a-__call_atexit.o)
 .text.atexit   0x08003d50        0xc C:/PROGRA~2/Arm GNU Toolchain arm-none-eabi/14.2 rel1/bin/../lib/gcc/arm-none-eabi/14.2.1/thumb/v7-m/nofp\libg.a(libc_a-atexit.o)
                0x08003d50                atexit
 .text._malloc_trim_r
                0x08003d5c       0xb8 C:/PROGRA~2/Arm GNU Toolchain arm-none-eabi/14.2 rel1/bin/../lib/gcc/arm-none-eabi/14.2.1/thumb/v7-m/nofp\libg.a(libc_a-freer.o)
                0x08003d5c                _malloc_trim_r
 .text._free_r  0x08003e14      0x1e8 C:/PROGRA~2/Arm GNU Toolchain arm-none-eabi/14.2 rel1/bin/../lib/gcc/arm-none-eabi/14.2.1/thumb/v7-m/nofp\libg.a(libc_a-freer.o)
                0x08003e14                _free_r
 .text._malloc_r
                0x08003ffc      0x57c C:/PROGRA~2/Arm GNU Toolchain arm-none-eabi/14.2 rel1/bin/../lib/gcc/arm-none-eabi/14.2.1/thumb/v7-m/nofp\libg.a(libc_a-mallocr.o)
                0x08003ffc                _malloc_r
 .text.__malloc_lock
                0x08004578        0xc C:/PROGRA~2/Arm GNU Toolchain arm-none-eabi/14.2 rel1/bin/../lib/gcc/arm-none-eabi/14.2.1/thumb/v7-m/nofp\libg.a(libc_a-mlock.o)
                0x08004578                __malloc_lock
 .text.__malloc_unlock
                0x08004584        0xc C:/PROGRA~2/Arm GNU Toolchain arm-none-eabi/14.2 rel1/bin/../lib/gcc/arm-none-eabi/14.2.1/thumb/v7-m/nofp\libg.a(libc_a-mlock.o)
                0x08004584                __malloc_unlock
 .text._svfprintf_r
                0x08004590     0x2250 C:/PROGRA~2/Arm GNU Toolchain arm-none-eabi/14.2 rel1/bin/../lib/gcc/arm-none-eabi/14.2.1/thumb/v7-m/nofp\libg.a(libc_a-svfprintf.o)
                0x08004590                _svfprintf_r
 .text.__ssprint_r
                0x080067e0       0x58 C:/PROGRA~2/Arm GNU Toolchain arm-none-eabi/14.2 rel1/bin/../lib/gcc/arm-none-eabi/14.2.1/thumb/v7-m/nofp\libg.a(libc_a-ssprint_r.o)
                0x080067e0                __ssprint_r
 .text._fclose_r
                0x08006838       0xc0 C:/PROGRA~2/Arm GNU Toolchain arm-none-eabi/14.2 rel1/bin/../lib/gcc/arm-none-eabi/14.2.1/thumb/v7-m/nofp\libg.a(libc_a-fclose.o)
                0x08006838                _fclose_r
 .text.__sflush_r
                0x080068f8      0x124 C:/PROGRA~2/Arm GNU Toolchain arm-none-eabi/14.2 rel1/bin/../lib/gcc/arm-none-eabi/14.2.1/thumb/v7-m/nofp\libg.a(libc_a-fflush.o)
                0x080068f8                __sflush_r
 .text._fflush_r
                0x08006a1c       0x54 C:/PROGRA~2/Arm GNU Toolchain arm-none-eabi/14.2 rel1/bin/../lib/gcc/arm-none-eabi/14.2.1/thumb/v7-m/nofp\libg.a(libc_a-fflush.o)
                0x08006a1c                _fflush_r
 .text.strncpy  0x08006a70       0x6c C:/PROGRA~2/Arm GNU Toolchain arm-none-eabi/14.2 rel1/bin/../lib/gcc/arm-none-eabi/14.2.1/thumb/v7-m/nofp\libg.a(libc_a-strncpy.o)
                0x08006a70                strncpy
 .text.__locale_mb_cur_max
                0x08006adc        0xc C:/PROGRA~2/Arm GNU Toolchain arm-none-eabi/14.2 rel1/bin/../lib/gcc/arm-none-eabi/14.2.1/thumb/v7-m/nofp\libg.a(libc_a-locale.o)
                0x08006adc                __locale_mb_cur_max
 .text._localeconv_r
                0x08006ae8        0x8 C:/PROGRA~2/Arm GNU Toolchain arm-none-eabi/14.2 rel1/bin/../lib/gcc/arm-none-eabi/14.2.1/thumb/v7-m/nofp\libg.a(libc_a-localeconv.o)
                0x08006ae8                _localeconv_r
 .text._sbrk_r  0x08006af0       0x24 C:/PROGRA~2/Arm GNU Toolchain arm-none-eabi/14.2 rel1/bin/../lib/gcc/arm-none-eabi/14.2.1/thumb/v7-m/nofp\libg.a(libc_a-sbrkr.o)
                0x08006af0                _sbrk_r
 .text.__libc_fini_array
                0x08006b14       0x28 C:/PROGRA~2/Arm GNU Toolchain arm-none-eabi/14.2 rel1/bin/../lib/gcc/arm-none-eabi/14.2.1/thumb/v7-m/nofp\libg.a(libc_a-fini.o)
                0x08006b14                __libc_fini_array
 .text.sysconf  0x08006b3c       0x1c C:/PROGRA~2/Arm GNU Toolchain arm-none-eabi/14.2 rel1/bin/../lib/gcc/arm-none-eabi/14.2.1/thumb/v7-m/nofp\libg.a(libc_a-sysconf.o)
                0x08006b3c                sysconf
 .text.memchr   0x08006b58       0x80 C:/PROGRA~2/Arm GNU Toolchain arm-none-eabi/14.2 rel1/bin/../lib/gcc/arm-none-eabi/14.2.1/thumb/v7-m/nofp\libg.a(libc_a-memchr-stub.o)
                0x08006b58                memchr
 .text.frexp    0x08006bd8       0x6c C:/PROGRA~2/Arm GNU Toolchain arm-none-eabi/14.2 rel1/bin/../lib/gcc/arm-none-eabi/14.2.1/thumb/v7-m/nofp\libg.a(libm_a-s_frexp.o)
                0x08006bd8                frexp
 .text.__register_exitproc
                0x08006c44       0x80 C:/PROGRA~2/Arm GNU Toolchain arm-none-eabi/14.2 rel1/bin/../lib/gcc/arm-none-eabi/14.2.1/thumb/v7-m/nofp\libg.a(libc_a-__atexit.o)
                0x08006c44                __register_exitproc
 .text.quorem   0x08006cc4      0x13c C:/PROGRA~2/Arm GNU Toolchain arm-none-eabi/14.2 rel1/bin/../lib/gcc/arm-none-eabi/14.2.1/thumb/v7-m/nofp\libg.a(libc_a-dtoa.o)
 .text._dtoa_r  0x08006e00     0x1030 C:/PROGRA~2/Arm GNU Toolchain arm-none-eabi/14.2 rel1/bin/../lib/gcc/arm-none-eabi/14.2.1/thumb/v7-m/nofp\libg.a(libc_a-dtoa.o)
                0x08006e00                _dtoa_r
 .text.__ascii_mbtowc
                0x08007e30       0x2c C:/PROGRA~2/Arm GNU Toolchain arm-none-eabi/14.2 rel1/bin/../lib/gcc/arm-none-eabi/14.2.1/thumb/v7-m/nofp\libg.a(libc_a-mbtowc_r.o)
                0x08007e30                __ascii_mbtowc
 .text._Balloc  0x08007e5c       0x4c C:/PROGRA~2/Arm GNU Toolchain arm-none-eabi/14.2 rel1/bin/../lib/gcc/arm-none-eabi/14.2.1/thumb/v7-m/nofp\libg.a(libc_a-mprec.o)
                0x08007e5c                _Balloc
 .text._Bfree   0x08007ea8       0x14 C:/PROGRA~2/Arm GNU Toolchain arm-none-eabi/14.2 rel1/bin/../lib/gcc/arm-none-eabi/14.2.1/thumb/v7-m/nofp\libg.a(libc_a-mprec.o)
                0x08007ea8                _Bfree
 .text.__multadd
                0x08007ebc       0xa4 C:/PROGRA~2/Arm GNU Toolchain arm-none-eabi/14.2 rel1/bin/../lib/gcc/arm-none-eabi/14.2.1/thumb/v7-m/nofp\libg.a(libc_a-mprec.o)
                0x08007ebc                __multadd
 .text.__hi0bits
                0x08007f60       0x54 C:/PROGRA~2/Arm GNU Toolchain arm-none-eabi/14.2 rel1/bin/../lib/gcc/arm-none-eabi/14.2.1/thumb/v7-m/nofp\libg.a(libc_a-mprec.o)
                0x08007f60                __hi0bits
 .text.__lo0bits
                0x08007fb4       0x7c C:/PROGRA~2/Arm GNU Toolchain arm-none-eabi/14.2 rel1/bin/../lib/gcc/arm-none-eabi/14.2.1/thumb/v7-m/nofp\libg.a(libc_a-mprec.o)
                0x08007fb4                __lo0bits
 .text.__i2b    0x08008030       0x5c C:/PROGRA~2/Arm GNU Toolchain arm-none-eabi/14.2 rel1/bin/../lib/gcc/arm-none-eabi/14.2.1/thumb/v7-m/nofp\libg.a(libc_a-mprec.o)
                0x08008030                __i2b
 .text.__multiply
                0x0800808c      0x168 C:/PROGRA~2/Arm GNU Toolchain arm-none-eabi/14.2 rel1/bin/../lib/gcc/arm-none-eabi/14.2.1/thumb/v7-m/nofp\libg.a(libc_a-mprec.o)
                0x0800808c                __multiply
 .text.__pow5mult
                0x080081f4       0xc0 C:/PROGRA~2/Arm GNU Toolchain arm-none-eabi/14.2 rel1/bin/../lib/gcc/arm-none-eabi/14.2.1/thumb/v7-m/nofp\libg.a(libc_a-mprec.o)
                0x080081f4                __pow5mult
 .text.__lshift
                0x080082b4       0xe8 C:/PROGRA~2/Arm GNU Toolchain arm-none-eabi/14.2 rel1/bin/../lib/gcc/arm-none-eabi/14.2.1/thumb/v7-m/nofp\libg.a(libc_a-mprec.o)
                0x080082b4                __lshift
 .text.__mcmp   0x0800839c       0x40 C:/PROGRA~2/Arm GNU Toolchain arm-none-eabi/14.2 rel1/bin/../lib/gcc/arm-none-eabi/14.2.1/thumb/v7-m/nofp\libg.a(libc_a-mprec.o)
                0x0800839c                __mcmp
 .text.__mdiff  0x080083dc      0x164 C:/PROGRA~2/Arm GNU Toolchain arm-none-eabi/14.2 rel1/bin/../lib/gcc/arm-none-eabi/14.2.1/thumb/v7-m/nofp\libg.a(libc_a-mprec.o)
                0x080083dc                __mdiff
 .text.__d2b    0x08008540       0xb8 C:/PROGRA~2/Arm GNU Toolchain arm-none-eabi/14.2 rel1/bin/../lib/gcc/arm-none-eabi/14.2.1/thumb/v7-m/nofp\libg.a(libc_a-mprec.o)
                0x08008540                __d2b
 .text.__ascii_wctomb
                0x080085f8       0x1c C:/PROGRA~2/Arm GNU Toolchain arm-none-eabi/14.2 rel1/bin/../lib/gcc/arm-none-eabi/14.2.1/thumb/v7-m/nofp\libg.a(libc_a-wctomb_r.o)
                0x080085f8                __ascii_wctomb
 .text._wcrtomb_r
                0x08008614       0x4c C:/PROGRA~2/Arm GNU Toolchain arm-none-eabi/14.2 rel1/bin/../lib/gcc/arm-none-eabi/14.2.1/thumb/v7-m/nofp\libg.a(libc_a-wcrtomb.o)
                0x08008614                _wcrtomb_r
 .text._wcsrtombs_r
                0x08008660       0x18 C:/PROGRA~2/Arm GNU Toolchain arm-none-eabi/14.2 rel1/bin/../lib/gcc/arm-none-eabi/14.2.1/thumb/v7-m/nofp\libg.a(libc_a-wcsrtombs.o)
                0x08008660                _wcsrtombs_r
 .text.__ssputs_r
                0x08008678       0xc0 C:/PROGRA~2/Arm GNU Toolchain arm-none-eabi/14.2 rel1/bin/../lib/gcc/arm-none-eabi/14.2.1/thumb/v7-m/nofp\libg.a(libc_a-ssputs_r.o)
                0x08008678                __ssputs_r
 .text.memmove  0x08008738       0xfc C:/PROGRA~2/Arm GNU Toolchain arm-none-eabi/14.2 rel1/bin/../lib/gcc/arm-none-eabi/14.2.1/thumb/v7-m/nofp\libg.a(libc_a-memmove.o)
                0x08008738                memmove
 .text.__assert_func
                0x08008834       0x40 C:/PROGRA~2/Arm GNU Toolchain arm-none-eabi/14.2 rel1/bin/../lib/gcc/arm-none-eabi/14.2.1/thumb/v7-m/nofp\libg.a(libc_a-assert.o)
                0x08008834                __assert_func
 .text._calloc_r
                0x08008874       0x6c C:/PROGRA~2/Arm GNU Toolchain arm-none-eabi/14.2 rel1/bin/../lib/gcc/arm-none-eabi/14.2.1/thumb/v7-m/nofp\libg.a(libc_a-callocr.o)
                0x08008874                _calloc_r
 .text._realloc_r
                0x080088e0      0x350 C:/PROGRA~2/Arm GNU Toolchain arm-none-eabi/14.2 rel1/bin/../lib/gcc/arm-none-eabi/14.2.1/thumb/v7-m/nofp\libg.a(libc_a-reallocr.o)
                0x080088e0                _realloc_r
 .text._wcsnrtombs_l
                0x08008c30       0xf0 C:/PROGRA~2/Arm GNU Toolchain arm-none-eabi/14.2 rel1/bin/../lib/gcc/arm-none-eabi/14.2.1/thumb/v7-m/nofp\libg.a(libc_a-wcsnrtombs.o)
                0x08008c30                _wcsnrtombs_l
 .text._wcsnrtombs_r
                0x08008d20       0x24 C:/PROGRA~2/Arm GNU Toolchain arm-none-eabi/14.2 rel1/bin/../lib/gcc/arm-none-eabi/14.2.1/thumb/v7-m/nofp\libg.a(libc_a-wcsnrtombs.o)
                0x08008d20                _wcsnrtombs_r
 .text.fiprintf
                0x08008d44       0x28 C:/PROGRA~2/Arm GNU Toolchain arm-none-eabi/14.2 rel1/bin/../lib/gcc/arm-none-eabi/14.2.1/thumb/v7-m/nofp\libg.a(libc_a-fiprintf.o)
                0x08008d44                fiprintf
 .text._vfiprintf_r
                0x08008d6c     0x1238 C:/PROGRA~2/Arm GNU Toolchain arm-none-eabi/14.2 rel1/bin/../lib/gcc/arm-none-eabi/14.2.1/thumb/v7-m/nofp\libg.a(libc_a-vfiprintf.o)
                0x08008d6c                _vfiprintf_r
 .text.__sbprintf
                0x08009fa4       0x84 C:/PROGRA~2/Arm GNU Toolchain arm-none-eabi/14.2 rel1/bin/../lib/gcc/arm-none-eabi/14.2.1/thumb/v7-m/nofp\libg.a(libc_a-vfiprintf.o)
 .text.__sprint_r
                0x0800a028       0x20 C:/PROGRA~2/Arm GNU Toolchain arm-none-eabi/14.2 rel1/bin/../lib/gcc/arm-none-eabi/14.2.1/thumb/v7-m/nofp\libg.a(libc_a-sprint_r.o)
                0x0800a028                __sprint_r
 .text.__sfvwrite_r
                0x0800a048      0x2d8 C:/PROGRA~2/Arm GNU Toolchain arm-none-eabi/14.2 rel1/bin/../lib/gcc/arm-none-eabi/14.2.1/thumb/v7-m/nofp\libg.a(libc_a-fvwrite.o)
                0x0800a048                __sfvwrite_r
 .text.__swsetup_r
                0x0800a320       0xfc C:/PROGRA~2/Arm GNU Toolchain arm-none-eabi/14.2 rel1/bin/../lib/gcc/arm-none-eabi/14.2.1/thumb/v7-m/nofp\libg.a(libc_a-wsetup.o)
                0x0800a320                __swsetup_r
 .text.abort    0x0800a41c       0x10 C:/PROGRA~2/Arm GNU Toolchain arm-none-eabi/14.2 rel1/bin/../lib/gcc/arm-none-eabi/14.2.1/thumb/v7-m/nofp\libg.a(libc_a-abort.o)
                0x0800a41c                abort
 .text.__smakebuf_r
                0x0800a42c       0xd0 C:/PROGRA~2/Arm GNU Toolchain arm-none-eabi/14.2 rel1/bin/../lib/gcc/arm-none-eabi/14.2.1/thumb/v7-m/nofp\libg.a(libc_a-makebuf.o)
                0x0800a42c                __smakebuf_r
 .text.raise    0x0800a4fc       0x58 C:/PROGRA~2/Arm GNU Toolchain arm-none-eabi/14.2 rel1/bin/../lib/gcc/arm-none-eabi/14.2.1/thumb/v7-m/nofp\libg.a(libc_a-signal.o)
                0x0800a4fc                raise
 .text._fstat_r
                0x0800a554       0x28 C:/PROGRA~2/Arm GNU Toolchain arm-none-eabi/14.2 rel1/bin/../lib/gcc/arm-none-eabi/14.2.1/thumb/v7-m/nofp\libg.a(libc_a-fstatr.o)
                0x0800a554                _fstat_r
 .text._isatty_r
                0x0800a57c       0x24 C:/PROGRA~2/Arm GNU Toolchain arm-none-eabi/14.2 rel1/bin/../lib/gcc/arm-none-eabi/14.2.1/thumb/v7-m/nofp\libg.a(libc_a-isattyr.o)
                0x0800a57c                _isatty_r
 .text._kill_r  0x0800a5a0       0x28 C:/PROGRA~2/Arm GNU Toolchain arm-none-eabi/14.2 rel1/bin/../lib/gcc/arm-none-eabi/14.2.1/thumb/v7-m/nofp\libg.a(libc_a-signalr.o)
                0x0800a5a0                _kill_r
 .text._getpid_r
                0x0800a5c8        0x4 C:/PROGRA~2/Arm GNU Toolchain arm-none-eabi/14.2 rel1/bin/../lib/gcc/arm-none-eabi/14.2.1/thumb/v7-m/nofp\libg.a(libc_a-signalr.o)
                0x0800a5c8                _getpid_r
 *(.glue_7)
 .glue_7        0x0800a5cc        0x0 linker stubs
 *(.glue_7t)
 .glue_7t       0x0800a5cc        0x0 linker stubs
 *(.eh_frame)
 .eh_frame      0x0800a5cc        0x0 C:/PROGRA~2/Arm GNU Toolchain arm-none-eabi/14.2 rel1/bin/../lib/gcc/arm-none-eabi/14.2.1/thumb/v7-m/nofp/crtbegin.o
 *(.init)
 .init          0x0800a5cc        0x4 C:/PROGRA~2/Arm GNU Toolchain arm-none-eabi/14.2 rel1/bin/../lib/gcc/arm-none-eabi/14.2.1/thumb/v7-m/nofp/crti.o
                0x0800a5cc                _init
 .init          0x0800a5d0        0x8 C:/PROGRA~2/Arm GNU Toolchain arm-none-eabi/14.2 rel1/bin/../lib/gcc/arm-none-eabi/14.2.1/thumb/v7-m/nofp/crtn.o
 *(.fini)
 .fini          0x0800a5d8        0x4 C:/PROGRA~2/Arm GNU Toolchain arm-none-eabi/14.2 rel1/bin/../lib/gcc/arm-none-eabi/14.2.1/thumb/v7-m/nofp/crti.o
                0x0800a5d8                _fini
 .fini          0x0800a5dc        0x8 C:/PROGRA~2/Arm GNU Toolchain arm-none-eabi/14.2 rel1/bin/../lib/gcc/arm-none-eabi/14.2.1/thumb/v7-m/nofp/crtn.o
                0x0800a5e4                        . = ALIGN (0x4)
                0x0800a5e4                        _etext = .

.vfp11_veneer   0x0800a5e4        0x0
 .vfp11_veneer  0x0800a5e4        0x0 linker stubs

.v4_bx          0x0800a5e4        0x0
 .v4_bx         0x0800a5e4        0x0 linker stubs

.iplt           0x0800a5e4        0x0
 .iplt          0x0800a5e4        0x0 C:/PROGRA~2/Arm GNU Toolchain arm-none-eabi/14.2 rel1/bin/../lib/gcc/arm-none-eabi/14.2.1/thumb/v7-m/nofp/crtbegin.o

.rodata         0x0800a5e8      0xd8c
                0x0800a5e8                        . = ALIGN (0x4)
 *(.rodata)
 *(.rodata*)
 .rodata.font15x15
                0x0800a5e8       0x10 CMakeFiles/ds.elf.dir/Core/Src/font.c.obj
                0x0800a5e8                font15x15
 .rodata.zh15x15
                0x0800a5f8      0x352 CMakeFiles/ds.elf.dir/Core/Src/font.c.obj
                0x0800a5f8                zh15x15
 *fill*         0x0800a94a        0x2 
 .rodata.afont16x8
                0x0800a94c        0x8 CMakeFiles/ds.elf.dir/Core/Src/font.c.obj
                0x0800a94c                afont16x8
 .rodata.ascii_16x8
                0x0800a954      0x5f0 CMakeFiles/ds.elf.dir/Core/Src/font.c.obj
                0x0800a954                ascii_16x8
 .rodata.main.str1.4
                0x0800af44      0x1bf CMakeFiles/ds.elf.dir/Core/Src/main.c.obj
                                 0x17 (size before relaxing)
 *fill*         0x0800b103        0x1 
 .rodata.APBPrescTable
                0x0800b104        0x8 CMakeFiles/ds.elf.dir/Core/Src/system_stm32f1xx.c.obj
                0x0800b104                APBPrescTable
 .rodata.AHBPrescTable
                0x0800b10c       0x10 CMakeFiles/ds.elf.dir/Core/Src/system_stm32f1xx.c.obj
                0x0800b10c                AHBPrescTable
 .rodata.aPredivFactorTable.0
                0x0800b11c        0x2 CMakeFiles/ds.elf.dir/Drivers/STM32F1xx_HAL_Driver/Src/stm32f1xx_hal_rcc.c.obj
 *fill*         0x0800b11e        0x2 
 .rodata.aPLLMULFactorTable.1
                0x0800b120       0x10 CMakeFiles/ds.elf.dir/Drivers/STM32F1xx_HAL_Driver/Src/stm32f1xx_hal_rcc.c.obj
 .rodata._svfprintf_r.str1.4
                0x0800b130       0x42 C:/PROGRA~2/Arm GNU Toolchain arm-none-eabi/14.2 rel1/bin/../lib/gcc/arm-none-eabi/14.2.1/thumb/v7-m/nofp\libg.a(libc_a-svfprintf.o)
 .rodata.zeroes.0
                0x0800b130       0x10 C:/PROGRA~2/Arm GNU Toolchain arm-none-eabi/14.2 rel1/bin/../lib/gcc/arm-none-eabi/14.2.1/thumb/v7-m/nofp\libg.a(libc_a-svfprintf.o)
 .rodata.blanks.1
                0x0800b140       0x10 C:/PROGRA~2/Arm GNU Toolchain arm-none-eabi/14.2 rel1/bin/../lib/gcc/arm-none-eabi/14.2.1/thumb/v7-m/nofp\libg.a(libc_a-svfprintf.o)
 .rodata.str1.4
                0x0800b150       0x4c C:/PROGRA~2/Arm GNU Toolchain arm-none-eabi/14.2 rel1/bin/../lib/gcc/arm-none-eabi/14.2.1/thumb/v7-m/nofp\libg.a(libc_a-locale.o)
 .rodata._dtoa_r.str1.4
                0x0800b150       0x83 C:/PROGRA~2/Arm GNU Toolchain arm-none-eabi/14.2 rel1/bin/../lib/gcc/arm-none-eabi/14.2.1/thumb/v7-m/nofp\libg.a(libc_a-dtoa.o)
 .rodata.__multadd.str1.4
                0x0800b150       0x70 C:/PROGRA~2/Arm GNU Toolchain arm-none-eabi/14.2 rel1/bin/../lib/gcc/arm-none-eabi/14.2.1/thumb/v7-m/nofp\libg.a(libc_a-mprec.o)
 .rodata.p05.0  0x0800b150        0xc C:/PROGRA~2/Arm GNU Toolchain arm-none-eabi/14.2 rel1/bin/../lib/gcc/arm-none-eabi/14.2.1/thumb/v7-m/nofp\libg.a(libc_a-mprec.o)
 *fill*         0x0800b15c        0x4 
 .rodata.__mprec_bigtens
                0x0800b160       0x28 C:/PROGRA~2/Arm GNU Toolchain arm-none-eabi/14.2 rel1/bin/../lib/gcc/arm-none-eabi/14.2.1/thumb/v7-m/nofp\libg.a(libc_a-mprec.o)
                0x0800b160                __mprec_bigtens
 .rodata.__mprec_tens
                0x0800b188       0xc8 C:/PROGRA~2/Arm GNU Toolchain arm-none-eabi/14.2 rel1/bin/../lib/gcc/arm-none-eabi/14.2.1/thumb/v7-m/nofp\libg.a(libc_a-mprec.o)
                0x0800b188                __mprec_tens
 .rodata._ctype_
                0x0800b250      0x101 C:/PROGRA~2/Arm GNU Toolchain arm-none-eabi/14.2 rel1/bin/../lib/gcc/arm-none-eabi/14.2.1/thumb/v7-m/nofp\libg.a(libc_a-ctype_.o)
                0x0800b250                _ctype_
 .rodata.__assert_func.str1.4
                0x0800b351       0x43 C:/PROGRA~2/Arm GNU Toolchain arm-none-eabi/14.2 rel1/bin/../lib/gcc/arm-none-eabi/14.2.1/thumb/v7-m/nofp\libg.a(libc_a-assert.o)
 .rodata._vfiprintf_r.str1.4
                0x0800b351       0x2f C:/PROGRA~2/Arm GNU Toolchain arm-none-eabi/14.2 rel1/bin/../lib/gcc/arm-none-eabi/14.2.1/thumb/v7-m/nofp\libg.a(libc_a-vfiprintf.o)
 *fill*         0x0800b351        0x3 
 .rodata.zeroes.0
                0x0800b354       0x10 C:/PROGRA~2/Arm GNU Toolchain arm-none-eabi/14.2 rel1/bin/../lib/gcc/arm-none-eabi/14.2.1/thumb/v7-m/nofp\libg.a(libc_a-vfiprintf.o)
 .rodata.blanks.1
                0x0800b364       0x10 C:/PROGRA~2/Arm GNU Toolchain arm-none-eabi/14.2 rel1/bin/../lib/gcc/arm-none-eabi/14.2.1/thumb/v7-m/nofp\libg.a(libc_a-vfiprintf.o)
                0x0800b374                        . = ALIGN (0x4)

.ARM.extab      0x0800b374        0x0
                0x0800b374                        . = ALIGN (0x4)
 *(.ARM.extab* .gnu.linkonce.armextab.*)
                0x0800b374                        . = ALIGN (0x4)

.ARM            0x0800b374        0x8
                0x0800b374                        . = ALIGN (0x4)
                0x0800b374                        __exidx_start = .
 *(.ARM.exidx*)
 .ARM.exidx     0x0800b374        0x8 C:/PROGRA~2/Arm GNU Toolchain arm-none-eabi/14.2 rel1/bin/../lib/gcc/arm-none-eabi/14.2.1/thumb/v7-m/nofp\libg.a(libc_a-memcpy.o)
                0x0800b37c                        __exidx_end = .
                0x0800b37c                        . = ALIGN (0x4)

.preinit_array  0x0800b37c        0x0
                0x0800b37c                        . = ALIGN (0x4)
                0x0800b37c                        PROVIDE (__preinit_array_start = .)
 *(.preinit_array*)
                0x0800b37c                        PROVIDE (__preinit_array_end = .)
                0x0800b37c                        . = ALIGN (0x4)

.init_array     0x0800b37c        0x8
                0x0800b37c                        . = ALIGN (0x4)
                0x0800b37c                        PROVIDE (__init_array_start = .)
 *(SORT_BY_NAME(.init_array.*))
 .init_array.00000
                0x0800b37c        0x4 C:/PROGRA~2/Arm GNU Toolchain arm-none-eabi/14.2 rel1/bin/../lib/gcc/arm-none-eabi/14.2.1/thumb/v7-m/nofp\libg.a(libc_a-__call_atexit.o)
 *(.init_array*)
 .init_array    0x0800b380        0x4 C:/PROGRA~2/Arm GNU Toolchain arm-none-eabi/14.2 rel1/bin/../lib/gcc/arm-none-eabi/14.2.1/thumb/v7-m/nofp/crtbegin.o
                0x0800b384                        PROVIDE (__init_array_end = .)
                0x0800b384                        . = ALIGN (0x4)

.fini_array     0x0800b384        0x4
                0x0800b384                        . = ALIGN (0x4)
                0x0800b384                        PROVIDE (__fini_array_start = .)
 *(SORT_BY_NAME(.fini_array.*))
 *(.fini_array*)
 .fini_array    0x0800b384        0x4 C:/PROGRA~2/Arm GNU Toolchain arm-none-eabi/14.2 rel1/bin/../lib/gcc/arm-none-eabi/14.2.1/thumb/v7-m/nofp/crtbegin.o
                0x0800b388                        PROVIDE (__fini_array_end = .)
                0x0800b388                        . = ALIGN (0x4)
                0x0800b388                        _sidata = LOADADDR (.data)

.rel.dyn        0x0800b388        0x0
 .rel.iplt      0x0800b388        0x0 C:/PROGRA~2/Arm GNU Toolchain arm-none-eabi/14.2 rel1/bin/../lib/gcc/arm-none-eabi/14.2.1/thumb/v7-m/nofp/crtbegin.o

.data           0x20000000      0x714 load address 0x0800b388
                0x20000000                        . = ALIGN (0x4)
                0x20000000                        _sdata = .
 *(.data)
 *(.data*)
 .data.transmitdata
                0x20000000       0x32 CMakeFiles/ds.elf.dir/Core/Src/main.c.obj
                0x20000000                transmitdata
 *fill*         0x20000032        0x2 
 .data.SystemCoreClock
                0x20000034        0x4 CMakeFiles/ds.elf.dir/Core/Src/system_stm32f1xx.c.obj
                0x20000034                SystemCoreClock
 .data.uwTickFreq
                0x20000038        0x1 CMakeFiles/ds.elf.dir/Drivers/STM32F1xx_HAL_Driver/Src/stm32f1xx_hal.c.obj
                0x20000038                uwTickFreq
 *fill*         0x20000039        0x3 
 .data.uwTickPrio
                0x2000003c        0x4 CMakeFiles/ds.elf.dir/Drivers/STM32F1xx_HAL_Driver/Src/stm32f1xx_hal.c.obj
                0x2000003c                uwTickPrio
 .data.__sglue  0x20000040        0xc C:/PROGRA~2/Arm GNU Toolchain arm-none-eabi/14.2 rel1/bin/../lib/gcc/arm-none-eabi/14.2.1/thumb/v7-m/nofp\libg.a(libc_a-findfp.o)
                0x20000040                __sglue
 .data._impure_ptr
                0x2000004c        0x4 C:/PROGRA~2/Arm GNU Toolchain arm-none-eabi/14.2 rel1/bin/../lib/gcc/arm-none-eabi/14.2.1/thumb/v7-m/nofp\libg.a(libc_a-impure.o)
                0x2000004c                _impure_ptr
 .data._impure_data
                0x20000050      0x140 C:/PROGRA~2/Arm GNU Toolchain arm-none-eabi/14.2 rel1/bin/../lib/gcc/arm-none-eabi/14.2.1/thumb/v7-m/nofp\libg.a(libc_a-impure.o)
                0x20000050                _impure_data
 .data.__atexit_recursive_mutex
                0x20000190        0x4 C:/PROGRA~2/Arm GNU Toolchain arm-none-eabi/14.2 rel1/bin/../lib/gcc/arm-none-eabi/14.2.1/thumb/v7-m/nofp\libg.a(libc_a-__call_atexit.o)
                0x20000190                __atexit_recursive_mutex
 .data.__malloc_sbrk_base
                0x20000194        0x4 C:/PROGRA~2/Arm GNU Toolchain arm-none-eabi/14.2 rel1/bin/../lib/gcc/arm-none-eabi/14.2.1/thumb/v7-m/nofp\libg.a(libc_a-mallocr.o)
                0x20000194                __malloc_sbrk_base
 .data.__malloc_trim_threshold
                0x20000198        0x4 C:/PROGRA~2/Arm GNU Toolchain arm-none-eabi/14.2 rel1/bin/../lib/gcc/arm-none-eabi/14.2.1/thumb/v7-m/nofp\libg.a(libc_a-mallocr.o)
                0x20000198                __malloc_trim_threshold
 *fill*         0x2000019c        0x4 
 .data.__malloc_av_
                0x200001a0      0x408 C:/PROGRA~2/Arm GNU Toolchain arm-none-eabi/14.2 rel1/bin/../lib/gcc/arm-none-eabi/14.2.1/thumb/v7-m/nofp\libg.a(libc_a-mallocr.o)
                0x200001a0                __malloc_av_
 .data.__global_locale
                0x200005a8      0x16c C:/PROGRA~2/Arm GNU Toolchain arm-none-eabi/14.2 rel1/bin/../lib/gcc/arm-none-eabi/14.2.1/thumb/v7-m/nofp\libg.a(libc_a-locale.o)
                0x200005a8                __global_locale
 *(.RamFunc)
 *(.RamFunc*)
                0x20000714                        . = ALIGN (0x4)
                0x20000714                        _edata = .

.tm_clone_table
                0x20000714        0x0 load address 0x0800ba9c
 .tm_clone_table
                0x20000714        0x0 C:/PROGRA~2/Arm GNU Toolchain arm-none-eabi/14.2 rel1/bin/../lib/gcc/arm-none-eabi/14.2.1/thumb/v7-m/nofp/crtbegin.o
 .tm_clone_table
                0x20000714        0x0 C:/PROGRA~2/Arm GNU Toolchain arm-none-eabi/14.2 rel1/bin/../lib/gcc/arm-none-eabi/14.2.1/thumb/v7-m/nofp/crtend.o

.igot.plt       0x20000714        0x0 load address 0x0800ba9c
 .igot.plt      0x20000714        0x0 C:/PROGRA~2/Arm GNU Toolchain arm-none-eabi/14.2 rel1/bin/../lib/gcc/arm-none-eabi/14.2.1/thumb/v7-m/nofp/crtbegin.o
                0x20000714                        . = ALIGN (0x4)

.bss            0x20000714      0x8f8 load address 0x0800ba9c
                0x20000714                        _sbss = .
                0x20000714                        __bss_start__ = _sbss
 *(.bss)
 *(.bss*)
 .bss.completed.1
                0x20000714        0x1 C:/PROGRA~2/Arm GNU Toolchain arm-none-eabi/14.2 rel1/bin/../lib/gcc/arm-none-eabi/14.2.1/thumb/v7-m/nofp/crtbegin.o
 *fill*         0x20000715        0x3 
 .bss.object.0  0x20000718       0x18 C:/PROGRA~2/Arm GNU Toolchain arm-none-eabi/14.2 rel1/bin/../lib/gcc/arm-none-eabi/14.2.1/thumb/v7-m/nofp/crtbegin.o
 .bss.hi2c1     0x20000730       0x54 CMakeFiles/ds.elf.dir/Core/Src/i2c.c.obj
                0x20000730                hi2c1
 .bss.distance  0x20000784        0x4 CMakeFiles/ds.elf.dir/Core/Src/main.c.obj
                0x20000784                distance
 .bss.downEdge  0x20000788        0x4 CMakeFiles/ds.elf.dir/Core/Src/main.c.obj
                0x20000788                downEdge
 .bss.upEdge    0x2000078c        0x4 CMakeFiles/ds.elf.dir/Core/Src/main.c.obj
                0x2000078c                upEdge
 .bss.message_sr04
                0x20000790       0x14 CMakeFiles/ds.elf.dir/Core/Src/main.c.obj
                0x20000790                message_sr04
 .bss.receivedata
                0x200007a4       0x32 CMakeFiles/ds.elf.dir/Core/Src/main.c.obj
                0x200007a4                receivedata
 .bss.temp.1    0x200007d6        0x1 CMakeFiles/ds.elf.dir/Core/Src/oled.c.obj
 *fill*         0x200007d7        0x1 
 .bss.sendBuffer.2
                0x200007d8       0x81 CMakeFiles/ds.elf.dir/Core/Src/oled.c.obj
 *fill*         0x20000859        0x3 
 .bss.sendBuffer.3
                0x2000085c        0x2 CMakeFiles/ds.elf.dir/Core/Src/oled.c.obj
 *fill*         0x2000085e        0x2 
 .bss.OLED_GRAM
                0x20000860      0x400 CMakeFiles/ds.elf.dir/Core/Src/oled.c.obj
                0x20000860                OLED_GRAM
 .bss.__sbrk_heap_end
                0x20000c60        0x4 CMakeFiles/ds.elf.dir/Core/Src/sysmem.c.obj
 .bss.htim1     0x20000c64       0x48 CMakeFiles/ds.elf.dir/Core/Src/tim.c.obj
                0x20000c64                htim1
 .bss.huart2    0x20000cac       0x48 CMakeFiles/ds.elf.dir/Core/Src/usart.c.obj
                0x20000cac                huart2
 .bss.uwTick    0x20000cf4        0x4 CMakeFiles/ds.elf.dir/Drivers/STM32F1xx_HAL_Driver/Src/stm32f1xx_hal.c.obj
                0x20000cf4                uwTick
 .bss.__sf      0x20000cf8      0x138 C:/PROGRA~2/Arm GNU Toolchain arm-none-eabi/14.2 rel1/bin/../lib/gcc/arm-none-eabi/14.2.1/thumb/v7-m/nofp\libg.a(libc_a-findfp.o)
                0x20000cf8                __sf
 .bss.__stdio_exit_handler
                0x20000e30        0x4 C:/PROGRA~2/Arm GNU Toolchain arm-none-eabi/14.2 rel1/bin/../lib/gcc/arm-none-eabi/14.2.1/thumb/v7-m/nofp\libg.a(libc_a-findfp.o)
                0x20000e30                __stdio_exit_handler
 .bss.errno     0x20000e34        0x4 C:/PROGRA~2/Arm GNU Toolchain arm-none-eabi/14.2 rel1/bin/../lib/gcc/arm-none-eabi/14.2.1/thumb/v7-m/nofp\libg.a(libc_a-reent.o)
                0x20000e34                errno
 .bss.__lock___malloc_recursive_mutex
                0x20000e38        0x1 C:/PROGRA~2/Arm GNU Toolchain arm-none-eabi/14.2 rel1/bin/../lib/gcc/arm-none-eabi/14.2.1/thumb/v7-m/nofp\libg.a(libc_a-lock.o)
                0x20000e38                __lock___malloc_recursive_mutex
 *fill*         0x20000e39        0x3 
 .bss.__lock___atexit_recursive_mutex
                0x20000e3c        0x1 C:/PROGRA~2/Arm GNU Toolchain arm-none-eabi/14.2 rel1/bin/../lib/gcc/arm-none-eabi/14.2.1/thumb/v7-m/nofp\libg.a(libc_a-lock.o)
                0x20000e3c                __lock___atexit_recursive_mutex
 *fill*         0x20000e3d        0x3 
 .bss.__lock___sfp_recursive_mutex
                0x20000e40        0x1 C:/PROGRA~2/Arm GNU Toolchain arm-none-eabi/14.2 rel1/bin/../lib/gcc/arm-none-eabi/14.2.1/thumb/v7-m/nofp\libg.a(libc_a-lock.o)
                0x20000e40                __lock___sfp_recursive_mutex
 *fill*         0x20000e41        0x3 
 .bss.__atexit  0x20000e44        0x4 C:/PROGRA~2/Arm GNU Toolchain arm-none-eabi/14.2 rel1/bin/../lib/gcc/arm-none-eabi/14.2.1/thumb/v7-m/nofp\libg.a(libc_a-__call_atexit.o)
                0x20000e44                __atexit
 .bss.__malloc_current_mallinfo
                0x20000e48       0x28 C:/PROGRA~2/Arm GNU Toolchain arm-none-eabi/14.2 rel1/bin/../lib/gcc/arm-none-eabi/14.2.1/thumb/v7-m/nofp\libg.a(libc_a-mallocr.o)
                0x20000e48                __malloc_current_mallinfo
 .bss.__malloc_max_total_mem
                0x20000e70        0x4 C:/PROGRA~2/Arm GNU Toolchain arm-none-eabi/14.2 rel1/bin/../lib/gcc/arm-none-eabi/14.2.1/thumb/v7-m/nofp\libg.a(libc_a-mallocr.o)
                0x20000e70                __malloc_max_total_mem
 .bss.__malloc_max_sbrked_mem
                0x20000e74        0x4 C:/PROGRA~2/Arm GNU Toolchain arm-none-eabi/14.2 rel1/bin/../lib/gcc/arm-none-eabi/14.2.1/thumb/v7-m/nofp\libg.a(libc_a-mallocr.o)
                0x20000e74                __malloc_max_sbrked_mem
 .bss.__malloc_top_pad
                0x20000e78        0x4 C:/PROGRA~2/Arm GNU Toolchain arm-none-eabi/14.2 rel1/bin/../lib/gcc/arm-none-eabi/14.2.1/thumb/v7-m/nofp\libg.a(libc_a-mallocr.o)
                0x20000e78                __malloc_top_pad
 .bss.__atexit0
                0x20000e7c      0x190 C:/PROGRA~2/Arm GNU Toolchain arm-none-eabi/14.2 rel1/bin/../lib/gcc/arm-none-eabi/14.2.1/thumb/v7-m/nofp\libg.a(libc_a-__atexit.o)
                0x20000e7c                __atexit0
 *(COMMON)
                0x2000100c                        . = ALIGN (0x4)
                0x2000100c                        _ebss = .
                0x2000100c                        __bss_end__ = _ebss

._user_heap_stack
                0x2000100c      0x604 load address 0x0800ba9c
                0x20001010                        . = ALIGN (0x8)
 *fill*         0x2000100c        0x4 
                [!provide]                        PROVIDE (end = .)
                0x20001010                        PROVIDE (_end = .)
                0x20001210                        . = (. + _Min_Heap_Size)
 *fill*         0x20001010      0x200 
                0x20001610                        . = (. + _Min_Stack_Size)
 *fill*         0x20001210      0x400 
                0x20001610                        . = ALIGN (0x8)

/DISCARD/
 libc.a(*)
 libm.a(*)
 libgcc.a(*)

.ARM.attributes
                0x00000000       0x29
 *(.ARM.attributes)
 .ARM.attributes
                0x00000000       0x1d C:/PROGRA~2/Arm GNU Toolchain arm-none-eabi/14.2 rel1/bin/../lib/gcc/arm-none-eabi/14.2.1/thumb/v7-m/nofp/crti.o
 .ARM.attributes
                0x0000001d       0x2d C:/PROGRA~2/Arm GNU Toolchain arm-none-eabi/14.2 rel1/bin/../lib/gcc/arm-none-eabi/14.2.1/thumb/v7-m/nofp/crtbegin.o
 .ARM.attributes
                0x0000004a       0x2d CMakeFiles/ds.elf.dir/Core/Src/font.c.obj
 .ARM.attributes
                0x00000077       0x2d CMakeFiles/ds.elf.dir/Core/Src/gpio.c.obj
 .ARM.attributes
                0x000000a4       0x2d CMakeFiles/ds.elf.dir/Core/Src/i2c.c.obj
 .ARM.attributes
                0x000000d1       0x2d CMakeFiles/ds.elf.dir/Core/Src/main.c.obj
 .ARM.attributes
                0x000000fe       0x2d CMakeFiles/ds.elf.dir/Core/Src/oled.c.obj
 .ARM.attributes
                0x0000012b       0x2d CMakeFiles/ds.elf.dir/Core/Src/stm32f1xx_hal_msp.c.obj
 .ARM.attributes
                0x00000158       0x2d CMakeFiles/ds.elf.dir/Core/Src/stm32f1xx_it.c.obj
 .ARM.attributes
                0x00000185       0x2d CMakeFiles/ds.elf.dir/Core/Src/syscalls.c.obj
 .ARM.attributes
                0x000001b2       0x2d CMakeFiles/ds.elf.dir/Core/Src/sysmem.c.obj
 .ARM.attributes
                0x000001df       0x2d CMakeFiles/ds.elf.dir/Core/Src/system_stm32f1xx.c.obj
 .ARM.attributes
                0x0000020c       0x2d CMakeFiles/ds.elf.dir/Core/Src/tim.c.obj
 .ARM.attributes
                0x00000239       0x2d CMakeFiles/ds.elf.dir/Core/Src/usart.c.obj
 .ARM.attributes
                0x00000266       0x21 CMakeFiles/ds.elf.dir/Core/Startup/startup_stm32f103c8tx.s.obj
 .ARM.attributes
                0x00000287       0x2d CMakeFiles/ds.elf.dir/Drivers/STM32F1xx_HAL_Driver/Src/stm32f1xx_hal.c.obj
 .ARM.attributes
                0x000002b4       0x2d CMakeFiles/ds.elf.dir/Drivers/STM32F1xx_HAL_Driver/Src/stm32f1xx_hal_cortex.c.obj
 .ARM.attributes
                0x000002e1       0x2d CMakeFiles/ds.elf.dir/Drivers/STM32F1xx_HAL_Driver/Src/stm32f1xx_hal_dma.c.obj
 .ARM.attributes
                0x0000030e       0x2d CMakeFiles/ds.elf.dir/Drivers/STM32F1xx_HAL_Driver/Src/stm32f1xx_hal_gpio.c.obj
 .ARM.attributes
                0x0000033b       0x2d CMakeFiles/ds.elf.dir/Drivers/STM32F1xx_HAL_Driver/Src/stm32f1xx_hal_i2c.c.obj
 .ARM.attributes
                0x00000368       0x2d CMakeFiles/ds.elf.dir/Drivers/STM32F1xx_HAL_Driver/Src/stm32f1xx_hal_rcc.c.obj
 .ARM.attributes
                0x00000395       0x2d CMakeFiles/ds.elf.dir/Drivers/STM32F1xx_HAL_Driver/Src/stm32f1xx_hal_tim.c.obj
 .ARM.attributes
                0x000003c2       0x2d CMakeFiles/ds.elf.dir/Drivers/STM32F1xx_HAL_Driver/Src/stm32f1xx_hal_tim_ex.c.obj
 .ARM.attributes
                0x000003ef       0x2d CMakeFiles/ds.elf.dir/Drivers/STM32F1xx_HAL_Driver/Src/stm32f1xx_hal_uart.c.obj
 .ARM.attributes
                0x0000041c       0x1d C:/PROGRA~2/Arm GNU Toolchain arm-none-eabi/14.2 rel1/bin/../lib/gcc/arm-none-eabi/14.2.1/thumb/v7-m/nofp\libgcc.a(_arm_addsubdf3.o)
 .ARM.attributes
                0x00000439       0x1d C:/PROGRA~2/Arm GNU Toolchain arm-none-eabi/14.2 rel1/bin/../lib/gcc/arm-none-eabi/14.2.1/thumb/v7-m/nofp\libgcc.a(_arm_fixdfsi.o)
 .ARM.attributes
                0x00000456       0x1d C:/PROGRA~2/Arm GNU Toolchain arm-none-eabi/14.2 rel1/bin/../lib/gcc/arm-none-eabi/14.2.1/thumb/v7-m/nofp\libgcc.a(_arm_truncdfsf2.o)
 .ARM.attributes
                0x00000473       0x2d C:/PROGRA~2/Arm GNU Toolchain arm-none-eabi/14.2 rel1/bin/../lib/gcc/arm-none-eabi/14.2.1/thumb/v7-m/nofp\libg.a(libc_a-findfp.o)
 .ARM.attributes
                0x000004a0       0x2d C:/PROGRA~2/Arm GNU Toolchain arm-none-eabi/14.2 rel1/bin/../lib/gcc/arm-none-eabi/14.2.1/thumb/v7-m/nofp\libg.a(libc_a-fwalk.o)
 .ARM.attributes
                0x000004cd       0x2d C:/PROGRA~2/Arm GNU Toolchain arm-none-eabi/14.2 rel1/bin/../lib/gcc/arm-none-eabi/14.2.1/thumb/v7-m/nofp\libg.a(libc_a-sprintf.o)
 .ARM.attributes
                0x000004fa       0x2d C:/PROGRA~2/Arm GNU Toolchain arm-none-eabi/14.2 rel1/bin/../lib/gcc/arm-none-eabi/14.2.1/thumb/v7-m/nofp\libg.a(libc_a-stdio.o)
 .ARM.attributes
                0x00000527       0x2d C:/PROGRA~2/Arm GNU Toolchain arm-none-eabi/14.2 rel1/bin/../lib/gcc/arm-none-eabi/14.2.1/thumb/v7-m/nofp\libg.a(libc_a-memcmp.o)
 .ARM.attributes
                0x00000554       0x2d C:/PROGRA~2/Arm GNU Toolchain arm-none-eabi/14.2 rel1/bin/../lib/gcc/arm-none-eabi/14.2.1/thumb/v7-m/nofp\libg.a(libc_a-memset.o)
 .ARM.attributes
                0x00000581       0x2d C:/PROGRA~2/Arm GNU Toolchain arm-none-eabi/14.2 rel1/bin/../lib/gcc/arm-none-eabi/14.2.1/thumb/v7-m/nofp\libg.a(libc_a-closer.o)
 .ARM.attributes
                0x000005ae       0x2d C:/PROGRA~2/Arm GNU Toolchain arm-none-eabi/14.2 rel1/bin/../lib/gcc/arm-none-eabi/14.2.1/thumb/v7-m/nofp\libg.a(libc_a-reent.o)
 .ARM.attributes
                0x000005db       0x2d C:/PROGRA~2/Arm GNU Toolchain arm-none-eabi/14.2 rel1/bin/../lib/gcc/arm-none-eabi/14.2.1/thumb/v7-m/nofp\libg.a(libc_a-impure.o)
 .ARM.attributes
                0x00000608       0x2d C:/PROGRA~2/Arm GNU Toolchain arm-none-eabi/14.2 rel1/bin/../lib/gcc/arm-none-eabi/14.2.1/thumb/v7-m/nofp\libg.a(libc_a-lseekr.o)
 .ARM.attributes
                0x00000635       0x2d C:/PROGRA~2/Arm GNU Toolchain arm-none-eabi/14.2 rel1/bin/../lib/gcc/arm-none-eabi/14.2.1/thumb/v7-m/nofp\libg.a(libc_a-readr.o)
 .ARM.attributes
                0x00000662       0x2d C:/PROGRA~2/Arm GNU Toolchain arm-none-eabi/14.2 rel1/bin/../lib/gcc/arm-none-eabi/14.2.1/thumb/v7-m/nofp\libg.a(libc_a-writer.o)
 .ARM.attributes
                0x0000068f       0x2d C:/PROGRA~2/Arm GNU Toolchain arm-none-eabi/14.2 rel1/bin/../lib/gcc/arm-none-eabi/14.2.1/thumb/v7-m/nofp\libg.a(libc_a-errno.o)
 .ARM.attributes
                0x000006bc       0x2d C:/PROGRA~2/Arm GNU Toolchain arm-none-eabi/14.2 rel1/bin/../lib/gcc/arm-none-eabi/14.2.1/thumb/v7-m/nofp\libg.a(libc_a-init.o)
 .ARM.attributes
                0x000006e9       0x2d C:/PROGRA~2/Arm GNU Toolchain arm-none-eabi/14.2 rel1/bin/../lib/gcc/arm-none-eabi/14.2.1/thumb/v7-m/nofp\libg.a(libc_a-lock.o)
 .ARM.attributes
                0x00000716       0x1b C:/PROGRA~2/Arm GNU Toolchain arm-none-eabi/14.2 rel1/bin/../lib/gcc/arm-none-eabi/14.2.1/thumb/v7-m/nofp\libg.a(libc_a-memcpy.o)
 .ARM.attributes
                0x00000731       0x2d C:/PROGRA~2/Arm GNU Toolchain arm-none-eabi/14.2 rel1/bin/../lib/gcc/arm-none-eabi/14.2.1/thumb/v7-m/nofp\libg.a(libc_a-strlen-stub.o)
 .ARM.attributes
                0x0000075e       0x2d C:/PROGRA~2/Arm GNU Toolchain arm-none-eabi/14.2 rel1/bin/../lib/gcc/arm-none-eabi/14.2.1/thumb/v7-m/nofp\libg.a(libc_a-__call_atexit.o)
 .ARM.attributes
                0x0000078b       0x2d C:/PROGRA~2/Arm GNU Toolchain arm-none-eabi/14.2 rel1/bin/../lib/gcc/arm-none-eabi/14.2.1/thumb/v7-m/nofp\libg.a(libc_a-atexit.o)
 .ARM.attributes
                0x000007b8       0x2d C:/PROGRA~2/Arm GNU Toolchain arm-none-eabi/14.2 rel1/bin/../lib/gcc/arm-none-eabi/14.2.1/thumb/v7-m/nofp\libg.a(libc_a-freer.o)
 .ARM.attributes
                0x000007e5       0x2d C:/PROGRA~2/Arm GNU Toolchain arm-none-eabi/14.2 rel1/bin/../lib/gcc/arm-none-eabi/14.2.1/thumb/v7-m/nofp\libg.a(libc_a-mallocr.o)
 .ARM.attributes
                0x00000812       0x2d C:/PROGRA~2/Arm GNU Toolchain arm-none-eabi/14.2 rel1/bin/../lib/gcc/arm-none-eabi/14.2.1/thumb/v7-m/nofp\libg.a(libc_a-mlock.o)
 .ARM.attributes
                0x0000083f       0x2d C:/PROGRA~2/Arm GNU Toolchain arm-none-eabi/14.2 rel1/bin/../lib/gcc/arm-none-eabi/14.2.1/thumb/v7-m/nofp\libg.a(libc_a-svfprintf.o)
 .ARM.attributes
                0x0000086c       0x2d C:/PROGRA~2/Arm GNU Toolchain arm-none-eabi/14.2 rel1/bin/../lib/gcc/arm-none-eabi/14.2.1/thumb/v7-m/nofp\libg.a(libc_a-ssprint_r.o)
 .ARM.attributes
                0x00000899       0x2d C:/PROGRA~2/Arm GNU Toolchain arm-none-eabi/14.2 rel1/bin/../lib/gcc/arm-none-eabi/14.2.1/thumb/v7-m/nofp\libg.a(libc_a-fclose.o)
 .ARM.attributes
                0x000008c6       0x2d C:/PROGRA~2/Arm GNU Toolchain arm-none-eabi/14.2 rel1/bin/../lib/gcc/arm-none-eabi/14.2.1/thumb/v7-m/nofp\libg.a(libc_a-fflush.o)
 .ARM.attributes
                0x000008f3       0x2d C:/PROGRA~2/Arm GNU Toolchain arm-none-eabi/14.2 rel1/bin/../lib/gcc/arm-none-eabi/14.2.1/thumb/v7-m/nofp\libg.a(libc_a-strncpy.o)
 .ARM.attributes
                0x00000920       0x2d C:/PROGRA~2/Arm GNU Toolchain arm-none-eabi/14.2 rel1/bin/../lib/gcc/arm-none-eabi/14.2.1/thumb/v7-m/nofp\libg.a(libc_a-locale.o)
 .ARM.attributes
                0x0000094d       0x2d C:/PROGRA~2/Arm GNU Toolchain arm-none-eabi/14.2 rel1/bin/../lib/gcc/arm-none-eabi/14.2.1/thumb/v7-m/nofp\libg.a(libc_a-localeconv.o)
 .ARM.attributes
                0x0000097a       0x2d C:/PROGRA~2/Arm GNU Toolchain arm-none-eabi/14.2 rel1/bin/../lib/gcc/arm-none-eabi/14.2.1/thumb/v7-m/nofp\libg.a(libc_a-sbrkr.o)
 .ARM.attributes
                0x000009a7       0x2d C:/PROGRA~2/Arm GNU Toolchain arm-none-eabi/14.2 rel1/bin/../lib/gcc/arm-none-eabi/14.2.1/thumb/v7-m/nofp\libg.a(libc_a-fini.o)
 .ARM.attributes
                0x000009d4       0x2d C:/PROGRA~2/Arm GNU Toolchain arm-none-eabi/14.2 rel1/bin/../lib/gcc/arm-none-eabi/14.2.1/thumb/v7-m/nofp\libg.a(libc_a-sysconf.o)
 .ARM.attributes
                0x00000a01       0x2d C:/PROGRA~2/Arm GNU Toolchain arm-none-eabi/14.2 rel1/bin/../lib/gcc/arm-none-eabi/14.2.1/thumb/v7-m/nofp\libg.a(libc_a-memchr-stub.o)
 .ARM.attributes
                0x00000a2e       0x2d C:/PROGRA~2/Arm GNU Toolchain arm-none-eabi/14.2 rel1/bin/../lib/gcc/arm-none-eabi/14.2.1/thumb/v7-m/nofp\libg.a(libm_a-s_frexp.o)
 .ARM.attributes
                0x00000a5b       0x2d C:/PROGRA~2/Arm GNU Toolchain arm-none-eabi/14.2 rel1/bin/../lib/gcc/arm-none-eabi/14.2.1/thumb/v7-m/nofp\libg.a(libc_a-__atexit.o)
 .ARM.attributes
                0x00000a88       0x2d C:/PROGRA~2/Arm GNU Toolchain arm-none-eabi/14.2 rel1/bin/../lib/gcc/arm-none-eabi/14.2.1/thumb/v7-m/nofp\libg.a(libc_a-dtoa.o)
 .ARM.attributes
                0x00000ab5       0x2d C:/PROGRA~2/Arm GNU Toolchain arm-none-eabi/14.2 rel1/bin/../lib/gcc/arm-none-eabi/14.2.1/thumb/v7-m/nofp\libg.a(libc_a-mbtowc_r.o)
 .ARM.attributes
                0x00000ae2       0x2d C:/PROGRA~2/Arm GNU Toolchain arm-none-eabi/14.2 rel1/bin/../lib/gcc/arm-none-eabi/14.2.1/thumb/v7-m/nofp\libg.a(libc_a-mprec.o)
 .ARM.attributes
                0x00000b0f       0x2d C:/PROGRA~2/Arm GNU Toolchain arm-none-eabi/14.2 rel1/bin/../lib/gcc/arm-none-eabi/14.2.1/thumb/v7-m/nofp\libg.a(libc_a-wctomb_r.o)
 .ARM.attributes
                0x00000b3c       0x2d C:/PROGRA~2/Arm GNU Toolchain arm-none-eabi/14.2 rel1/bin/../lib/gcc/arm-none-eabi/14.2.1/thumb/v7-m/nofp\libg.a(libc_a-wcrtomb.o)
 .ARM.attributes
                0x00000b69       0x2d C:/PROGRA~2/Arm GNU Toolchain arm-none-eabi/14.2 rel1/bin/../lib/gcc/arm-none-eabi/14.2.1/thumb/v7-m/nofp\libg.a(libc_a-wcsrtombs.o)
 .ARM.attributes
                0x00000b96       0x2d C:/PROGRA~2/Arm GNU Toolchain arm-none-eabi/14.2 rel1/bin/../lib/gcc/arm-none-eabi/14.2.1/thumb/v7-m/nofp\libg.a(libc_a-ctype_.o)
 .ARM.attributes
                0x00000bc3       0x2d C:/PROGRA~2/Arm GNU Toolchain arm-none-eabi/14.2 rel1/bin/../lib/gcc/arm-none-eabi/14.2.1/thumb/v7-m/nofp\libg.a(libc_a-ssputs_r.o)
 .ARM.attributes
                0x00000bf0       0x2d C:/PROGRA~2/Arm GNU Toolchain arm-none-eabi/14.2 rel1/bin/../lib/gcc/arm-none-eabi/14.2.1/thumb/v7-m/nofp\libg.a(libc_a-memmove.o)
 .ARM.attributes
                0x00000c1d       0x2d C:/PROGRA~2/Arm GNU Toolchain arm-none-eabi/14.2 rel1/bin/../lib/gcc/arm-none-eabi/14.2.1/thumb/v7-m/nofp\libg.a(libc_a-assert.o)
 .ARM.attributes
                0x00000c4a       0x2d C:/PROGRA~2/Arm GNU Toolchain arm-none-eabi/14.2 rel1/bin/../lib/gcc/arm-none-eabi/14.2.1/thumb/v7-m/nofp\libg.a(libc_a-callocr.o)
 .ARM.attributes
                0x00000c77       0x2d C:/PROGRA~2/Arm GNU Toolchain arm-none-eabi/14.2 rel1/bin/../lib/gcc/arm-none-eabi/14.2.1/thumb/v7-m/nofp\libg.a(libc_a-reallocr.o)
 .ARM.attributes
                0x00000ca4       0x2d C:/PROGRA~2/Arm GNU Toolchain arm-none-eabi/14.2 rel1/bin/../lib/gcc/arm-none-eabi/14.2.1/thumb/v7-m/nofp\libg.a(libc_a-wcsnrtombs.o)
 .ARM.attributes
                0x00000cd1       0x2d C:/PROGRA~2/Arm GNU Toolchain arm-none-eabi/14.2 rel1/bin/../lib/gcc/arm-none-eabi/14.2.1/thumb/v7-m/nofp\libg.a(libc_a-fiprintf.o)
 .ARM.attributes
                0x00000cfe       0x2d C:/PROGRA~2/Arm GNU Toolchain arm-none-eabi/14.2 rel1/bin/../lib/gcc/arm-none-eabi/14.2.1/thumb/v7-m/nofp\libg.a(libc_a-vfiprintf.o)
 .ARM.attributes
                0x00000d2b       0x2d C:/PROGRA~2/Arm GNU Toolchain arm-none-eabi/14.2 rel1/bin/../lib/gcc/arm-none-eabi/14.2.1/thumb/v7-m/nofp\libg.a(libc_a-sprint_r.o)
 .ARM.attributes
                0x00000d58       0x2d C:/PROGRA~2/Arm GNU Toolchain arm-none-eabi/14.2 rel1/bin/../lib/gcc/arm-none-eabi/14.2.1/thumb/v7-m/nofp\libg.a(libc_a-fvwrite.o)
 .ARM.attributes
                0x00000d85       0x2d C:/PROGRA~2/Arm GNU Toolchain arm-none-eabi/14.2 rel1/bin/../lib/gcc/arm-none-eabi/14.2.1/thumb/v7-m/nofp\libg.a(libc_a-wsetup.o)
 .ARM.attributes
                0x00000db2       0x2d C:/PROGRA~2/Arm GNU Toolchain arm-none-eabi/14.2 rel1/bin/../lib/gcc/arm-none-eabi/14.2.1/thumb/v7-m/nofp\libg.a(libc_a-abort.o)
 .ARM.attributes
                0x00000ddf       0x2d C:/PROGRA~2/Arm GNU Toolchain arm-none-eabi/14.2 rel1/bin/../lib/gcc/arm-none-eabi/14.2.1/thumb/v7-m/nofp\libg.a(libc_a-makebuf.o)
 .ARM.attributes
                0x00000e0c       0x2d C:/PROGRA~2/Arm GNU Toolchain arm-none-eabi/14.2 rel1/bin/../lib/gcc/arm-none-eabi/14.2.1/thumb/v7-m/nofp\libg.a(libc_a-signal.o)
 .ARM.attributes
                0x00000e39       0x2d C:/PROGRA~2/Arm GNU Toolchain arm-none-eabi/14.2 rel1/bin/../lib/gcc/arm-none-eabi/14.2.1/thumb/v7-m/nofp\libg.a(libc_a-fstatr.o)
 .ARM.attributes
                0x00000e66       0x2d C:/PROGRA~2/Arm GNU Toolchain arm-none-eabi/14.2 rel1/bin/../lib/gcc/arm-none-eabi/14.2.1/thumb/v7-m/nofp\libg.a(libc_a-isattyr.o)
 .ARM.attributes
                0x00000e93       0x2d C:/PROGRA~2/Arm GNU Toolchain arm-none-eabi/14.2 rel1/bin/../lib/gcc/arm-none-eabi/14.2.1/thumb/v7-m/nofp\libg.a(libc_a-signalr.o)
 .ARM.attributes
                0x00000ec0       0x1d C:/PROGRA~2/Arm GNU Toolchain arm-none-eabi/14.2 rel1/bin/../lib/gcc/arm-none-eabi/14.2.1/thumb/v7-m/nofp\libgcc.a(_arm_muldivdf3.o)
 .ARM.attributes
                0x00000edd       0x1d C:/PROGRA~2/Arm GNU Toolchain arm-none-eabi/14.2 rel1/bin/../lib/gcc/arm-none-eabi/14.2.1/thumb/v7-m/nofp\libgcc.a(_arm_cmpdf2.o)
 .ARM.attributes
                0x00000efa       0x1d C:/PROGRA~2/Arm GNU Toolchain arm-none-eabi/14.2 rel1/bin/../lib/gcc/arm-none-eabi/14.2.1/thumb/v7-m/nofp\libgcc.a(_arm_unorddf2.o)
 .ARM.attributes
                0x00000f17       0x2d C:/PROGRA~2/Arm GNU Toolchain arm-none-eabi/14.2 rel1/bin/../lib/gcc/arm-none-eabi/14.2.1/thumb/v7-m/nofp/crtend.o
 .ARM.attributes
                0x00000f44       0x1d C:/PROGRA~2/Arm GNU Toolchain arm-none-eabi/14.2 rel1/bin/../lib/gcc/arm-none-eabi/14.2.1/thumb/v7-m/nofp/crtn.o
OUTPUT(ds.elf elf32-littlearm)
LOAD linker stubs
LOAD C:/PROGRA~2/Arm GNU Toolchain arm-none-eabi/14.2 rel1/bin/../lib/gcc/arm-none-eabi/14.2.1/thumb/v7-m/nofp\libc.a
LOAD C:/PROGRA~2/Arm GNU Toolchain arm-none-eabi/14.2 rel1/bin/../lib/gcc/arm-none-eabi/14.2.1/thumb/v7-m/nofp\libm.a
LOAD C:/PROGRA~2/Arm GNU Toolchain arm-none-eabi/14.2 rel1/bin/../lib/gcc/arm-none-eabi/14.2.1/thumb/v7-m/nofp\libgcc.a

.debug_info     0x00000000    0x16aa3
 .debug_info    0x00000000      0x347 CMakeFiles/ds.elf.dir/Core/Src/font.c.obj
 .debug_info    0x00000347      0x328 CMakeFiles/ds.elf.dir/Core/Src/gpio.c.obj
 .debug_info    0x0000066f      0x8f5 CMakeFiles/ds.elf.dir/Core/Src/i2c.c.obj
 .debug_info    0x00000f64     0x1141 CMakeFiles/ds.elf.dir/Core/Src/main.c.obj
 .debug_info    0x000020a5     0x2107 CMakeFiles/ds.elf.dir/Core/Src/oled.c.obj
 .debug_info    0x000041ac      0x1f4 CMakeFiles/ds.elf.dir/Core/Src/stm32f1xx_hal_msp.c.obj
 .debug_info    0x000043a0      0x972 CMakeFiles/ds.elf.dir/Core/Src/stm32f1xx_it.c.obj
 .debug_info    0x00004d12      0x789 CMakeFiles/ds.elf.dir/Core/Src/syscalls.c.obj
 .debug_info    0x0000549b      0x171 CMakeFiles/ds.elf.dir/Core/Src/sysmem.c.obj
 .debug_info    0x0000560c      0x22d CMakeFiles/ds.elf.dir/Core/Src/system_stm32f1xx.c.obj
 .debug_info    0x00005839      0xce0 CMakeFiles/ds.elf.dir/Core/Src/tim.c.obj
 .debug_info    0x00006519      0x9e5 CMakeFiles/ds.elf.dir/Core/Src/usart.c.obj
 .debug_info    0x00006efe       0x30 CMakeFiles/ds.elf.dir/Core/Startup/startup_stm32f103c8tx.s.obj
 .debug_info    0x00006f2e      0x7a2 CMakeFiles/ds.elf.dir/Drivers/STM32F1xx_HAL_Driver/Src/stm32f1xx_hal.c.obj
 .debug_info    0x000076d0      0xcd9 CMakeFiles/ds.elf.dir/Drivers/STM32F1xx_HAL_Driver/Src/stm32f1xx_hal_cortex.c.obj
 .debug_info    0x000083a9      0x7f2 CMakeFiles/ds.elf.dir/Drivers/STM32F1xx_HAL_Driver/Src/stm32f1xx_hal_dma.c.obj
 .debug_info    0x00008b9b      0x604 CMakeFiles/ds.elf.dir/Drivers/STM32F1xx_HAL_Driver/Src/stm32f1xx_hal_gpio.c.obj
 .debug_info    0x0000919f     0x390b CMakeFiles/ds.elf.dir/Drivers/STM32F1xx_HAL_Driver/Src/stm32f1xx_hal_i2c.c.obj
 .debug_info    0x0000caaa      0x9c7 CMakeFiles/ds.elf.dir/Drivers/STM32F1xx_HAL_Driver/Src/stm32f1xx_hal_rcc.c.obj
 .debug_info    0x0000d471     0x3c0f CMakeFiles/ds.elf.dir/Drivers/STM32F1xx_HAL_Driver/Src/stm32f1xx_hal_tim.c.obj
 .debug_info    0x00011080     0x1a9e CMakeFiles/ds.elf.dir/Drivers/STM32F1xx_HAL_Driver/Src/stm32f1xx_hal_tim_ex.c.obj
 .debug_info    0x00012b1e     0x3f85 CMakeFiles/ds.elf.dir/Drivers/STM32F1xx_HAL_Driver/Src/stm32f1xx_hal_uart.c.obj

.debug_abbrev   0x00000000     0x2cda
 .debug_abbrev  0x00000000       0xf7 CMakeFiles/ds.elf.dir/Core/Src/font.c.obj
 .debug_abbrev  0x000000f7      0x151 CMakeFiles/ds.elf.dir/Core/Src/gpio.c.obj
 .debug_abbrev  0x00000248      0x221 CMakeFiles/ds.elf.dir/Core/Src/i2c.c.obj
 .debug_abbrev  0x00000469      0x2c6 CMakeFiles/ds.elf.dir/Core/Src/main.c.obj
 .debug_abbrev  0x0000072f      0x359 CMakeFiles/ds.elf.dir/Core/Src/oled.c.obj
 .debug_abbrev  0x00000a88       0xed CMakeFiles/ds.elf.dir/Core/Src/stm32f1xx_hal_msp.c.obj
 .debug_abbrev  0x00000b75      0x1a4 CMakeFiles/ds.elf.dir/Core/Src/stm32f1xx_it.c.obj
 .debug_abbrev  0x00000d19      0x1c1 CMakeFiles/ds.elf.dir/Core/Src/syscalls.c.obj
 .debug_abbrev  0x00000eda       0xea CMakeFiles/ds.elf.dir/Core/Src/sysmem.c.obj
 .debug_abbrev  0x00000fc4      0x143 CMakeFiles/ds.elf.dir/Core/Src/system_stm32f1xx.c.obj
 .debug_abbrev  0x00001107      0x25f CMakeFiles/ds.elf.dir/Core/Src/tim.c.obj
 .debug_abbrev  0x00001366      0x223 CMakeFiles/ds.elf.dir/Core/Src/usart.c.obj
 .debug_abbrev  0x00001589       0x24 CMakeFiles/ds.elf.dir/Core/Startup/startup_stm32f103c8tx.s.obj
 .debug_abbrev  0x000015ad      0x22d CMakeFiles/ds.elf.dir/Drivers/STM32F1xx_HAL_Driver/Src/stm32f1xx_hal.c.obj
 .debug_abbrev  0x000017da      0x36d CMakeFiles/ds.elf.dir/Drivers/STM32F1xx_HAL_Driver/Src/stm32f1xx_hal_cortex.c.obj
 .debug_abbrev  0x00001b47      0x244 CMakeFiles/ds.elf.dir/Drivers/STM32F1xx_HAL_Driver/Src/stm32f1xx_hal_dma.c.obj
 .debug_abbrev  0x00001d8b      0x1f7 CMakeFiles/ds.elf.dir/Drivers/STM32F1xx_HAL_Driver/Src/stm32f1xx_hal_gpio.c.obj
 .debug_abbrev  0x00001f82      0x2be CMakeFiles/ds.elf.dir/Drivers/STM32F1xx_HAL_Driver/Src/stm32f1xx_hal_i2c.c.obj
 .debug_abbrev  0x00002240      0x2a0 CMakeFiles/ds.elf.dir/Drivers/STM32F1xx_HAL_Driver/Src/stm32f1xx_hal_rcc.c.obj
 .debug_abbrev  0x000024e0      0x270 CMakeFiles/ds.elf.dir/Drivers/STM32F1xx_HAL_Driver/Src/stm32f1xx_hal_tim.c.obj
 .debug_abbrev  0x00002750      0x26e CMakeFiles/ds.elf.dir/Drivers/STM32F1xx_HAL_Driver/Src/stm32f1xx_hal_tim_ex.c.obj
 .debug_abbrev  0x000029be      0x31c CMakeFiles/ds.elf.dir/Drivers/STM32F1xx_HAL_Driver/Src/stm32f1xx_hal_uart.c.obj

.debug_aranges  0x00000000     0x1090
 .debug_aranges
                0x00000000       0x18 CMakeFiles/ds.elf.dir/Core/Src/font.c.obj
 .debug_aranges
                0x00000018       0x20 CMakeFiles/ds.elf.dir/Core/Src/gpio.c.obj
 .debug_aranges
                0x00000038       0x30 CMakeFiles/ds.elf.dir/Core/Src/i2c.c.obj
 .debug_aranges
                0x00000068       0x40 CMakeFiles/ds.elf.dir/Core/Src/main.c.obj
 .debug_aranges
                0x000000a8       0xf0 CMakeFiles/ds.elf.dir/Core/Src/oled.c.obj
 .debug_aranges
                0x00000198       0x20 CMakeFiles/ds.elf.dir/Core/Src/stm32f1xx_hal_msp.c.obj
 .debug_aranges
                0x000001b8       0x70 CMakeFiles/ds.elf.dir/Core/Src/stm32f1xx_it.c.obj
 .debug_aranges
                0x00000228       0xa8 CMakeFiles/ds.elf.dir/Core/Src/syscalls.c.obj
 .debug_aranges
                0x000002d0       0x20 CMakeFiles/ds.elf.dir/Core/Src/sysmem.c.obj
 .debug_aranges
                0x000002f0       0x28 CMakeFiles/ds.elf.dir/Core/Src/system_stm32f1xx.c.obj
 .debug_aranges
                0x00000318       0x30 CMakeFiles/ds.elf.dir/Core/Src/tim.c.obj
 .debug_aranges
                0x00000348       0x30 CMakeFiles/ds.elf.dir/Core/Src/usart.c.obj
 .debug_aranges
                0x00000378       0x28 CMakeFiles/ds.elf.dir/Core/Startup/startup_stm32f103c8tx.s.obj
 .debug_aranges
                0x000003a0       0xe0 CMakeFiles/ds.elf.dir/Drivers/STM32F1xx_HAL_Driver/Src/stm32f1xx_hal.c.obj
 .debug_aranges
                0x00000480       0xc0 CMakeFiles/ds.elf.dir/Drivers/STM32F1xx_HAL_Driver/Src/stm32f1xx_hal_cortex.c.obj
 .debug_aranges
                0x00000540       0x80 CMakeFiles/ds.elf.dir/Drivers/STM32F1xx_HAL_Driver/Src/stm32f1xx_hal_dma.c.obj
 .debug_aranges
                0x000005c0       0x58 CMakeFiles/ds.elf.dir/Drivers/STM32F1xx_HAL_Driver/Src/stm32f1xx_hal_gpio.c.obj
 .debug_aranges
                0x00000618      0x2a8 CMakeFiles/ds.elf.dir/Drivers/STM32F1xx_HAL_Driver/Src/stm32f1xx_hal_i2c.c.obj
 .debug_aranges
                0x000008c0       0x90 CMakeFiles/ds.elf.dir/Drivers/STM32F1xx_HAL_Driver/Src/stm32f1xx_hal_rcc.c.obj
 .debug_aranges
                0x00000950      0x3d0 CMakeFiles/ds.elf.dir/Drivers/STM32F1xx_HAL_Driver/Src/stm32f1xx_hal_tim.c.obj
 .debug_aranges
                0x00000d20      0x168 CMakeFiles/ds.elf.dir/Drivers/STM32F1xx_HAL_Driver/Src/stm32f1xx_hal_tim_ex.c.obj
 .debug_aranges
                0x00000e88      0x208 CMakeFiles/ds.elf.dir/Drivers/STM32F1xx_HAL_Driver/Src/stm32f1xx_hal_uart.c.obj

.debug_line     0x00000000    0x141cd
 .debug_line    0x00000000      0x130 CMakeFiles/ds.elf.dir/Core/Src/font.c.obj
 .debug_line    0x00000130      0x21a CMakeFiles/ds.elf.dir/Core/Src/gpio.c.obj
 .debug_line    0x0000034a      0x327 CMakeFiles/ds.elf.dir/Core/Src/i2c.c.obj
 .debug_line    0x00000671      0x547 CMakeFiles/ds.elf.dir/Core/Src/main.c.obj
 .debug_line    0x00000bb8      0xd77 CMakeFiles/ds.elf.dir/Core/Src/oled.c.obj
 .debug_line    0x0000192f      0x18f CMakeFiles/ds.elf.dir/Core/Src/stm32f1xx_hal_msp.c.obj
 .debug_line    0x00001abe      0x308 CMakeFiles/ds.elf.dir/Core/Src/stm32f1xx_it.c.obj
 .debug_line    0x00001dc6      0x3f6 CMakeFiles/ds.elf.dir/Core/Src/syscalls.c.obj
 .debug_line    0x000021bc      0x1e3 CMakeFiles/ds.elf.dir/Core/Src/sysmem.c.obj
 .debug_line    0x0000239f      0x257 CMakeFiles/ds.elf.dir/Core/Src/system_stm32f1xx.c.obj
 .debug_line    0x000025f6      0x3e5 CMakeFiles/ds.elf.dir/Core/Src/tim.c.obj
 .debug_line    0x000029db      0x350 CMakeFiles/ds.elf.dir/Core/Src/usart.c.obj
 .debug_line    0x00002d2b       0x78 CMakeFiles/ds.elf.dir/Core/Startup/startup_stm32f103c8tx.s.obj
 .debug_line    0x00002da3      0x568 CMakeFiles/ds.elf.dir/Drivers/STM32F1xx_HAL_Driver/Src/stm32f1xx_hal.c.obj
 .debug_line    0x0000330b      0x6cd CMakeFiles/ds.elf.dir/Drivers/STM32F1xx_HAL_Driver/Src/stm32f1xx_hal_cortex.c.obj
 .debug_line    0x000039d8      0xb04 CMakeFiles/ds.elf.dir/Drivers/STM32F1xx_HAL_Driver/Src/stm32f1xx_hal_dma.c.obj